Component: Arm Compiler for Embedded 6.21 Tool: armlink [5ec1fa00]

==============================================================================

Section Cross References

    main.o(.text) refers (Special) to _printf_percent.o(.ARM.Collect$$_printf_percent$$00000000) for _printf_percent
    main.o(.text) refers (Special) to _printf_pad.o(.text) for _printf_pre_padding
    main.o(.text) refers (Special) to _printf_truncate.o(.text) for _printf_truncate_unsigned
    main.o(.text) refers (Special) to _printf_c.o(.ARM.Collect$$_printf_percent$$00000013) for _printf_c
    main.o(.text) refers (Special) to _printf_x.o(.ARM.Collect$$_printf_percent$$0000000C) for _printf_x
    main.o(.text) refers (Special) to _printf_o.o(.ARM.Collect$$_printf_percent$$0000000B) for _printf_o
    main.o(.text) refers (Special) to _printf_i.o(.ARM.Collect$$_printf_percent$$00000008) for _printf_i
    main.o(.text) refers (Special) to _printf_d.o(.ARM.Collect$$_printf_percent$$00000009) for _printf_d
    main.o(.text) refers (Special) to _printf_u.o(.ARM.Collect$$_printf_percent$$0000000A) for _printf_u
    main.o(.text) refers (Special) to _printf_f.o(.ARM.Collect$$_printf_percent$$00000003) for _printf_f
    main.o(.text) refers (Special) to _printf_lc.o(.ARM.Collect$$_printf_percent$$00000015) for _printf_lc
    main.o(.text) refers (Special) to _printf_dec.o(.text) for _printf_int_dec
    main.o(.text) refers (Special) to _printf_oct_int.o(.text) for _printf_longlong_oct
    main.o(.text) refers (Special) to _printf_hex_int.o(.text) for _printf_longlong_hex
    main.o(.text) refers (Special) to printf1.o(x$fpl$printf1) for _printf_fp_dec
    main.o(.text) refers (Special) to _printf_str.o(.text) for _printf_str
    main.o(.text) refers (Special) to _printf_wctomb.o(.text) for _printf_wctomb
    main.o(.text.main) refers (Special) to _printf_percent.o(.ARM.Collect$$_printf_percent$$00000000) for _printf_percent
    main.o(.text.main) refers (Special) to _printf_pad.o(.text) for _printf_pre_padding
    main.o(.text.main) refers (Special) to _printf_truncate.o(.text) for _printf_truncate_unsigned
    main.o(.text.main) refers (Special) to _printf_c.o(.ARM.Collect$$_printf_percent$$00000013) for _printf_c
    main.o(.text.main) refers (Special) to _printf_x.o(.ARM.Collect$$_printf_percent$$0000000C) for _printf_x
    main.o(.text.main) refers (Special) to _printf_o.o(.ARM.Collect$$_printf_percent$$0000000B) for _printf_o
    main.o(.text.main) refers (Special) to _printf_i.o(.ARM.Collect$$_printf_percent$$00000008) for _printf_i
    main.o(.text.main) refers (Special) to _printf_d.o(.ARM.Collect$$_printf_percent$$00000009) for _printf_d
    main.o(.text.main) refers (Special) to _printf_u.o(.ARM.Collect$$_printf_percent$$0000000A) for _printf_u
    main.o(.text.main) refers (Special) to _printf_f.o(.ARM.Collect$$_printf_percent$$00000003) for _printf_f
    main.o(.text.main) refers (Special) to _printf_lc.o(.ARM.Collect$$_printf_percent$$00000015) for _printf_lc
    main.o(.text.main) refers (Special) to _printf_dec.o(.text) for _printf_int_dec
    main.o(.text.main) refers (Special) to _printf_oct_int.o(.text) for _printf_longlong_oct
    main.o(.text.main) refers (Special) to _printf_hex_int.o(.text) for _printf_longlong_hex
    main.o(.text.main) refers (Special) to printf1.o(x$fpl$printf1) for _printf_fp_dec
    main.o(.text.main) refers (Special) to _printf_str.o(.text) for _printf_str
    main.o(.text.main) refers (Special) to _printf_wctomb.o(.text) for _printf_wctomb
    main.o(.text.main) refers to lora.o(.text.newLora) for newLora
    main.o(.text.main) refers to main.o(.bss.myLoRa) for myLoRa
    main.o(.text.main) refers to lcd_hehe.o(.text.lcd_init) for lcd_init
    main.o(.text.main) refers to lora.o(.text.LoRa_init) for LoRa_init
    main.o(.text.main) refers to lcd_hehe.o(.text.lcd_goto_xy) for lcd_goto_xy
    main.o(.text.main) refers to lcd_hehe.o(.text.lcd_display) for lcd_display
    main.o(.text.main) refers to systick_delay.o(.text.delay_ms) for delay_ms
    main.o(.text.main) refers to adc_nam.o(.text.adc_init) for adc_init
    main.o(.text.main) refers to pwm.o(.text.pwm_init) for pwm_init
    main.o(.text.main) refers to pwm.o(.text.pwm_setFrequency) for pwm_setFrequency
    main.o(.text.main) refers to pwm.o(.text.pwm_setDutyCycle) for pwm_setDutyCycle
    main.o(.text.main) refers to pwm.o(.text.pwm_ctl) for pwm_ctl
    main.o(.text.main) refers to lcd_hehe.o(.text.clear_lcd) for clear_lcd
    main.o(.text.main) refers to lora.o(.text.LoRa_startReceiving) for LoRa_startReceiving
    main.o(.text.main) refers to wdt_nam.o(.text.watchdog_init) for watchdog_init
    main.o(.text.main) refers to main.o(.bss.myNode) for myNode
    main.o(.text.main) refers to main.o(.bss.curTime) for curTime
    main.o(.text.main) refers to main.o(.bss.rx_sig) for rx_sig
    main.o(.text.main) refers to main.o(.bss.recv_data) for recv_data
    main.o(.text.main) refers to adc_nam.o(.text.read_adc) for read_adc
[...]
    ../clib/printf.c                         0x00000000   Number         0  _printf_hex_ll_ptr.o ABSOLUTE
    ../clib/printf.c                         0x00000000   Number         0  _printf_hex_int_ll_ptr.o ABSOLUTE
    ../clib/printf.c                         0x00000000   Number         0  __printf_flags.o ABSOLUTE
    ../clib/printf.c                         0x00000000   Number         0  __printf_ss.o ABSOLUTE
    ../clib/printf.c                         0x00000000   Number         0  __printf_flags_ss.o ABSOLUTE
    ../clib/printf.c                         0x00000000   Number         0  __printf_wp.o ABSOLUTE
    ../clib/printf.c                         0x00000000   Number         0  __printf_flags_wp.o ABSOLUTE
    ../clib/printf.c                         0x00000000   Number         0  __printf_ss_wp.o ABSOLUTE
    ../clib/printf.c                         0x00000000   Number         0  __printf_flags_ss_wp.o ABSOLUTE
    ../clib/printf.c                         0x00000000   Number         0  _printf_intcommon.o ABSOLUTE
    ../clib/printf.c                         0x00000000   Number         0  _printf_fp_dec.o ABSOLUTE
    ../clib/printf.c                         0x00000000   Number         0  _printf_fp_dec_accurate.o ABSOLUTE
    ../clib/printf.c                         0x00000000   Number         0  _printf_char_common.o ABSOLUTE
    ../clib/printf.c                         0x00000000   Number         0  _sputc.o ABSOLUTE
    ../clib/printf.c                         0x00000000   Number         0  _printf_char.o ABSOLUTE
    ../clib/printf.c                         0x00000000   Number         0  _printf_wchar.o ABSOLUTE
    ../clib/printf.c                         0x00000000   Number         0  _printf_fp_infnan.o ABSOLUTE
    ../clib/printf.c                         0x00000000   Number         0  __printf_nopercent.o ABSOLUTE
    ../clib/printf_percent.s                 0x00000000   Number         0  _printf_c.o ABSOLUTE
    ../clib/printf_percent.s                 0x00000000   Number         0  _printf_x.o ABSOLUTE
    ../clib/printf_percent.s                 0x00000000   Number         0  _printf_o.o ABSOLUTE
    ../clib/printf_percent.s                 0x00000000   Number         0  _printf_i.o ABSOLUTE
    ../clib/printf_percent.s                 0x00000000   Number         0  _printf_d.o ABSOLUTE
    ../clib/printf_percent.s                 0x00000000   Number         0  _printf_u.o ABSOLUTE
    ../clib/printf_percent.s                 0x00000000   Number         0  _printf_f.o ABSOLUTE
    ../clib/printf_percent.s                 0x00000000   Number         0  _printf_percent.o ABSOLUTE
    ../clib/printf_percent.s                 0x00000000   Number         0  _printf_lc.o ABSOLUTE
    ../clib/printf_percent.s                 0x00000000   Number         0  _printf_percent_end.o ABSOLUTE
    ../clib/printf_percent.s                 0x00000000   Number         0  _printf_l.o ABSOLUTE
    ../clib/scanf.c                          0x00000000   Number         0  __0sscanf.o ABSOLUTE
    ../clib/scanf.c                          0x00000000   Number         0  _scanf_int.o ABSOLUTE
    ../clib/scanf.c                          0x00000000   Number         0  _chval.o ABSOLUTE
    ../clib/scanf.c                          0x00000000   Number         0  scanf_char.o ABSOLUTE
    ../clib/scanf.c                          0x00000000   Number         0  _sgetc.o ABSOLUTE
    ../clib/scanf.c                          0x00000000   Number         0  _scanf.o ABSOLUTE
    ../clib/signal.c                         0x00000000   Number         0  defsig_rtmem_outer.o ABSOLUTE
    ../clib/signal.c                         0x00000000   Number         0  defsig_rtmem_formal.o ABSOLUTE
    ../clib/signal.c                         0x00000000   Number         0  defsig_exit.o ABSOLUTE
    ../clib/signal.c                         0x00000000   Number         0  defsig_rtmem_inner.o ABSOLUTE
    ../clib/signal.c                         0x00000000   Number         0  __raise.o ABSOLUTE
    ../clib/signal.c                         0x00000000   Number         0  defsig_general.o ABSOLUTE
    ../clib/signal.c                         0x00000000   Number         0  defsig_abrt_inner.o ABSOLUTE
    ../clib/signal.c                         0x00000000   Number         0  defsig_fpe_inner.o ABSOLUTE
    ../clib/signal.c                         0x00000000   Number         0  defsig_rtred_inner.o ABSOLUTE
    ../clib/signal.c                         0x00000000   Number         0  defsig_stak_inner.o ABSOLUTE
    ../clib/signal.c                         0x00000000   Number         0  defsig_pvfn_inner.o ABSOLUTE
    ../clib/signal.c                         0x00000000   Number         0  defsig_cppl_inner.o ABSOLUTE
    ../clib/signal.c                         0x00000000   Number         0  defsig_segv_inner.o ABSOLUTE
    ../clib/signal.c                         0x00000000   Number         0  defsig_other.o ABSOLUTE
    ../clib/signal.s                         0x00000000   Number         0  defsig.o ABSOLUTE
    ../clib/stdlib.c                         0x00000000   Number         0  exit.o ABSOLUTE
    ../clib/string.c                         0x00000000   Number         0  strlen.o ABSOLUTE
    ../fplib/dretinf.s                       0x00000000   Number         0  dretinf.o ABSOLUTE
    ../fplib/f2d.s                           0x00000000   Number         0  f2d.o ABSOLUTE
    ../fplib/fnaninf.s                       0x00000000   Number         0  fnaninf.o ABSOLUTE
    ../fplib/fpinit.s                        0x00000000   Number         0  fpinit.o ABSOLUTE
    ../fplib/fpinit_empty.s                  0x00000000   Number         0  fpinit_empty.o ABSOLUTE
    ../fplib/istatus.s                       0x00000000   Number         0  istatus.o ABSOLUTE
    ../fplib/printf1.s                       0x00000000   Number         0  printf1.o ABSOLUTE
    ../fplib/usenofp.s                       0x00000000   Number         0  usenofp.o ABSOLUTE
    ../mathlib/fpclassify.c                  0x00000000   Number         0  fpclassify.o ABSOLUTE
    RTE/Device/STM32F103C8/startup_stm32f10x_md.s 0x00000000   Number         0  startup_stm32f10x_md.o ABSOLUTE
    adc_nam.c                                0x00000000   Number         0  adc_nam.o ABSOLUTE
    dc.s                                     0x00000000   Number         0  dc.o ABSOLUTE
    lcd_hehe.c                               0x00000000   Number         0  lcd_hehe.o ABSOLUTE
    lora.c                                   0x00000000   Number         0  lora.o ABSOLUTE
    main.c                                   0x00000000   Number         0  main.o ABSOLUTE
    mesh_nam.c                               0x00000000   Number         0  mesh_nam.o ABSOLUTE
    pwm.c                                    0x00000000   Number         0  pwm.o ABSOLUTE
    spi_driver.c                             0x00000000   Number         0  spi_driver.o ABSOLUTE
    system_stm32f10x.c                       0x00000000   Number         0  system_stm32f10x.o ABSOLUTE
    systick_delay.c                          0x00000000   Number         0  systick_delay.o ABSOLUTE
    wdt_nam.c                                0x00000000   Number         0  wdt_nam.o ABSOLUTE
    RESET                                    0x08000000   Section      236  startup_stm32f10x_md.o(RESET)
    !!!main                                  0x080000ec   Section        8  __main.o(!!!main)
    !!!scatter                               0x080000f4   Section       92  __scatter.o(!!!scatter)
    !!handler_copy                           0x08000150   Section       26  __scatter_copy.o(!!handler_copy)
    !!handler_null                           0x0800016c   Section        2  __scatter.o(!!handler_null)
    !!handler_zi                             0x08000170   Section       28  __scatter_zi.o(!!handler_zi)
    .ARM.Collect$$_printf_percent$$00000000  0x0800018c   Section        0  _printf_percent.o(.ARM.Collect$$_printf_percent$$00000000)
    .ARM.Collect$$_printf_percent$$00000003  0x0800018c   Section        6  _printf_f.o(.ARM.Collect$$_printf_percent$$00000003)
    .ARM.Collect$$_printf_percent$$00000008  0x08000192   Section        6  _printf_i.o(.ARM.Collect$$_printf_percent$$00000008)
    .ARM.Collect$$_printf_percent$$00000009  0x08000198   Section        6  _printf_d.o(.ARM.Collect$$_printf_percent$$00000009)
    .ARM.Collect$$_printf_percent$$0000000A  0x0800019e   Section        6  _printf_u.o(.ARM.Collect$$_printf_percent$$0000000A)
    .ARM.Collect$$_printf_percent$$0000000B  0x080001a4   Section        6  _printf_o.o(.ARM.Collect$$_printf_percent$$0000000B)
    .ARM.Collect$$_printf_percent$$0000000C  0x080001aa   Section        6  _printf_x.o(.ARM.Collect$$_printf_percent$$0000000C)
    .ARM.Collect$$_printf_percent$$00000012  0x080001b0   Section       10  _printf_l.o(.ARM.Collect$$_printf_percent$$00000012)
    .ARM.Collect$$_printf_percent$$00000013  0x080001ba   Section        6  _printf_c.o(.ARM.Collect$$_printf_percent$$00000013)
    .ARM.Collect$$_printf_percent$$00000015  0x080001c0   Section        6  _printf_lc.o(.ARM.Collect$$_printf_percent$$00000015)
    .ARM.Collect$$_printf_percent$$00000017  0x080001c6   Section        4  _printf_percent_end.o(.ARM.Collect$$_printf_percent$$00000017)
    .ARM.Collect$$libinit$$00000000          0x080001ca   Section        2  libinit.o(.ARM.Collect$$libinit$$00000000)
    .ARM.Collect$$libinit$$00000002          0x080001cc   Section        0  libinit2.o(.ARM.Collect$$libinit$$00000002)
    .ARM.Collect$$libinit$$00000004          0x080001cc   Section        0  libinit2.o(.ARM.Collect$$libinit$$00000004)
    .ARM.Collect$$libinit$$00000006          0x080001cc   Section        0  libinit2.o(.ARM.Collect$$libinit$$00000006)
    .ARM.Collect$$libinit$$00000007          0x080001cc   Section        8  libinit2.o(.ARM.Collect$$libinit$$00000007)
    .ARM.Collect$$libinit$$0000000C          0x080001d4   Section        0  libinit2.o(.ARM.Collect$$libinit$$0000000C)
    .ARM.Collect$$libinit$$0000000E          0x080001d4   Section        0  libinit2.o(.ARM.Collect$$libinit$$0000000E)
    .ARM.Collect$$libinit$$00000010          0x080001d4   Section        0  libinit2.o(.ARM.Collect$$libinit$$00000010)
    .ARM.Collect$$libinit$$00000011          0x080001d4   Section        6  libinit2.o(.ARM.Collect$$libinit$$00000011)
    .ARM.Collect$$libinit$$00000013          0x080001da   Section        0  libinit2.o(.ARM.Collect$$libinit$$00000013)
    .ARM.Collect$$libinit$$00000014          0x080001da   Section       12  libinit2.o(.ARM.Collect$$libinit$$00000014)
    .ARM.Collect$$libinit$$00000015          0x080001e6   Section        0  libinit2.o(.ARM.Collect$$libinit$$00000015)
    .ARM.Collect$$libinit$$00000017          0x080001e6   Section        0  libinit2.o(.ARM.Collect$$libinit$$00000017)
    .ARM.Collect$$libinit$$00000018          0x080001e6   Section       10  libinit2.o(.ARM.Collect$$libinit$$00000018)
    .ARM.Collect$$libinit$$00000019          0x080001f0   Section        0  libinit2.o(.ARM.Collect$$libinit$$00000019)
    .ARM.Collect$$libinit$$0000001B          0x080001f0   Section        0  libinit2.o(.ARM.Collect$$libinit$$0000001B)
    .ARM.Collect$$libinit$$0000001D          0x080001f0   Section        0  libinit2.o(.ARM.Collect$$libinit$$0000001D)
    .ARM.Collect$$libinit$$0000001F          0x080001f0   Section        0  libinit2.o(.ARM.Collect$$libinit$$0000001F)
    .ARM.Collect$$libinit$$00000021          0x080001f0   Section        0  libinit2.o(.ARM.Collect$$libinit$$00000021)
    .ARM.Collect$$libinit$$00000023          0x080001f0   Section        0  libinit2.o(.ARM.Collect$$libinit$$00000023)
    .ARM.Collect$$libinit$$00000025          0x080001f0   Section        0  libinit2.o(.ARM.Collect$$libinit$$00000025)
    .ARM.Collect$$libinit$$00000027          0x080001f0   Section        0  libinit2.o(.ARM.Collect$$libinit$$00000027)
    .ARM.Collect$$libinit$$0000002E          0x080001f0   Section        0  libinit2.o(.ARM.Collect$$libinit$$0000002E)
    .ARM.Collect$$libinit$$00000030          0x080001f0   Section        0  libinit2.o(.ARM.Collect$$libinit$$00000030)
    .ARM.Collect$$libinit$$00000032          0x080001f0   Section        0  libinit2.o(.ARM.Collect$$libinit$$00000032)
    .ARM.Collect$$libinit$$00000034          0x080001f0   Section        0  libinit2.o(.ARM.Collect$$libinit$$00000034)
    .ARM.Collect$$libinit$$00000035          0x080001f0   Section        2  libinit2.o(.ARM.Collect$$libinit$$00000035)
    .ARM.Collect$$libshutdown$$00000000      0x080001f2   Section        2  libshutdown.o(.ARM.Collect$$libshutdown$$00000000)
    .ARM.Collect$$libshutdown$$00000002      0x080001f4   Section        0  libshutdown2.o(.ARM.Collect$$libshutdown$$00000002)
    .ARM.Collect$$libshutdown$$00000004      0x080001f4   Section        0  libshutdown2.o(.ARM.Collect$$libshutdown$$00000004)
    .ARM.Collect$$libshutdown$$00000007      0x080001f4   Section        0  libshutdown2.o(.ARM.Collect$$libshutdown$$00000007)
    .ARM.Collect$$libshutdown$$0000000A      0x080001f4   Section        0  libshutdown2.o(.ARM.Collect$$libshutdown$$0000000A)
    .ARM.Collect$$libshutdown$$0000000C      0x080001f4   Section        0  libshutdown2.o(.ARM.Collect$$libshutdown$$0000000C)
    .ARM.Collect$$libshutdown$$0000000F      0x080001f4   Section        0  libshutdown2.o(.ARM.Collect$$libshutdown$$0000000F)
    .ARM.Collect$$libshutdown$$00000010      0x080001f4   Section        2  libshutdown2.o(.ARM.Collect$$libshutdown$$00000010)
    .ARM.Collect$$rtentry$$00000000          0x080001f6   Section        0  __rtentry.o(.ARM.Collect$$rtentry$$00000000)
    .ARM.Collect$$rtentry$$00000002          0x080001f6   Section        0  __rtentry2.o(.ARM.Collect$$rtentry$$00000002)
    .ARM.Collect$$rtentry$$00000004          0x080001f6   Section        6  __rtentry4.o(.ARM.Collect$$rtentry$$00000004)
    .ARM.Collect$$rtentry$$00000009          0x080001fc   Section        0  __rtentry2.o(.ARM.Collect$$rtentry$$00000009)
    .ARM.Collect$$rtentry$$0000000A          0x080001fc   Section        4  __rtentry2.o(.ARM.Collect$$rtentry$$0000000A)
    .ARM.Collect$$rtentry$$0000000C          0x08000200   Section        0  __rtentry2.o(.ARM.Collect$$rtentry$$0000000C)
    .ARM.Collect$$rtentry$$0000000D          0x08000200   Section        8  __rtentry2.o(.ARM.Collect$$rtentry$$0000000D)
    .ARM.Collect$$rtexit$$00000000           0x08000208   Section        2  rtexit.o(.ARM.Collect$$rtexit$$00000000)
    .ARM.Collect$$rtexit$$00000002           0x0800020a   Section        0  rtexit2.o(.ARM.Collect$$rtexit$$00000002)
    .ARM.Collect$$rtexit$$00000003           0x0800020a   Section        4  rtexit2.o(.ARM.Collect$$rtexit$$00000003)
    .ARM.Collect$$rtexit$$00000004           0x0800020e   Section        6  rtexit2.o(.ARM.Collect$$rtexit$$00000004)
    .text                                    0x08000214   Section       64  startup_stm32f10x_md.o(.text)
    .text                                    0x08000254   Section        0  calloc.o(.text)
    .text                                    0x0800027c   Section        0  h1_free.o(.text)
    .text                                    0x080002cc   Section        0  noretval__2sprintf.o(.text)
    .text                                    0x080002f4   Section        0  _printf_pad.o(.text)
    .text                                    0x08000342   Section        0  _printf_truncate.o(.text)
    .text                                    0x08000366   Section        0  _printf_str.o(.text)
    .text                                    0x080003b8   Section        0  _printf_dec.o(.text)
    .text                                    0x08000430   Section        0  _printf_wctomb.o(.text)
    .text                                    0x080004ec   Section        0  _printf_oct_int.o(.text)
    .text                                    0x08000540   Section        0  _printf_hex_int.o(.text)
    .text                                    0x08000598   Section        0  __printf_flags_ss_wp.o(.text)
    .text                                    0x08000720   Section        0  __0sscanf.o(.text)
    .text                                    0x0800075c   Section        0  _scanf_int.o(.text)
    .text                                    0x080008a8   Section        0  strlen.o(.text)
    .text                                    0x080008e6   Section      138  rt_memcpy_v6.o(.text)
    .text                                    0x08000970   Section       68  rt_memclr.o(.text)
    .text                                    0x080009b4   Section       78  rt_memclr_w.o(.text)
    .text                                    0x08000a02   Section       86  strncpy.o(.text)
    .text                                    0x08000a58   Section        0  heapauxi.o(.text)
    .text                                    0x08000a60   Section        8  rt_heap_descriptor_intlibspace.o(.text)
    .text                                    0x08000a68   Section        0  hguard.o(.text)
    .text                                    0x08000a6c   Section        0  init_alloc.o(.text)
    .text                                    0x08000af6   Section        0  h1_alloc.o(.text)
    .text                                    0x08000b54   Section        0  _printf_intcommon.o(.text)
    _fp_digits                               0x08000c07   Thumb Code   432  _printf_fp_dec.o(.text)
    .text                                    0x08000c06   Section        0  _printf_fp_dec.o(.text)
    _printf_input_char                       0x08001025   Thumb Code    10  _printf_char_common.o(.text)
    .text                                    0x08001024   Section        0  _printf_char_common.o(.text)
    .text                                    0x08001054   Section        0  _sputc.o(.text)
    .text                                    0x0800105e   Section        0  _printf_char.o(.text)
    .text                                    0x0800108a   Section        0  _printf_wchar.o(.text)
    .text                                    0x080010b6   Section        0  _chval.o(.text)
    _scanf_char_input                        0x080010d5   Thumb Code    12  scanf_char.o(.text)
    .text                                    0x080010d4   Section        0  scanf_char.o(.text)
    .text                                    0x08001100   Section        0  _sgetc.o(.text)
    .text                                    0x08001140   Section        0  _c16rtomb.o(.text)
    .text                                    0x08001188   Section      100  rt_memcpy_w.o(.text)
    .text                                    0x080011ec   Section        8  libspace.o(.text)
    .text                                    0x080011f4   Section       16  rt_ctype_table.o(.text)
    .text                                    0x08001204   Section        8  rt_locale_intlibspace.o(.text)
    .text                                    0x0800120c   Section        0  maybetermalloc1.o(.text)
    .text                                    0x0800120c   Section        0  h1_init.o(.text)
    .text                                    0x08001218   Section        0  h1_extend.o(.text)
    .text                                    0x0800124c   Section      138  lludiv10.o(.text)
    .text                                    0x080012d6   Section        0  isspace.o(.text)
    .text                                    0x080012e8   Section        0  _printf_fp_infnan.o(.text)
    .text                                    0x08001368   Section        0  _scanf.o(.text)
    .text                                    0x080016dc   Section        0  bigflt0.o(.text)
    .text                                    0x080017c0   Section        0  defsig_rtmem_outer.o(.text)
    .text                                    0x080017ce   Section       74  sys_stackheap_outer.o(.text)
    .text                                    0x08001818   Section        0  exit.o(.text)
    .text                                    0x0800182a   Section        0  defsig_exit.o(.text)
    .text                                    0x08001834   Section        0  defsig_rtmem_inner.o(.text)
    .text                                    0x08001884   Section      128  strcmpv7m.o(.text)
    .text                                    0x08001904   Section        0  sys_exit.o(.text)
    .text                                    0x08001910   Section        2  use_no_semi.o(.text)
    .text                                    0x08001912   Section        0  indicate_semi.o(.text)
    .text                                    0x08001912   Section        0  defsig_general.o(.text)
    .text                                    0x08001944   Section        0  sys_wrch.o(.text)
    [Anonymous Symbol]                       0x08001954   Section        0  main.o(.text.EXTI2_IRQHandler)
    LoRa_gotoMode                            0x08001975   Thumb Code   142  lora.o(.text.LoRa_gotoMode)
    [Anonymous Symbol]                       0x08001974   Section        0  lora.o(.text.LoRa_gotoMode)
    [Anonymous Symbol]                       0x08001a04   Section        0  lora.o(.text.LoRa_init)
    [Anonymous Symbol]                       0x08001f1c   Section        0  lora.o(.text.LoRa_receive)
    [Anonymous Symbol]                       0x080020e0   Section        0  lora.o(.text.LoRa_startReceiving)
    [Anonymous Symbol]                       0x08002140   Section        0  lora.o(.text.LoRa_transmit)
    [Anonymous Symbol]                       0x08002304   Section        0  systick_delay.o(.text.SysTick_Handler)
    [Anonymous Symbol]                       0x08002314   Section        0  system_stm32f10x.o(.text.SystemInit)
    [Anonymous Symbol]                       0x08002424   Section        0  adc_nam.o(.text.adc_init)
    [Anonymous Symbol]                       0x0800249c   Section        0  lcd_hehe.o(.text.clear_lcd)
    [Anonymous Symbol]                       0x080024b0   Section        0  systick_delay.o(.text.delay_ms)
    [Anonymous Symbol]                       0x08002514   Section        0  systick_delay.o(.text.delay_us)
    [Anonymous Symbol]                       0x0800255c   Section        0  mesh_nam.o(.text.handler_rx_data)
    [Anonymous Symbol]                       0x08002b54   Section        0  lcd_hehe.o(.text.lcd_display)
    [Anonymous Symbol]                       0x08002b78   Section        0  lcd_hehe.o(.text.lcd_goto_xy)
    [Anonymous Symbol]                       0x08002ba0   Section        0  lcd_hehe.o(.text.lcd_init)
    [Anonymous Symbol]                       0x08002c80   Section        0  main.o(.text.main)
    [Anonymous Symbol]                       0x08002f28   Section        0  lora.o(.text.newLora)
    [Anonymous Symbol]                       0x08002f44   Section        0  wdt_nam.o(.text.ping_to_wdt)
    [Anonymous Symbol]                       0x08002f64   Section        0  pwm.o(.text.pwm_ctl)
    [Anonymous Symbol]                       0x08002f7c   Section        0  pwm.o(.text.pwm_init)
    [Anonymous Symbol]                       0x08002ff0   Section        0  pwm.o(.text.pwm_setDutyCycle)
    [Anonymous Symbol]                       0x08003010   Section        0  pwm.o(.text.pwm_setFrequency)
    [Anonymous Symbol]                       0x08003028   Section        0  adc_nam.o(.text.read_adc)
    send_to_lcd                              0x08003105   Thumb Code   330  lcd_hehe.o(.text.send_to_lcd)
    [Anonymous Symbol]                       0x08003104   Section        0  lcd_hehe.o(.text.send_to_lcd)
    [Anonymous Symbol]                       0x08003250   Section        0  spi_driver.o(.text.spi_master_init)
    [Anonymous Symbol]                       0x08003338   Section        0  spi_driver.o(.text.spi_receive)
    [Anonymous Symbol]                       0x08003354   Section        0  spi_driver.o(.text.spi_send_buffer_soft)
    [Anonymous Symbol]                       0x08003394   Section        0  spi_driver.o(.text.spi_send_data)
    [Anonymous Symbol]                       0x080033ac   Section        0  wdt_nam.o(.text.watchdog_init)
    CL$$btod_d2e                             0x080033e8   Section       62  btod.o(CL$$btod_d2e)
    CL$$btod_d2e_denorm_low                  0x08003426   Section       70  btod.o(CL$$btod_d2e_denorm_low)
    CL$$btod_d2e_norm_op1                    0x0800346c   Section       96  btod.o(CL$$btod_d2e_norm_op1)
    CL$$btod_div_common                      0x080034cc   Section      824  btod.o(CL$$btod_div_common)
    CL$$btod_e2e                             0x08003804   Section      220  btod.o(CL$$btod_e2e)
    CL$$btod_ediv                            0x080038e0   Section       42  btod.o(CL$$btod_ediv)
    CL$$btod_emul                            0x0800390a   Section       42  btod.o(CL$$btod_emul)
    CL$$btod_mult_common                     0x08003934   Section      580  btod.o(CL$$btod_mult_common)
    i.__ARM_fpclassify                       0x08003b78   Section        0  fpclassify.o(i.__ARM_fpclassify)
    i._is_digit                              0x08003ba0   Section        0  __printf_wp.o(i._is_digit)
    locale$$code                             0x08003bb0   Section       44  lc_numeric_c.o(locale$$code)
    locale$$code                             0x08003bdc   Section       44  lc_ctype_c.o(locale$$code)
    x$fpl$dretinf                            0x08003c08   Section       12  dretinf.o(x$fpl$dretinf)
    x$fpl$f2d                                0x08003c14   Section       86  f2d.o(x$fpl$f2d)
    x$fpl$fnaninf                            0x08003c6a   Section      140  fnaninf.o(x$fpl$fnaninf)
    x$fpl$printf1                            0x08003cf6   Section        4  printf1.o(x$fpl$printf1)
    x$fpl$usenofp                            0x08003cfa   Section        0  usenofp.o(x$fpl$usenofp)
    initial_mbstate                          0x08003cfc   Data           8  _printf_wctomb.o(.constdata)
    .constdata                               0x08003cfc   Section        8  _printf_wctomb.o(.constdata)
    uc_hextab                                0x08003d04   Data          20  _printf_hex_int.o(.constdata)
    .constdata                               0x08003d04   Section       40  _printf_hex_int.o(.constdata)
    lc_hextab                                0x08003d18   Data          20  _printf_hex_int.o(.constdata)
    maptable                                 0x08003d2c   Data          17  __printf_flags_ss_wp.o(.constdata)
    .constdata                               0x08003d2c   Section       17  __printf_flags_ss_wp.o(.constdata)
    tenpwrs_x                                0x08003d40   Data          60  bigflt0.o(.constdata)
    .constdata                               0x08003d40   Section      148  bigflt0.o(.constdata)
    tenpwrs_i                                0x08003d7c   Data          64  bigflt0.o(.constdata)
    locale$$data                             0x08003df8   Section       28  lc_numeric_c.o(locale$$data)
    __lcnum_c_name                           0x08003dfc   Data           2  lc_numeric_c.o(locale$$data)
    __lcnum_c_start                          0x08003e04   Data           0  lc_numeric_c.o(locale$$data)
    __lcnum_c_point                          0x08003e10   Data           0  lc_numeric_c.o(locale$$data)
    __lcnum_c_thousands                      0x08003e12   Data           0  lc_numeric_c.o(locale$$data)
    __lcnum_c_grouping                       0x08003e13   Data           0  lc_numeric_c.o(locale$$data)
    __lcnum_c_end                            0x08003e14   Data           0  lc_numeric_c.o(locale$$data)
    locale$$data                             0x08003e14   Section      272  lc_ctype_c.o(locale$$data)
    __lcctype_c_name                         0x08003e18   Data           2  lc_ctype_c.o(locale$$data)
    __lcctype_c_start                        0x08003e20   Data           0  lc_ctype_c.o(locale$$data)
    __lcctype_c_end                          0x08003f24   Data           0  lc_ctype_c.o(locale$$data)
    .bss                                     0x20000008   Section       96  libspace.o(.bss)
    my_lcd                                   0x20000098   Data           4  lcd_hehe.o(.bss.my_lcd)
    [Anonymous Symbol]                       0x20000098   Section        0  lcd_hehe.o(.bss.my_lcd)
    recv_data                                0x2000009c   Data          50  main.o(.bss.recv_data)
    [Anonymous Symbol]                       0x2000009c   Section        0  main.o(.bss.recv_data)
    rx_sig                                   0x200000d8   Data           1  main.o(.bss.rx_sig)
    [Anonymous Symbol]                       0x200000d8   Section        0  main.o(.bss.rx_sig)
    Heap_Mem                                 0x20000150   Data         512  startup_stm32f10x_md.o(HEAP)
    HEAP                                     0x20000150   Section      512  startup_stm32f10x_md.o(HEAP)
    Stack_Mem                                0x20000350   Data        1024  startup_stm32f10x_md.o(STACK)
    STACK                                    0x20000350   Section     1024  startup_stm32f10x_md.o(STACK)
    __initial_sp                             0x20000750   Data           0  startup_stm32f10x_md.o(STACK)

    Global Symbols

    Symbol Name                              Value     Ov Type        Size  Object(Section)

    BuildAttributes$$THM_ISAv4$P$D$K$B$S$PE$A:L22UL41UL21$X:L11$S22US41US21$IEEE1$IW$~IW$USESV6$~STKCKD$USESV7$~SHL$OTIME$ROPI$IEEEJ$EBA8$UX$STANDARDLIB$REQ8$PRES8$EABIv2 0x00000000   Number         0  anon$$obj.o ABSOLUTE
    __fp_init_empty                          0x00000000   Number         0  fpinit_empty.o ABSOLUTE
    _printf_flags                            0x00000000   Number         0  printf_stubs.o ABSOLUTE
    _printf_return_value                     0x00000000   Number         0  printf_stubs.o ABSOLUTE
    _printf_sizespec                         0x00000000   Number         0  printf_stubs.o ABSOLUTE
    _printf_widthprec                        0x00000000   Number         0  printf_stubs.o ABSOLUTE
    __ARM_exceptions_init                     - Undefined Weak Reference
    __alloca_initialize                       - Undefined Weak Reference
    __arm_preinit_                            - Undefined Weak Reference
    __arm_relocate_pie_                       - Undefined Weak Reference
    __cpp_initialize__aeabi_                  - Undefined Weak Reference
    __cxa_finalize                            - Undefined Weak Reference
    __sigvec_lookup                           - Undefined Weak Reference
    __user_heap_extent                        - Undefined Weak Reference
    _atexit_init                              - Undefined Weak Reference
    _call_atexit_fns                          - Undefined Weak Reference
    _clock_init                               - Undefined Weak Reference
    _fp_trap_init                             - Undefined Weak Reference
    _fp_trap_shutdown                         - Undefined Weak Reference
    _get_lc_collate                           - Undefined Weak Reference
    _get_lc_monetary                          - Undefined Weak Reference
    _get_lc_time                              - Undefined Weak Reference
    _getenv_init                              - Undefined Weak Reference
    _handle_redirection                       - Undefined Weak Reference
    _initio                                   - Undefined Weak Reference
    _mutex_acquire                            - Undefined Weak Reference
    _mutex_free                               - Undefined Weak Reference
    _mutex_release                            - Undefined Weak Reference
    _printf_mbtowc                            - Undefined Weak Reference
    _printf_wc                                - Undefined Weak Reference
    _rand_init                                - Undefined Weak Reference
    _scanf_longlong                           - Undefined Weak Reference
    _scanf_mbtowc                             - Undefined Weak Reference
    _scanf_real                               - Undefined Weak Reference
    _scanf_string                             - Undefined Weak Reference
    _scanf_wctomb                             - Undefined Weak Reference
    _scanf_wstring                            - Undefined Weak Reference
    _signal_finish                            - Undefined Weak Reference
    _signal_init                              - Undefined Weak Reference
    _terminateio                              - Undefined Weak Reference
    __Vectors_Size                           0x000000ec   Number         0  startup_stm32f10x_md.o ABSOLUTE
    __Vectors                                0x08000000   Data           4  startup_stm32f10x_md.o(RESET)
    __Vectors_End                            0x080000ec   Data           0  startup_stm32f10x_md.o(RESET)
    __main                                   0x080000ed   Thumb Code     8  __main.o(!!!main)
    __scatterload                            0x080000f5   Thumb Code     0  __scatter.o(!!!scatter)
    __scatterload_rt2                        0x080000f5   Thumb Code    84  __scatter.o(!!!scatter)
    __scatterload_rt2_thumb_only             0x080000f5   Thumb Code     0  __scatter.o(!!!scatter)
    __scatterload_loop                       0x080000ff   Thumb Code     0  __scatter.o(!!!scatter)
    __scatterload_copy                       0x08000151   Thumb Code    26  __scatter_copy.o(!!handler_copy)
    __scatterload_null                       0x0800016d   Thumb Code     2  __scatter.o(!!handler_null)
    __scatterload_zeroinit                   0x08000171   Thumb Code    28  __scatter_zi.o(!!handler_zi)
    _printf_f                                0x0800018d   Thumb Code     0  _printf_f.o(.ARM.Collect$$_printf_percent$$00000003)
    _printf_percent                          0x0800018d   Thumb Code     0  _printf_percent.o(.ARM.Collect$$_printf_percent$$00000000)
    _printf_i                                0x08000193   Thumb Code     0  _printf_i.o(.ARM.Collect$$_printf_percent$$00000008)
    _printf_d                                0x08000199   Thumb Code     0  _printf_d.o(.ARM.Collect$$_printf_percent$$00000009)
    _printf_u                                0x0800019f   Thumb Code     0  _printf_u.o(.ARM.Collect$$_printf_percent$$0000000A)
    _printf_o                                0x080001a5   Thumb Code     0  _printf_o.o(.ARM.Collect$$_printf_percent$$0000000B)
    _printf_x                                0x080001ab   Thumb Code     0  _printf_x.o(.ARM.Collect$$_printf_percent$$0000000C)
    _printf_l                                0x080001b1   Thumb Code     0  _printf_l.o(.ARM.Collect$$_printf_percent$$00000012)
    _printf_c                                0x080001bb   Thumb Code     0  _printf_c.o(.ARM.Collect$$_printf_percent$$00000013)
    _printf_lc                               0x080001c1   Thumb Code     0  _printf_lc.o(.ARM.Collect$$_printf_percent$$00000015)
    _printf_percent_end                      0x080001c7   Thumb Code     0  _printf_percent_end.o(.ARM.Collect$$_printf_percent$$00000017)
    __rt_lib_init                            0x080001cb   Thumb Code     0  libinit.o(.ARM.Collect$$libinit$$00000000)
    __rt_lib_init_fp_1                       0x080001cd   Thumb Code     0  libinit2.o(.ARM.Collect$$libinit$$00000002)
    __rt_lib_init_heap_2                     0x080001cd   Thumb Code     0  libinit2.o(.ARM.Collect$$libinit$$00000007)
    __rt_lib_init_preinit_1                  0x080001cd   Thumb Code     0  libinit2.o(.ARM.Collect$$libinit$$00000006)
    __rt_lib_init_relocate_pie_1             0x080001cd   Thumb Code     0  libinit2.o(.ARM.Collect$$libinit$$00000004)
    __rt_lib_init_heap_1                     0x080001d5   Thumb Code     0  libinit2.o(.ARM.Collect$$libinit$$0000000C)
    __rt_lib_init_lc_common                  0x080001d5   Thumb Code     0  libinit2.o(.ARM.Collect$$libinit$$00000011)
    __rt_lib_init_rand_1                     0x080001d5   Thumb Code     0  libinit2.o(.ARM.Collect$$libinit$$00000010)
    __rt_lib_init_user_alloc_1               0x080001d5   Thumb Code     0  libinit2.o(.ARM.Collect$$libinit$$0000000E)
    __rt_lib_init_lc_collate_1               0x080001db   Thumb Code     0  libinit2.o(.ARM.Collect$$libinit$$00000013)
    __rt_lib_init_lc_ctype_2                 0x080001db   Thumb Code     0  libinit2.o(.ARM.Collect$$libinit$$00000014)
    __rt_lib_init_lc_ctype_1                 0x080001e7   Thumb Code     0  libinit2.o(.ARM.Collect$$libinit$$00000015)
    __rt_lib_init_lc_monetary_1              0x080001e7   Thumb Code     0  libinit2.o(.ARM.Collect$$libinit$$00000017)
    __rt_lib_init_lc_numeric_2               0x080001e7   Thumb Code     0  libinit2.o(.ARM.Collect$$libinit$$00000018)
    __rt_lib_init_alloca_1                   0x080001f1   Thumb Code     0  libinit2.o(.ARM.Collect$$libinit$$00000030)
    __rt_lib_init_argv_1                     0x080001f1   Thumb Code     0  libinit2.o(.ARM.Collect$$libinit$$0000002E)
    __rt_lib_init_atexit_1                   0x080001f1   Thumb Code     0  libinit2.o(.ARM.Collect$$libinit$$0000001D)
    __rt_lib_init_clock_1                    0x080001f1   Thumb Code     0  libinit2.o(.ARM.Collect$$libinit$$00000023)
    __rt_lib_init_cpp_1                      0x080001f1   Thumb Code     0  libinit2.o(.ARM.Collect$$libinit$$00000034)
    __rt_lib_init_exceptions_1               0x080001f1   Thumb Code     0  libinit2.o(.ARM.Collect$$libinit$$00000032)
    __rt_lib_init_fp_trap_1                  0x080001f1   Thumb Code     0  libinit2.o(.ARM.Collect$$libinit$$00000021)
    __rt_lib_init_getenv_1                   0x080001f1   Thumb Code     0  libinit2.o(.ARM.Collect$$libinit$$00000025)
    __rt_lib_init_lc_numeric_1               0x080001f1   Thumb Code     0  libinit2.o(.ARM.Collect$$libinit$$00000019)
    __rt_lib_init_lc_time_1                  0x080001f1   Thumb Code     0  libinit2.o(.ARM.Collect$$libinit$$0000001B)
    __rt_lib_init_return                     0x080001f1   Thumb Code     0  libinit2.o(.ARM.Collect$$libinit$$00000035)
    __rt_lib_init_signal_1                   0x080001f1   Thumb Code     0  libinit2.o(.ARM.Collect$$libinit$$0000001F)
    __rt_lib_init_stdio_1                    0x080001f1   Thumb Code     0  libinit2.o(.ARM.Collect$$libinit$$00000027)
    __rt_lib_shutdown                        0x080001f3   Thumb Code     0  libshutdown.o(.ARM.Collect$$libshutdown$$00000000)
    __rt_lib_shutdown_cpp_1                  0x080001f5   Thumb Code     0  libshutdown2.o(.ARM.Collect$$libshutdown$$00000002)
    __rt_lib_shutdown_fp_trap_1              0x080001f5   Thumb Code     0  libshutdown2.o(.ARM.Collect$$libshutdown$$00000007)
    __rt_lib_shutdown_heap_1                 0x080001f5   Thumb Code     0  libshutdown2.o(.ARM.Collect$$libshutdown$$0000000F)
    __rt_lib_shutdown_return                 0x080001f5   Thumb Code     0  libshutdown2.o(.ARM.Collect$$libshutdown$$00000010)
    __rt_lib_shutdown_signal_1               0x080001f5   Thumb Code     0  libshutdown2.o(.ARM.Collect$$libshutdown$$0000000A)
    __rt_lib_shutdown_stdio_1                0x080001f5   Thumb Code     0  libshutdown2.o(.ARM.Collect$$libshutdown$$00000004)
    __rt_lib_shutdown_user_alloc_1           0x080001f5   Thumb Code     0  libshutdown2.o(.ARM.Collect$$libshutdown$$0000000C)
    __rt_entry                               0x080001f7   Thumb Code     0  __rtentry.o(.ARM.Collect$$rtentry$$00000000)
    __rt_entry_presh_1                       0x080001f7   Thumb Code     0  __rtentry2.o(.ARM.Collect$$rtentry$$00000002)
    __rt_entry_sh                            0x080001f7   Thumb Code     0  __rtentry4.o(.ARM.Collect$$rtentry$$00000004)
    __rt_entry_li                            0x080001fd   Thumb Code     0  __rtentry2.o(.ARM.Collect$$rtentry$$0000000A)
    __rt_entry_postsh_1                      0x080001fd   Thumb Code     0  __rtentry2.o(.ARM.Collect$$rtentry$$00000009)
    __rt_entry_main                          0x08000201   Thumb Code     0  __rtentry2.o(.ARM.Collect$$rtentry$$0000000D)
    __rt_entry_postli_1                      0x08000201   Thumb Code     0  __rtentry2.o(.ARM.Collect$$rtentry$$0000000C)
    __rt_exit                                0x08000209   Thumb Code     0  rtexit.o(.ARM.Collect$$rtexit$$00000000)
    __rt_exit_ls                             0x0800020b   Thumb Code     0  rtexit2.o(.ARM.Collect$$rtexit$$00000003)
    __rt_exit_prels_1                        0x0800020b   Thumb Code     0  rtexit2.o(.ARM.Collect$$rtexit$$00000002)
    __rt_exit_exit                           0x0800020f   Thumb Code     0  rtexit2.o(.ARM.Collect$$rtexit$$00000004)
    Reset_Handler                            0x08000215   Thumb Code     8  startup_stm32f10x_md.o(.text)
    NMI_Handler                              0x0800021d   Thumb Code     2  startup_stm32f10x_md.o(.text)
    HardFault_Handler                        0x0800021f   Thumb Code     2  startup_stm32f10x_md.o(.text)
    MemManage_Handler                        0x08000221   Thumb Code     2  startup_stm32f10x_md.o(.text)
    BusFault_Handler                         0x08000223   Thumb Code     2  startup_stm32f10x_md.o(.text)
    UsageFault_Handler                       0x08000225   Thumb Code     2  startup_stm32f10x_md.o(.text)
    SVC_Handler                              0x08000227   Thumb Code     2  startup_stm32f10x_md.o(.text)
    DebugMon_Handler                         0x08000229   Thumb Code     2  startup_stm32f10x_md.o(.text)
    PendSV_Handler                           0x0800022b   Thumb Code     2  startup_stm32f10x_md.o(.text)
    ADC1_2_IRQHandler                        0x0800022f   Thumb Code     0  startup_stm32f10x_md.o(.text)
    CAN1_RX1_IRQHandler                      0x0800022f   Thumb Code     0  startup_stm32f10x_md.o(.text)
    CAN1_SCE_IRQHandler                      0x0800022f   Thumb Code     0  startup_stm32f10x_md.o(.text)
    DMA1_Channel1_IRQHandler                 0x0800022f   Thumb Code     0  startup_stm32f10x_md.o(.text)
    DMA1_Channel2_IRQHandler                 0x0800022f   Thumb Code     0  startup_stm32f10x_md.o(.text)
    DMA1_Channel3_IRQHandler                 0x0800022f   Thumb Code     0  startup_stm32f10x_md.o(.text)
    DMA1_Channel4_IRQHandler                 0x0800022f   Thumb Code     0  startup_stm32f10x_md.o(.text)
    DMA1_Channel5_IRQHandler                 0x0800022f   Thumb Code     0  startup_stm32f10x_md.o(.text)
    DMA1_Channel6_IRQHandler                 0x0800022f   Thumb Code     0  startup_stm32f10x_md.o(.text)
    DMA1_Channel7_IRQHandler                 0x0800022f   Thumb Code     0  startup_stm32f10x_md.o(.text)
    EXTI0_IRQHandler                         0x0800022f   Thumb Code     0  startup_stm32f10x_md.o(.text)
    EXTI15_10_IRQHandler                     0x0800022f   Thumb Code     0  startup_stm32f10x_md.o(.text)
    EXTI1_IRQHandler                         0x0800022f   Thumb Code     0  startup_stm32f10x_md.o(.text)
    EXTI3_IRQHandler                         0x0800022f   Thumb Code     0  startup_stm32f10x_md.o(.text)
    EXTI4_IRQHandler                         0x0800022f   Thumb Code     0  startup_stm32f10x_md.o(.text)
    EXTI9_5_IRQHandler                       0x0800022f   Thumb Code     0  startup_stm32f10x_md.o(.text)
    FLASH_IRQHandler                         0x0800022f   Thumb Code     0  startup_stm32f10x_md.o(.text)
    I2C1_ER_IRQHandler                       0x0800022f   Thumb Code     0  startup_stm32f10x_md.o(.text)
    I2C1_EV_IRQHandler                       0x0800022f   Thumb Code     0  startup_stm32f10x_md.o(.text)
    I2C2_ER_IRQHandler                       0x0800022f   Thumb Code     0  startup_stm32f10x_md.o(.text)
    I2C2_EV_IRQHandler                       0x0800022f   Thumb Code     0  startup_stm32f10x_md.o(.text)
    PVD_IRQHandler                           0x0800022f   Thumb Code     0  startup_stm32f10x_md.o(.text)
    RCC_IRQHandler                           0x0800022f   Thumb Code     0  startup_stm32f10x_md.o(.text)
    RTCAlarm_IRQHandler                      0x0800022f   Thumb Code     0  startup_stm32f10x_md.o(.text)
    RTC_IRQHandler                           0x0800022f   Thumb Code     0  startup_stm32f10x_md.o(.text)
    SPI1_IRQHandler                          0x0800022f   Thumb Code     0  startup_stm32f10x_md.o(.text)
    SPI2_IRQHandler                          0x0800022f   Thumb Code     0  startup_stm32f10x_md.o(.text)
    TAMPER_IRQHandler                        0x0800022f   Thumb Code     0  startup_stm32f10x_md.o(.text)
    TIM1_BRK_IRQHandler                      0x0800022f   Thumb Code     0  startup_stm32f10x_md.o(.text)
    TIM1_CC_IRQHandler                       0x0800022f   Thumb Code     0  startup_stm32f10x_md.o(.text)
    TIM1_TRG_COM_IRQHandler                  0x0800022f   Thumb Code     0  startup_stm32f10x_md.o(.text)
    TIM1_UP_IRQHandler                       0x0800022f   Thumb Code     0  startup_stm32f10x_md.o(.text)
    TIM2_IRQHandler                          0x0800022f   Thumb Code     0  startup_stm32f10x_md.o(.text)
    TIM3_IRQHandler                          0x0800022f   Thumb Code     0  startup_stm32f10x_md.o(.text)
    TIM4_IRQHandler                          0x0800022f   Thumb Code     0  startup_stm32f10x_md.o(.text)
    USART1_IRQHandler                        0x0800022f   Thumb Code     0  startup_stm32f10x_md.o(.text)
    USART2_IRQHandler                        0x0800022f   Thumb Code     0  startup_stm32f10x_md.o(.text)
    USART3_IRQHandler                        0x0800022f   Thumb Code     0  startup_stm32f10x_md.o(.text)
    USBWakeUp_IRQHandler                     0x0800022f   Thumb Code     0  startup_stm32f10x_md.o(.text)
    USB_HP_CAN1_TX_IRQHandler                0x0800022f   Thumb Code     0  startup_stm32f10x_md.o(.text)
    USB_LP_CAN1_RX0_IRQHandler               0x0800022f   Thumb Code     0  startup_stm32f10x_md.o(.text)
    WWDG_IRQHandler                          0x0800022f   Thumb Code     0  startup_stm32f10x_md.o(.text)
    __user_initial_stackheap                 0x08000231   Thumb Code     0  startup_stm32f10x_md.o(.text)
    calloc                                   0x08000255   Thumb Code    40  calloc.o(.text)
    free                                     0x0800027d   Thumb Code    78  h1_free.o(.text)
    __2sprintf                               0x080002cd   Thumb Code    34  noretval__2sprintf.o(.text)
    _printf_pre_padding                      0x080002f5   Thumb Code    44  _printf_pad.o(.text)
    _printf_post_padding                     0x08000321   Thumb Code    34  _printf_pad.o(.text)
    _printf_truncate_signed                  0x08000343   Thumb Code    18  _printf_truncate.o(.text)
    _printf_truncate_unsigned                0x08000355   Thumb Code    18  _printf_truncate.o(.text)
    _printf_str                              0x08000367   Thumb Code    82  _printf_str.o(.text)
    _printf_int_dec                          0x080003b9   Thumb Code   104  _printf_dec.o(.text)
    _printf_wctomb                           0x08000431   Thumb Code   182  _printf_wctomb.o(.text)
    _printf_int_oct                          0x080004ed   Thumb Code    74  _printf_oct_int.o(.text)
    _printf_longlong_oct                     0x080004ed   Thumb Code     0  _printf_oct_int.o(.text)
    _printf_int_hex                          0x08000541   Thumb Code    84  _printf_hex_int.o(.text)
    _printf_longlong_hex                     0x08000541   Thumb Code     0  _printf_hex_int.o(.text)
    __printf                                 0x08000599   Thumb Code   388  __printf_flags_ss_wp.o(.text)
    __0sscanf                                0x08000721   Thumb Code    52  __0sscanf.o(.text)
    _scanf_int                               0x0800075d   Thumb Code   332  _scanf_int.o(.text)
    strlen                                   0x080008a9   Thumb Code    62  strlen.o(.text)
    __aeabi_memcpy                           0x080008e7   Thumb Code     0  rt_memcpy_v6.o(.text)
    __rt_memcpy                              0x080008e7   Thumb Code   138  rt_memcpy_v6.o(.text)
    _memcpy_lastbytes                        0x0800094d   Thumb Code     0  rt_memcpy_v6.o(.text)
    __aeabi_memclr                           0x08000971   Thumb Code     0  rt_memclr.o(.text)
    __rt_memclr                              0x08000971   Thumb Code     0  rt_memclr.o(.text)
    _memset                                  0x08000975   Thumb Code    64  rt_memclr.o(.text)
    __aeabi_memclr4                          0x080009b5   Thumb Code     0  rt_memclr_w.o(.text)
    __aeabi_memclr8                          0x080009b5   Thumb Code     0  rt_memclr_w.o(.text)
    __rt_memclr_w                            0x080009b5   Thumb Code     0  rt_memclr_w.o(.text)
    _memset_w                                0x080009b9   Thumb Code    74  rt_memclr_w.o(.text)
    strncpy                                  0x08000a03   Thumb Code    86  strncpy.o(.text)
    __use_two_region_memory                  0x08000a59   Thumb Code     2  heapauxi.o(.text)
    __rt_heap_escrow                         0x08000a5b   Thumb Code     2  heapauxi.o(.text)
    __rt_heap_expand                         0x08000a5d   Thumb Code     2  heapauxi.o(.text)
    __rt_heap_descriptor                     0x08000a61   Thumb Code     8  rt_heap_descriptor_intlibspace.o(.text)
    __use_no_heap                            0x08000a69   Thumb Code     2  hguard.o(.text)
    __heap$guard                             0x08000a6b   Thumb Code     2  hguard.o(.text)
    _terminate_user_alloc                    0x08000a6d   Thumb Code     2  init_alloc.o(.text)
    _init_user_alloc                         0x08000a6f   Thumb Code     2  init_alloc.o(.text)
    __Heap_Full                              0x08000a71   Thumb Code    34  init_alloc.o(.text)
    __Heap_Broken                            0x08000a93   Thumb Code     6  init_alloc.o(.text)
    _init_alloc                              0x08000a99   Thumb Code    94  init_alloc.o(.text)
    malloc                                   0x08000af7   Thumb Code    94  h1_alloc.o(.text)
    _printf_int_common                       0x08000b55   Thumb Code   178  _printf_intcommon.o(.text)
    _printf_fp_dec_real                      0x08000db7   Thumb Code   620  _printf_fp_dec.o(.text)
    _printf_char_common                      0x0800102f   Thumb Code    32  _printf_char_common.o(.text)
    _sputc                                   0x08001055   Thumb Code    10  _sputc.o(.text)
    _printf_cs_common                        0x0800105f   Thumb Code    20  _printf_char.o(.text)
    _printf_char                             0x08001073   Thumb Code    16  _printf_char.o(.text)
    _printf_string                           0x08001083   Thumb Code     8  _printf_char.o(.text)
    _printf_lcs_common                       0x0800108b   Thumb Code    20  _printf_wchar.o(.text)
    _printf_wchar                            0x0800109f   Thumb Code    16  _printf_wchar.o(.text)
    _printf_wstring                          0x080010af   Thumb Code     8  _printf_wchar.o(.text)
    _chval                                   0x080010b7   Thumb Code    28  _chval.o(.text)
    __vfscanf_char                           0x080010e1   Thumb Code    24  scanf_char.o(.text)
    _sgetc                                   0x08001101   Thumb Code    30  _sgetc.o(.text)
    _sbackspace                              0x0800111f   Thumb Code    34  _sgetc.o(.text)
    _c16rtomb                                0x08001141   Thumb Code    72  _c16rtomb.o(.text)
    _wcrtomb                                 0x08001141   Thumb Code     0  _c16rtomb.o(.text)
    __aeabi_memcpy4                          0x08001189   Thumb Code     0  rt_memcpy_w.o(.text)
    __aeabi_memcpy8                          0x08001189   Thumb Code     0  rt_memcpy_w.o(.text)
    __rt_memcpy_w                            0x08001189   Thumb Code   100  rt_memcpy_w.o(.text)
    _memcpy_lastbytes_aligned                0x080011d1   Thumb Code     0  rt_memcpy_w.o(.text)
    __user_libspace                          0x080011ed   Thumb Code     8  libspace.o(.text)
    __user_perproc_libspace                  0x080011ed   Thumb Code     0  libspace.o(.text)
    __user_perthread_libspace                0x080011ed   Thumb Code     0  libspace.o(.text)
    __rt_ctype_table                         0x080011f5   Thumb Code    16  rt_ctype_table.o(.text)
    __rt_locale                              0x08001205   Thumb Code     8  rt_locale_intlibspace.o(.text)
    __Heap_Initialize                        0x0800120d   Thumb Code     8  h1_init.o(.text)
    _maybe_terminate_alloc                   0x0800120d   Thumb Code     0  maybetermalloc1.o(.text)
    __Heap_DescSize                          0x08001215   Thumb Code     4  h1_init.o(.text)
    __Heap_ProvideMemory                     0x08001219   Thumb Code    52  h1_extend.o(.text)
    _ll_udiv10                               0x0800124d   Thumb Code   138  lludiv10.o(.text)
    isspace                                  0x080012d7   Thumb Code    18  isspace.o(.text)
    _printf_fp_infnan                        0x080012e9   Thumb Code   112  _printf_fp_infnan.o(.text)
    __vfscanf                                0x08001369   Thumb Code   878  _scanf.o(.text)
    _btod_etento                             0x080016dd   Thumb Code   224  bigflt0.o(.text)
    __rt_SIGRTMEM                            0x080017c1   Thumb Code    14  defsig_rtmem_outer.o(.text)
    __user_setup_stackheap                   0x080017cf   Thumb Code    74  sys_stackheap_outer.o(.text)
    exit                                     0x08001819   Thumb Code    18  exit.o(.text)
    __sig_exit                               0x0800182b   Thumb Code    10  defsig_exit.o(.text)
    __rt_SIGRTMEM_inner                      0x08001835   Thumb Code    22  defsig_rtmem_inner.o(.text)
    strcmp                                   0x08001885   Thumb Code   128  strcmpv7m.o(.text)
    _sys_exit                                0x08001905   Thumb Code     8  sys_exit.o(.text)
    __I$use$semihosting                      0x08001911   Thumb Code     0  use_no_semi.o(.text)
    __use_no_semihosting_swi                 0x08001911   Thumb Code     2  use_no_semi.o(.text)
    __default_signal_display                 0x08001913   Thumb Code    50  defsig_general.o(.text)
    __semihosting_library_function           0x08001913   Thumb Code     0  indicate_semi.o(.text)
    _ttywrch                                 0x08001945   Thumb Code    14  sys_wrch.o(.text)
    EXTI2_IRQHandler                         0x08001955   Thumb Code    30  main.o(.text.EXTI2_IRQHandler)
    LoRa_init                                0x08001a05   Thumb Code  1302  lora.o(.text.LoRa_init)
    LoRa_receive                             0x08001f1d   Thumb Code   452  lora.o(.text.LoRa_receive)
    LoRa_startReceiving                      0x080020e1   Thumb Code    96  lora.o(.text.LoRa_startReceiving)
    LoRa_transmit                            0x08002141   Thumb Code   450  lora.o(.text.LoRa_transmit)
    SysTick_Handler                          0x08002305   Thumb Code    16  systick_delay.o(.text.SysTick_Handler)
    SystemInit                               0x08002315   Thumb Code   272  system_stm32f10x.o(.text.SystemInit)
    adc_init                                 0x08002425   Thumb Code   118  adc_nam.o(.text.adc_init)
    clear_lcd                                0x0800249d   Thumb Code    20  lcd_hehe.o(.text.clear_lcd)
    delay_ms                                 0x080024b1   Thumb Code   100  systick_delay.o(.text.delay_ms)
    delay_us                                 0x08002515   Thumb Code    70  systick_delay.o(.text.delay_us)
    handler_rx_data                          0x0800255d   Thumb Code  1468  mesh_nam.o(.text.handler_rx_data)
    lcd_display                              0x08002b55   Thumb Code    34  lcd_hehe.o(.text.lcd_display)
    lcd_goto_xy                              0x08002b79   Thumb Code    38  lcd_hehe.o(.text.lcd_goto_xy)
    lcd_init                                 0x08002ba1   Thumb Code   222  lcd_hehe.o(.text.lcd_init)
    main                                     0x08002c81   Thumb Code   612  main.o(.text.main)
    newLora                                  0x08002f29   Thumb Code    28  lora.o(.text.newLora)
    ping_to_wdt                              0x08002f45   Thumb Code    30  wdt_nam.o(.text.ping_to_wdt)
    pwm_ctl                                  0x08002f65   Thumb Code    22  pwm.o(.text.pwm_ctl)
    pwm_init                                 0x08002f7d   Thumb Code   114  pwm.o(.text.pwm_init)
    pwm_setDutyCycle                         0x08002ff1   Thumb Code    32  pwm.o(.text.pwm_setDutyCycle)
    pwm_setFrequency                         0x08003011   Thumb Code    24  pwm.o(.text.pwm_setFrequency)
    read_adc                                 0x08003029   Thumb Code   218  adc_nam.o(.text.read_adc)
    spi_master_init                          0x08003251   Thumb Code   230  spi_driver.o(.text.spi_master_init)
    spi_receive                              0x08003339   Thumb Code    28  spi_driver.o(.text.spi_receive)
    spi_send_buffer_soft                     0x08003355   Thumb Code    62  spi_driver.o(.text.spi_send_buffer_soft)
    spi_send_data                            0x08003395   Thumb Code    24  spi_driver.o(.text.spi_send_data)
    watchdog_init                            0x080033ad   Thumb Code    60  wdt_nam.o(.text.watchdog_init)
    _btod_d2e                                0x080033e9   Thumb Code    62  btod.o(CL$$btod_d2e)
    _d2e_denorm_low                          0x08003427   Thumb Code    70  btod.o(CL$$btod_d2e_denorm_low)
    _d2e_norm_op1                            0x0800346d   Thumb Code    96  btod.o(CL$$btod_d2e_norm_op1)
    __btod_div_common                        0x080034cd   Thumb Code   696  btod.o(CL$$btod_div_common)
    _e2e                                     0x08003805   Thumb Code   220  btod.o(CL$$btod_e2e)
    _btod_ediv                               0x080038e1   Thumb Code    42  btod.o(CL$$btod_ediv)
    _btod_emul                               0x0800390b   Thumb Code    42  btod.o(CL$$btod_emul)
    __btod_mult_common                       0x08003935   Thumb Code   580  btod.o(CL$$btod_mult_common)
    __ARM_fpclassify                         0x08003b79   Thumb Code    40  fpclassify.o(i.__ARM_fpclassify)
    _is_digit                                0x08003ba1   Thumb Code    14  __printf_wp.o(i._is_digit)
    _get_lc_numeric                          0x08003bb1   Thumb Code    44  lc_numeric_c.o(locale$$code)
    _get_lc_ctype                            0x08003bdd   Thumb Code    44  lc_ctype_c.o(locale$$code)
    __fpl_dretinf                            0x08003c09   Thumb Code    12  dretinf.o(x$fpl$dretinf)
    __aeabi_f2d                              0x08003c15   Thumb Code     0  f2d.o(x$fpl$f2d)
    _f2d                                     0x08003c15   Thumb Code    86  f2d.o(x$fpl$f2d)
    __fpl_fnaninf                            0x08003c6b   Thumb Code   140  fnaninf.o(x$fpl$fnaninf)
    _printf_fp_dec                           0x08003cf7   Thumb Code     4  printf1.o(x$fpl$printf1)
    __I$use$fp                               0x08003cfa   Number         0  usenofp.o(x$fpl$usenofp)
    NODE_ID                                  0x08003dd4   Data           4  main.o(.rodata.NODE_ID)
    Region$$Table$$Base                      0x08003dd8   Number         0  anon$$obj.o(Region$$Table)
    Region$$Table$$Limit                     0x08003df8   Number         0  anon$$obj.o(Region$$Table)
    __ctype                                  0x08003e21   Data           0  lc_ctype_c.o(locale$$data)
    SystemCoreClock                          0x20000000   Data           4  system_stm32f10x.o(.data.SystemCoreClock)
    __libspace_start                         0x20000008   Data          96  libspace.o(.bss)
    __temporary_stack_top$libspace           0x20000068   Data           0  libspace.o(.bss)
    counting                                 0x20000068   Data           4  systick_delay.o(.bss.counting)
    curTime                                  0x2000006c   Data          12  main.o(.bss.curTime)
    myLoRa                                   0x20000078   Data          15  main.o(.bss.myLoRa)
    myNode                                   0x20000087   Data          14  main.o(.bss.myNode)
    request_cached                           0x200000d0   Data           4  mesh_nam.o(.bss.request_cached)
    response_cached                          0x200000d4   Data           4  mesh_nam.o(.bss.response_cached)
    timeSetting                              0x200000dc   Data          64  main.o(.bss.timeSetting)
    tx_buff                                  0x2000011c   Data          50  main.o(.bss.tx_buff)



==============================================================================

Memory Map of the image

  Image Entry point : 0x080000ed

  Load Region LR_IROM1 (Base: 0x08000000, Size: 0x00003f30, Max: 0x00010000, ABSOLUTE)

    Execution Region ER_IROM1 (Exec base: 0x08000000, Load base: 0x08000000, Size: 0x00003f24, Max: 0x00010000, ABSOLUTE)

    Exec Addr    Load Addr    Size         Type   Attr      Idx    E Section Name        Object

    0x08000000   0x08000000   0x000000ec   Data   RO          152    RESET               startup_stm32f10x_md.o
    0x080000ec   0x080000ec   0x00000008   Code   RO          322  * !!!main             c_w.l(__main.o)
    0x080000f4   0x080000f4   0x0000005c   Code   RO          630    !!!scatter          c_w.l(__scatter.o)
    0x08000150   0x08000150   0x0000001a   Code   RO          634    !!handler_copy      c_w.l(__scatter_copy.o)
    0x0800016a   0x0800016a   0x00000002   PAD
    0x0800016c   0x0800016c   0x00000002   Code   RO          631    !!handler_null      c_w.l(__scatter.o)
    0x0800016e   0x0800016e   0x00000002   PAD
    0x08000170   0x08000170   0x0000001c   Code   RO          636    !!handler_zi        c_w.l(__scatter_zi.o)
    0x0800018c   0x0800018c   0x00000000   Code   RO          304    .ARM.Collect$$_printf_percent$$00000000  c_w.l(_printf_percent.o)
    0x0800018c   0x0800018c   0x00000006   Code   RO          303    .ARM.Collect$$_printf_percent$$00000003  c_w.l(_printf_f.o)
    0x08000192   0x08000192   0x00000006   Code   RO          300    .ARM.Collect$$_printf_percent$$00000008  c_w.l(_printf_i.o)
    0x08000198   0x08000198   0x00000006   Code   RO          301    .ARM.Collect$$_printf_percent$$00000009  c_w.l(_printf_d.o)
    0x0800019e   0x0800019e   0x00000006   Code   RO          302    .ARM.Collect$$_printf_percent$$0000000A  c_w.l(_printf_u.o)
    0x080001a4   0x080001a4   0x00000006   Code   RO          299    .ARM.Collect$$_printf_percent$$0000000B  c_w.l(_printf_o.o)
    0x080001aa   0x080001aa   0x00000006   Code   RO          298    .ARM.Collect$$_printf_percent$$0000000C  c_w.l(_printf_x.o)
    0x080001b0   0x080001b0   0x0000000a   Code   RO          371    .ARM.Collect$$_printf_percent$$00000012  c_w.l(_printf_l.o)
    0x080001ba   0x080001ba   0x00000006   Code   RO          297    .ARM.Collect$$_printf_percent$$00000013  c_w.l(_printf_c.o)
    0x080001c0   0x080001c0   0x00000006   Code   RO          305    .ARM.Collect$$_printf_percent$$00000015  c_w.l(_printf_lc.o)
    0x080001c6   0x080001c6   0x00000004   Code   RO          370    .ARM.Collect$$_printf_percent$$00000017  c_w.l(_printf_percent_end.o)
    0x080001ca   0x080001ca   0x00000002   Code   RO          554    .ARM.Collect$$libinit$$00000000  c_w.l(libinit.o)
    0x080001cc   0x080001cc   0x00000000   Code   RO          472    .ARM.Collect$$libinit$$00000002  c_w.l(libinit2.o)
    0x080001cc   0x080001cc   0x00000000   Code   RO          474    .ARM.Collect$$libinit$$00000004  c_w.l(libinit2.o)
    0x080001cc   0x080001cc   0x00000000   Code   RO          476    .ARM.Collect$$libinit$$00000006  c_w.l(libinit2.o)
    0x080001cc   0x080001cc   0x00000008   Code   RO          477    .ARM.Collect$$libinit$$00000007  c_w.l(libinit2.o)
    0x080001d4   0x080001d4   0x00000000   Code   RO          479    .ARM.Collect$$libinit$$0000000C  c_w.l(libinit2.o)
    0x080001d4   0x080001d4   0x00000000   Code   RO          481    .ARM.Collect$$libinit$$0000000E  c_w.l(libinit2.o)
    0x080001d4   0x080001d4   0x00000000   Code   RO          483    .ARM.Collect$$libinit$$00000010  c_w.l(libinit2.o)
    0x080001d4   0x080001d4   0x00000006   Code   RO          484    .ARM.Collect$$libinit$$00000011  c_w.l(libinit2.o)
    0x080001da   0x080001da   0x00000000   Code   RO          486    .ARM.Collect$$libinit$$00000013  c_w.l(libinit2.o)
    0x080001da   0x080001da   0x0000000c   Code   RO          487    .ARM.Collect$$libinit$$00000014  c_w.l(libinit2.o)
    0x080001e6   0x080001e6   0x00000000   Code   RO          488    .ARM.Collect$$libinit$$00000015  c_w.l(libinit2.o)
    0x080001e6   0x080001e6   0x00000000   Code   RO          490    .ARM.Collect$$libinit$$00000017  c_w.l(libinit2.o)
    0x080001e6   0x080001e6   0x0000000a   Code   RO          491    .ARM.Collect$$libinit$$00000018  c_w.l(libinit2.o)
    0x080001f0   0x080001f0   0x00000000   Code   RO          492    .ARM.Collect$$libinit$$00000019  c_w.l(libinit2.o)
    0x080001f0   0x080001f0   0x00000000   Code   RO          494    .ARM.Collect$$libinit$$0000001B  c_w.l(libinit2.o)
    0x080001f0   0x080001f0   0x00000000   Code   RO          496    .ARM.Collect$$libinit$$0000001D  c_w.l(libinit2.o)
    0x080001f0   0x080001f0   0x00000000   Code   RO          498    .ARM.Collect$$libinit$$0000001F  c_w.l(libinit2.o)
    0x080001f0   0x080001f0   0x00000000   Code   RO          500    .ARM.Collect$$libinit$$00000021  c_w.l(libinit2.o)
    0x080001f0   0x080001f0   0x00000000   Code   RO          502    .ARM.Collect$$libinit$$00000023  c_w.l(libinit2.o)
    0x080001f0   0x080001f0   0x00000000   Code   RO          504    .ARM.Collect$$libinit$$00000025  c_w.l(libinit2.o)
    0x080001f0   0x080001f0   0x00000000   Code   RO          506    .ARM.Collect$$libinit$$00000027  c_w.l(libinit2.o)
    0x080001f0   0x080001f0   0x00000000   Code   RO          510    .ARM.Collect$$libinit$$0000002E  c_w.l(libinit2.o)
    0x080001f0   0x080001f0   0x00000000   Code   RO          512    .ARM.Collect$$libinit$$00000030  c_w.l(libinit2.o)
    0x080001f0   0x080001f0   0x00000000   Code   RO          514    .ARM.Collect$$libinit$$00000032  c_w.l(libinit2.o)
    0x080001f0   0x080001f0   0x00000000   Code   RO          516    .ARM.Collect$$libinit$$00000034  c_w.l(libinit2.o)
    0x080001f0   0x080001f0   0x00000002   Code   RO          517    .ARM.Collect$$libinit$$00000035  c_w.l(libinit2.o)
    0x080001f2   0x080001f2   0x00000002   Code   RO          627    .ARM.Collect$$libshutdown$$00000000  c_w.l(libshutdown.o)
    0x080001f4   0x080001f4   0x00000000   Code   RO          581    .ARM.Collect$$libshutdown$$00000002  c_w.l(libshutdown2.o)
    0x080001f4   0x080001f4   0x00000000   Code   RO          583    .ARM.Collect$$libshutdown$$00000004  c_w.l(libshutdown2.o)
    0x080001f4   0x080001f4   0x00000000   Code   RO          586    .ARM.Collect$$libshutdown$$00000007  c_w.l(libshutdown2.o)
    0x080001f4   0x080001f4   0x00000000   Code   RO          589    .ARM.Collect$$libshutdown$$0000000A  c_w.l(libshutdown2.o)
    0x080001f4   0x080001f4   0x00000000   Code   RO          591    .ARM.Collect$$libshutdown$$0000000C  c_w.l(libshutdown2.o)
    0x080001f4   0x080001f4   0x00000000   Code   RO          594    .ARM.Collect$$libshutdown$$0000000F  c_w.l(libshutdown2.o)
    0x080001f4   0x080001f4   0x00000002   Code   RO          595    .ARM.Collect$$libshutdown$$00000010  c_w.l(libshutdown2.o)
    0x080001f6   0x080001f6   0x00000000   Code   RO          330    .ARM.Collect$$rtentry$$00000000  c_w.l(__rtentry.o)
    0x080001f6   0x080001f6   0x00000000   Code   RO          391    .ARM.Collect$$rtentry$$00000002  c_w.l(__rtentry2.o)
    0x080001f6   0x080001f6   0x00000006   Code   RO          403    .ARM.Collect$$rtentry$$00000004  c_w.l(__rtentry4.o)
    0x080001fc   0x080001fc   0x00000000   Code   RO          393    .ARM.Collect$$rtentry$$00000009  c_w.l(__rtentry2.o)
    0x080001fc   0x080001fc   0x00000004   Code   RO          394    .ARM.Collect$$rtentry$$0000000A  c_w.l(__rtentry2.o)
    0x08000200   0x08000200   0x00000000   Code   RO          396    .ARM.Collect$$rtentry$$0000000C  c_w.l(__rtentry2.o)
    0x08000200   0x08000200   0x00000008   Code   RO          397    .ARM.Collect$$rtentry$$0000000D  c_w.l(__rtentry2.o)
    0x08000208   0x08000208   0x00000002   Code   RO          564    .ARM.Collect$$rtexit$$00000000  c_w.l(rtexit.o)
    0x0800020a   0x0800020a   0x00000000   Code   RO          601    .ARM.Collect$$rtexit$$00000002  c_w.l(rtexit2.o)
    0x0800020a   0x0800020a   0x00000004   Code   RO          602    .ARM.Collect$$rtexit$$00000003  c_w.l(rtexit2.o)
    0x0800020e   0x0800020e   0x00000006   Code   RO          603    .ARM.Collect$$rtexit$$00000004  c_w.l(rtexit2.o)
    0x08000214   0x08000214   0x00000040   Code   RO          153    .text               startup_stm32f10x_md.o
    0x08000254   0x08000254   0x00000028   Code   RO          177    .text               c_w.l(calloc.o)
    0x0800027c   0x0800027c   0x0000004e   Code   RO          179    .text               c_w.l(h1_free.o)
    0x080002ca   0x080002ca   0x00000002   PAD
    0x080002cc   0x080002cc   0x00000028   Code   RO          235    .text               c_w.l(noretval__2sprintf.o)
    0x080002f4   0x080002f4   0x0000004e   Code   RO          239    .text               c_w.l(_printf_pad.o)
    0x08000342   0x08000342   0x00000024   Code   RO          241    .text               c_w.l(_printf_truncate.o)
    0x08000366   0x08000366   0x00000052   Code   RO          243    .text               c_w.l(_printf_str.o)
    0x080003b8   0x080003b8   0x00000078   Code   RO          245    .text               c_w.l(_printf_dec.o)
    0x08000430   0x08000430   0x000000bc   Code   RO          247    .text               c_w.l(_printf_wctomb.o)
    0x080004ec   0x080004ec   0x00000054   Code   RO          252    .text               c_w.l(_printf_oct_int.o)
    0x08000540   0x08000540   0x00000058   Code   RO          259    .text               c_w.l(_printf_hex_int.o)
    0x08000598   0x08000598   0x00000188   Code   RO          294    .text               c_w.l(__printf_flags_ss_wp.o)
    0x08000720   0x08000720   0x0000003c   Code   RO          306    .text               c_w.l(__0sscanf.o)
    0x0800075c   0x0800075c   0x0000014c   Code   RO          308    .text               c_w.l(_scanf_int.o)
    0x080008a8   0x080008a8   0x0000003e   Code   RO          310    .text               c_w.l(strlen.o)
    0x080008e6   0x080008e6   0x0000008a   Code   RO          312    .text               c_w.l(rt_memcpy_v6.o)
    0x08000970   0x08000970   0x00000044   Code   RO          314    .text               c_w.l(rt_memclr.o)
    0x080009b4   0x080009b4   0x0000004e   Code   RO          316    .text               c_w.l(rt_memclr_w.o)
    0x08000a02   0x08000a02   0x00000056   Code   RO          318    .text               c_w.l(strncpy.o)
    0x08000a58   0x08000a58   0x00000006   Code   RO          320    .text               c_w.l(heapauxi.o)
    0x08000a5e   0x08000a5e   0x00000002   PAD
    0x08000a60   0x08000a60   0x00000008   Code   RO          334    .text               c_w.l(rt_heap_descriptor_intlibspace.o)
    0x08000a68   0x08000a68   0x00000004   Code   RO          336    .text               c_w.l(hguard.o)
    0x08000a6c   0x08000a6c   0x0000008a   Code   RO          338    .text               c_w.l(init_alloc.o)
    0x08000af6   0x08000af6   0x0000005e   Code   RO          344    .text               c_w.l(h1_alloc.o)
    0x08000b54   0x08000b54   0x000000b2   Code   RO          356    .text               c_w.l(_printf_intcommon.o)
    0x08000c06   0x08000c06   0x0000041c   Code   RO          358    .text               c_w.l(_printf_fp_dec.o)
    0x08001022   0x08001022   0x00000002   PAD
    0x08001024   0x08001024   0x00000030   Code   RO          362    .text               c_w.l(_printf_char_common.o)
    0x08001054   0x08001054   0x0000000a   Code   RO          364    .text               c_w.l(_sputc.o)
    0x0800105e   0x0800105e   0x0000002c   Code   RO          366    .text               c_w.l(_printf_char.o)
    0x0800108a   0x0800108a   0x0000002c   Code   RO          368    .text               c_w.l(_printf_wchar.o)
    0x080010b6   0x080010b6   0x0000001c   Code   RO          372    .text               c_w.l(_chval.o)
    0x080010d2   0x080010d2   0x00000002   PAD
    0x080010d4   0x080010d4   0x0000002c   Code   RO          374    .text               c_w.l(scanf_char.o)
    0x08001100   0x08001100   0x00000040   Code   RO          376    .text               c_w.l(_sgetc.o)
    0x08001140   0x08001140   0x00000048   Code   RO          378    .text               c_w.l(_c16rtomb.o)
    0x08001188   0x08001188   0x00000064   Code   RO          380    .text               c_w.l(rt_memcpy_w.o)
    0x080011ec   0x080011ec   0x00000008   Code   RO          387    .text               c_w.l(libspace.o)
    0x080011f4   0x080011f4   0x00000010   Code   RO          405    .text               c_w.l(rt_ctype_table.o)
    0x08001204   0x08001204   0x00000008   Code   RO          410    .text               c_w.l(rt_locale_intlibspace.o)
    0x0800120c   0x0800120c   0x00000000   Code   RO          412    .text               c_w.l(maybetermalloc1.o)
    0x0800120c   0x0800120c   0x0000000c   Code   RO          414    .text               c_w.l(h1_init.o)
    0x08001218   0x08001218   0x00000034   Code   RO          416    .text               c_w.l(h1_extend.o)
    0x0800124c   0x0800124c   0x0000008a   Code   RO          422    .text               c_w.l(lludiv10.o)
    0x080012d6   0x080012d6   0x00000012   Code   RO          424    .text               c_w.l(isspace.o)
    0x080012e8   0x080012e8   0x00000080   Code   RO          426    .text               c_w.l(_printf_fp_infnan.o)
    0x08001368   0x08001368   0x00000374   Code   RO          430    .text               c_w.l(_scanf.o)
    0x080016dc   0x080016dc   0x000000e4   Code   RO          432    .text               c_w.l(bigflt0.o)
    0x080017c0   0x080017c0   0x0000000e   Code   RO          462    .text               c_w.l(defsig_rtmem_outer.o)
    0x080017ce   0x080017ce   0x0000004a   Code   RO          526    .text               c_w.l(sys_stackheap_outer.o)
    0x08001818   0x08001818   0x00000012   Code   RO          539    .text               c_w.l(exit.o)
    0x0800182a   0x0800182a   0x0000000a   Code   RO          541    .text               c_w.l(defsig_exit.o)
    0x08001834   0x08001834   0x00000050   Code   RO          543    .text               c_w.l(defsig_rtmem_inner.o)
    0x08001884   0x08001884   0x00000080   Code   RO          545    .text               c_w.l(strcmpv7m.o)
    0x08001904   0x08001904   0x0000000c   Code   RO          557    .text               c_w.l(sys_exit.o)
    0x08001910   0x08001910   0x00000002   Code   RO          561    .text               c_w.l(use_no_semi.o)
    0x08001912   0x08001912   0x00000000   Code   RO          563    .text               c_w.l(indicate_semi.o)
    0x08001912   0x08001912   0x00000032   Code   RO          574    .text               c_w.l(defsig_general.o)
    0x08001944   0x08001944   0x0000000e   Code   RO          596    .text               c_w.l(sys_wrch.o)
    0x08001952   0x08001952   0x00000002   PAD
    0x08001954   0x08001954   0x0000001e   Code   RO            4    .text.EXTI2_IRQHandler  main.o
    0x08001972   0x08001972   0x00000002   PAD
    0x08001974   0x08001974   0x0000008e   Code   RO           86    .text.LoRa_gotoMode  lora.o
    0x08001a02   0x08001a02   0x00000002   PAD
    0x08001a04   0x08001a04   0x00000516   Code   RO           94    .text.LoRa_init     lora.o
    0x08001f1a   0x08001f1a   0x00000002   PAD
    0x08001f1c   0x08001f1c   0x000001c4   Code   RO           90    .text.LoRa_receive  lora.o
    0x080020e0   0x080020e0   0x00000060   Code   RO           88    .text.LoRa_startReceiving  lora.o
    0x08002140   0x08002140   0x000001c2   Code   RO           84    .text.LoRa_transmit  lora.o
    0x08002302   0x08002302   0x00000002   PAD
    0x08002304   0x08002304   0x00000010   Code   RO           27    .text.SysTick_Handler  systick_delay.o
    0x08002314   0x08002314   0x00000110   Code   RO          160    .text.SystemInit    system_stm32f10x.o
    0x08002424   0x08002424   0x00000076   Code   RO           59    .text.adc_init      adc_nam.o
    0x0800249a   0x0800249a   0x00000002   PAD
    0x0800249c   0x0800249c   0x00000014   Code   RO           46    .text.clear_lcd     lcd_hehe.o
    0x080024b0   0x080024b0   0x00000064   Code   RO           25    .text.delay_ms      systick_delay.o
    0x08002514   0x08002514   0x00000046   Code   RO           23    .text.delay_us      systick_delay.o
    0x0800255a   0x0800255a   0x00000002   PAD
    0x0800255c   0x0800255c   0x000005f8   Code   RO          124    .text.handler_rx_data  mesh_nam.o
    0x08002b54   0x08002b54   0x00000022   Code   RO           42    .text.lcd_display   lcd_hehe.o
    0x08002b76   0x08002b76   0x00000002   PAD
    0x08002b78   0x08002b78   0x00000026   Code   RO           44    .text.lcd_goto_xy   lcd_hehe.o
    0x08002b9e   0x08002b9e   0x00000002   PAD
    0x08002ba0   0x08002ba0   0x000000de   Code   RO           38    .text.lcd_init      lcd_hehe.o
    0x08002c7e   0x08002c7e   0x00000002   PAD
    0x08002c80   0x08002c80   0x000002a8   Code   RO            2    .text.main          main.o
    0x08002f28   0x08002f28   0x0000001c   Code   RO           82    .text.newLora       lora.o
    0x08002f44   0x08002f44   0x0000001e   Code   RO           73    .text.ping_to_wdt   wdt_nam.o
    0x08002f62   0x08002f62   0x00000002   PAD
    0x08002f64   0x08002f64   0x00000016   Code   RO          141    .text.pwm_ctl       pwm.o
    0x08002f7a   0x08002f7a   0x00000002   PAD
    0x08002f7c   0x08002f7c   0x00000072   Code   RO          135    .text.pwm_init      pwm.o
    0x08002fee   0x08002fee   0x00000002   PAD
    0x08002ff0   0x08002ff0   0x00000020   Code   RO          139    .text.pwm_setDutyCycle  pwm.o
    0x08003010   0x08003010   0x00000018   Code   RO          137    .text.pwm_setFrequency  pwm.o
    0x08003028   0x08003028   0x000000da   Code   RO           61    .text.read_adc      adc_nam.o
    0x08003102   0x08003102   0x00000002   PAD
    0x08003104   0x08003104   0x0000014a   Code   RO           40    .text.send_to_lcd   lcd_hehe.o
    0x0800324e   0x0800324e   0x00000002   PAD
    0x08003250   0x08003250   0x000000e6   Code   RO          104    .text.spi_master_init  spi_driver.o
    0x08003336   0x08003336   0x00000002   PAD
    0x08003338   0x08003338   0x0000001c   Code   RO          108    .text.spi_receive   spi_driver.o
    0x08003354   0x08003354   0x0000003e   Code   RO          114    .text.spi_send_buffer_soft  spi_driver.o
    0x08003392   0x08003392   0x00000002   PAD
    0x08003394   0x08003394   0x00000018   Code   RO          106    .text.spi_send_data  spi_driver.o
    0x080033ac   0x080033ac   0x0000003c   Code   RO           71    .text.watchdog_init  wdt_nam.o
    0x080033e8   0x080033e8   0x0000003e   Code   RO          435    CL$$btod_d2e        c_w.l(btod.o)
    0x08003426   0x08003426   0x00000046   Code   RO          437    CL$$btod_d2e_denorm_low  c_w.l(btod.o)
    0x0800346c   0x0800346c   0x00000060   Code   RO          436    CL$$btod_d2e_norm_op1  c_w.l(btod.o)
    0x080034cc   0x080034cc   0x00000338   Code   RO          445    CL$$btod_div_common  c_w.l(btod.o)
    0x08003804   0x08003804   0x000000dc   Code   RO          442    CL$$btod_e2e        c_w.l(btod.o)
    0x080038e0   0x080038e0   0x0000002a   Code   RO          439    CL$$btod_ediv       c_w.l(btod.o)
    0x0800390a   0x0800390a   0x0000002a   Code   RO          438    CL$$btod_emul       c_w.l(btod.o)
    0x08003934   0x08003934   0x00000244   Code   RO          444    CL$$btod_mult_common  c_w.l(btod.o)
    0x08003b78   0x08003b78   0x00000028   Code   RO          520    i.__ARM_fpclassify  m_ws.l(fpclassify.o)
    0x08003ba0   0x08003ba0   0x0000000e   Code   RO          287    i._is_digit         c_w.l(__printf_wp.o)
    0x08003bae   0x08003bae   0x00000002   PAD
    0x08003bb0   0x08003bb0   0x0000002c   Code   RO          460    locale$$code        c_w.l(lc_numeric_c.o)
    0x08003bdc   0x08003bdc   0x0000002c   Code   RO          537    locale$$code        c_w.l(lc_ctype_c.o)
    0x08003c08   0x08003c08   0x0000000c   Code   RO          382    x$fpl$dretinf       fz_ws.l(dretinf.o)
    0x08003c14   0x08003c14   0x00000056   Code   RO          324    x$fpl$f2d           fz_ws.l(f2d.o)
    0x08003c6a   0x08003c6a   0x0000008c   Code   RO          384    x$fpl$fnaninf       fz_ws.l(fnaninf.o)
    0x08003cf6   0x08003cf6   0x00000004   Code   RO          326    x$fpl$printf1       fz_ws.l(printf1.o)
    0x08003cfa   0x08003cfa   0x00000000   Code   RO          386    x$fpl$usenofp       fz_ws.l(usenofp.o)
    0x08003cfa   0x08003cfa   0x00000002   PAD
    0x08003cfc   0x08003cfc   0x00000008   Data   RO          248    .constdata          c_w.l(_printf_wctomb.o)
    0x08003d04   0x08003d04   0x00000028   Data   RO          260    .constdata          c_w.l(_printf_hex_int.o)
    0x08003d2c   0x08003d2c   0x00000011   Data   RO          295    .constdata          c_w.l(__printf_flags_ss_wp.o)
    0x08003d3d   0x08003d3d   0x00000003   PAD
    0x08003d40   0x08003d40   0x00000094   Data   RO          433    .constdata          c_w.l(bigflt0.o)
    0x08003dd4   0x08003dd4   0x00000004   Data   RO            6    .rodata.NODE_ID     main.o
    0x08003dd8   0x08003dd8   0x00000020   Data   RO          629    Region$$Table       anon$$obj.o
    0x08003df8   0x08003df8   0x0000001c   Data   RO          459    locale$$data        c_w.l(lc_numeric_c.o)
    0x08003e14   0x08003e14   0x00000110   Data   RO          536    locale$$data        c_w.l(lc_ctype_c.o)


    Execution Region RW_IRAM1 (Exec base: 0x20000000, Load base: 0x08003f28, Size: 0x00000750, Max: 0x00005000, ABSOLUTE)

    Exec Addr    Load Addr    Size         Type   Attr      Idx    E Section Name        Object

    0x20000000   0x08003f28   0x00000004   Data   RW          164    .data.SystemCoreClock  system_stm32f10x.o
    0x20000004   0x08003f2c   0x00000004   PAD
    0x20000008        -       0x00000060   Zero   RW          388    .bss                c_w.l(libspace.o)
    0x20000068        -       0x00000004   Zero   RW           29    .bss.counting       systick_delay.o
    0x2000006c        -       0x0000000c   Zero   RW            9    .bss.curTime        main.o
    0x20000078        -       0x0000000f   Zero   RW            7    .bss.myLoRa         main.o
    0x20000087        -       0x0000000e   Zero   RW            8    .bss.myNode         main.o
    0x20000095   0x08003f2c   0x00000003   PAD
    0x20000098        -       0x00000004   Zero   RW           50    .bss.my_lcd         lcd_hehe.o
    0x2000009c        -       0x00000032   Zero   RW           13    .bss.recv_data      main.o
    0x200000ce   0x08003f2c   0x00000002   PAD
    0x200000d0        -       0x00000004   Zero   RW          126    .bss.request_cached  mesh_nam.o
    0x200000d4        -       0x00000004   Zero   RW          127    .bss.response_cached  mesh_nam.o
    0x200000d8        -       0x00000001   Zero   RW           10    .bss.rx_sig         main.o
    0x200000d9   0x08003f2c   0x00000003   PAD
    0x200000dc        -       0x00000040   Zero   RW           12    .bss.timeSetting    main.o
    0x2000011c        -       0x00000032   Zero   RW           11    .bss.tx_buff        main.o
    0x2000014e   0x08003f2c   0x00000002   PAD
    0x20000150        -       0x00000200   Zero   RW          151    HEAP                startup_stm32f10x_md.o
    0x20000350        -       0x00000400   Zero   RW          150    STACK               startup_stm32f10x_md.o


==============================================================================

Image component sizes


      Code (inc. data)   RO Data    RW Data    ZI Data      Debug   Object Name

       336          0          0          0          0       2152   adc_nam.o
       644          0          0          0          4       3489   lcd_hehe.o
      2470          8          0          0          0      14997   lora.o
       710         68          4          0        206       3170   main.o
      1528         72          0          0          8       5479   mesh_nam.o
       192          0          0          0          0       2451   pwm.o
       344          0          0          0          0       2612   spi_driver.o
        64         26        236          0       1536        824   startup_stm32f10x_md.o
       272          0          0          4          0       2832   system_stm32f10x.o
       186          0          0          0          4       1662   systick_delay.o
        90          0          0          0          0       1068   wdt_nam.o

    ----------------------------------------------------------------------
      6868        174        272          4       1772      40736   Object Totals
         0          0         32          0          0          0   (incl. Generated)
        32          0          0          0         14          0   (incl. Padding)

    ----------------------------------------------------------------------

      Code (inc. data)   RO Data    RW Data    ZI Data      Debug   Library Member Name

        60          8          0          0          0         84   __0sscanf.o
         8          0          0          0          0         68   __main.o
       392          4         17          0          0         92   __printf_flags_ss_wp.o
        14          0          0          0          0         68   __printf_wp.o
         0          0          0          0          0          0   __rtentry.o
        12          0          0          0          0          0   __rtentry2.o
         6          0          0          0          0          0   __rtentry4.o
        94          8          0          0          0          0   __scatter.o
        26          0          0          0          0          0   __scatter_copy.o
        28          0          0          0          0          0   __scatter_zi.o
        72          0          0          0          0         96   _c16rtomb.o
        28          0          0          0          0         68   _chval.o
         6          0          0          0          0          0   _printf_c.o
        44          0          0          0          0        108   _printf_char.o
        48          6          0          0          0         96   _printf_char_common.o
         6          0          0          0          0          0   _printf_d.o
       120         16          0          0          0         92   _printf_dec.o
         6          0          0          0          0          0   _printf_f.o
      1052          0          0          0          0        148   _printf_fp_dec.o
       128         16          0          0          0         84   _printf_fp_infnan.o
        88          4         40          0          0         88   _printf_hex_int.o
         6          0          0          0          0          0   _printf_i.o
       178          0          0          0          0         88   _printf_intcommon.o
        10          0          0          0          0          0   _printf_l.o
         6          0          0          0          0          0   _printf_lc.o
         6          0          0          0          0          0   _printf_o.o
        84         10          0          0          0         88   _printf_oct_int.o
        78          0          0          0          0        108   _printf_pad.o
         0          0          0          0          0          0   _printf_percent.o
         4          0          0          0          0          0   _printf_percent_end.o
        82          0          0          0          0         80   _printf_str.o
        36          0          0          0          0         84   _printf_truncate.o
         6          0          0          0          0          0   _printf_u.o
        44          0          0          0          0        108   _printf_wchar.o
       188          6          8          0          0         92   _printf_wctomb.o
         6          0          0          0          0          0   _printf_x.o
       884          6          0          0          0        100   _scanf.o
       332          0          0          0          0         96   _scanf_int.o
        64          0          0          0          0         84   _sgetc.o
        10          0          0          0          0         68   _sputc.o
       228          4        148          0          0         96   bigflt0.o
      1936        128          0          0          0        668   btod.o
        40          0          0          0          0         80   calloc.o
        10          0          0          0          0         68   defsig_exit.o
        50          0          0          0          0         88   defsig_general.o
        80         58          0          0          0         76   defsig_rtmem_inner.o
        14          0          0          0          0         80   defsig_rtmem_outer.o
        18          0          0          0          0         80   exit.o
        94          0          0          0          0         80   h1_alloc.o
        52          0          0          0          0         68   h1_extend.o
        78          0          0          0          0         80   h1_free.o
        12          0          0          0          0         84   h1_init.o
         6          0          0          0          0        152   heapauxi.o
         4          0          0          0          0        136   hguard.o
         0          0          0          0          0          0   indicate_semi.o
       138          0          0          0          0        168   init_alloc.o
        18          0          0          0          0         76   isspace.o
        44         10        272          0          0         76   lc_ctype_c.o
        44         10         28          0          0         76   lc_numeric_c.o
         2          0          0          0          0          0   libinit.o
        38          0          0          0          0          0   libinit2.o
         2          0          0          0          0          0   libshutdown.o
         2          0          0          0          0          0   libshutdown2.o
         8          4          0          0         96         68   libspace.o
       138          0          0          0          0         80   lludiv10.o
         0          0          0          0          0          0   maybetermalloc1.o
        40          6          0          0          0         84   noretval__2sprintf.o
        16          4          0          0          0         76   rt_ctype_table.o
         8          4          0          0          0         68   rt_heap_descriptor_intlibspace.o
         8          4          0          0          0         68   rt_locale_intlibspace.o
        68          0          0          0          0         68   rt_memclr.o
        78          0          0          0          0         80   rt_memclr_w.o
       138          0          0          0          0         68   rt_memcpy_v6.o
       100          0          0          0          0         80   rt_memcpy_w.o
         2          0          0          0          0          0   rtexit.o
        10          0          0          0          0          0   rtexit2.o
        44          8          0          0          0         84   scanf_char.o
       128          0          0          0          0         68   strcmpv7m.o
        62          0          0          0          0         76   strlen.o
        86          0          0          0          0         76   strncpy.o
        12          4          0          0          0         68   sys_exit.o
        74          0          0          0          0         80   sys_stackheap_outer.o
        14          0          0          0          0         76   sys_wrch.o
         2          0          0          0          0         68   use_no_semi.o
        12          0          0          0          0         68   dretinf.o
        86          4          0          0          0         84   f2d.o
       140          4          0          0          0         84   fnaninf.o
         4          0          0          0          0         68   printf1.o
         0          0          0          0          0          0   usenofp.o
        40          0          0          0          0         68   fpclassify.o

    ----------------------------------------------------------------------
      8508        336        516          0         96       6028   Library Totals
        18          0          3          0          0          0   (incl. Padding)

    ----------------------------------------------------------------------

      Code (inc. data)   RO Data    RW Data    ZI Data      Debug   Library Name

      8208        328        513          0         96       5656   c_w.l
       242          8          0          0          0        304   fz_ws.l
        40          0          0          0          0         68   m_ws.l

    ----------------------------------------------------------------------
      8508        336        516          0         96       6028   Library Totals

    ----------------------------------------------------------------------

==============================================================================


      Code (inc. data)   RO Data    RW Data    ZI Data      Debug   

     15376        510        788          4       1868      43164   Grand Totals
     15376        510        788          4       1868      43164   ELF Image Totals
     15376        510        788          4          0          0   ROM Totals

==============================================================================

    Total RO  Size (Code + RO Data)                16164 (  15.79kB)
    Total RW  Size (RW Data + ZI Data)              1872 (   1.83kB)
    Total ROM Size (Code + RO Data + RW Data)      16168 (  15.79kB)

==============================================================================

