Component: Arm Compiler for Embedded 6.21 Tool: armlink [5ec1fa00]

==============================================================================

Section Cross References

    main.o(.text.main) refers to lora.o(.text.newLora) for newLora
    main.o(.text.main) refers to main.o(.bss.myLoRa) for myLoRa
    main.o(.text.main) refers to lcd_hehe.o(.text.lcd_init) for lcd_init
    main.o(.text.main) refers to lora.o(.text.LoRa_init) for LoRa_init
    main.o(.text.main) refers to lcd_hehe.o(.text.lcd_goto_xy) for lcd_goto_xy
    main.o(.text.main) refers to main.o(.rodata.str1.1) for .L.str
    main.o(.text.main) refers to lcd_hehe.o(.text.lcd_display) for lcd_display
    main.o(.text.main) refers to systick_delay.o(.text.delay_ms) for delay_ms
    main.o(.text.main) refers to dht11_nam.o(.text.dht11_init) for dht11_init
    main.o(.text.main) refers to adc_nam.o(.text.adc_init) for adc_init
    main.o(.text.main) refers to lcd_hehe.o(.text.clear_lcd) for clear_lcd
    main.o(.text.main) refers to lora.o(.text.LoRa_startReceiving) for LoRa_startReceiving
    main.o(.text.main) refers to wdt_nam.o(.text.watchdog_init) for watchdog_init
    main.o(.text.main) refers to main.o(.bss.temperature) for temperature
    main.o(.text.main) refers to main.o(.bss.humidity) for humidity
    main.o(.text.main) refers to dht11_nam.o(.text.read_data) for read_data
    main.o(.text.main) refers to main.o(.text.soil_mesurement) for soil_mesurement
    main.o(.text.main) refers to main.o(.bss.analog) for analog
    main.o(.text.main) refers to rt_memclr.o(.text) for __aeabi_memclr
    main.o(.text.main) refers to sprintf.o(.text) for sprintf
    main.o(.text.main) refers to wdt_nam.o(.text.ping_to_wdt) for ping_to_wdt
    main.o(.ARM.exidx.text.main) refers to main.o(.text.main) for [Anonymous Symbol]
    main.o(.text.soil_mesurement) refers to adc_nam.o(.text.read_adc) for read_adc
    main.o(.text.soil_mesurement) refers to dflt_clz.o(x$fpl$dfltu) for __aeabi_ui2d
    main.o(.text.soil_mesurement) refers to dmul.o(x$fpl$dmul) for __aeabi_dmul
    main.o(.text.soil_mesurement) refers to ddiv.o(x$fpl$ddiv) for __aeabi_ddiv
    main.o(.ARM.exidx.text.soil_mesurement) refers to main.o(.text.soil_mesurement) for [Anonymous Symbol]
    main.o(.text.EXTI2_IRQHandler) refers to lora.o(.text.LoRa_getRSSI) for LoRa_getRSSI
    main.o(.text.EXTI2_IRQHandler) refers to main.o(.bss.RSSI) for RSSI
    main.o(.text.EXTI2_IRQHandler) refers to main.o(.bss.myLoRa) for myLoRa
    main.o(.text.EXTI2_IRQHandler) refers to main.o(.bss.recv_data) for recv_data
    main.o(.text.EXTI2_IRQHandler) refers to lora.o(.text.LoRa_receive) for LoRa_receive
    main.o(.text.EXTI2_IRQHandler) refers to main.o(.bss.tx_buff) for tx_buff
    main.o(.text.EXTI2_IRQHandler) refers to rt_memclr.o(.text) for __aeabi_memclr
    main.o(.text.EXTI2_IRQHandler) refers to main.o(.bss.temperature) for temperature
    main.o(.text.EXTI2_IRQHandler) refers to main.o(.bss.humidity) for humidity
    main.o(.text.EXTI2_IRQHandler) refers to main.o(.bss.analog) for analog
    main.o(.text.EXTI2_IRQHandler) refers to main.o(.rodata.str1.1) for .L.str.5
    main.o(.text.EXTI2_IRQHandler) refers to sprintf.o(.text) for sprintf
    main.o(.text.EXTI2_IRQHandler) refers to mesh_nam.o(.text.handler_rx_data) for handler_rx_data
    main.o(.ARM.exidx.text.EXTI2_IRQHandler) refers to main.o(.text.EXTI2_IRQHandler) for [Anonymous Symbol]
    systick_delay.o(.text.delay_us) refers to systick_delay.o(.text.delay_init) for delay_init
    systick_delay.o(.text.delay_us) refers to systick_delay.o(.text.counter_ctl) for counter_ctl
    systick_delay.o(.ARM.exidx.text.delay_us) refers to systick_delay.o(.text.delay_us) for [Anonymous Symbol]
    systick_delay.o(.ARM.exidx.text.delay_init) refers to systick_delay.o(.text.delay_init) for [Anonymous Symbol]
    systick_delay.o(.ARM.exidx.text.counter_ctl) refers to systick_delay.o(.text.counter_ctl) for [Anonymous Symbol]
    systick_delay.o(.text.delay_ms) refers to systick_delay.o(.text.delay_us) for delay_us
    systick_delay.o(.ARM.exidx.text.delay_ms) refers to systick_delay.o(.text.delay_ms) for [Anonymous Symbol]
    systick_delay.o(.text.SysTick_Handler) refers to systick_delay.o(.bss.counting) for counting
    systick_delay.o(.ARM.exidx.text.SysTick_Handler) refers to systick_delay.o(.text.SysTick_Handler) for [Anonymous Symbol]
    lcd_hehe.o(.text.lcd_init) refers to lcd_hehe.o(.text.lcd_io_init) for lcd_io_init
    lcd_hehe.o(.text.lcd_init) refers to calloc.o(.text) for calloc
    lcd_hehe.o(.text.lcd_init) refers to lcd_hehe.o(.bss.my_lcd) for my_lcd
    lcd_hehe.o(.text.lcd_init) refers to lcd_hehe.o(.text.send_to_lcd) for send_to_lcd
    lcd_hehe.o(.text.lcd_init) refers to systick_delay.o(.text.delay_ms) for delay_ms
    lcd_hehe.o(.ARM.exidx.text.lcd_init) refers to lcd_hehe.o(.text.lcd_init) for [Anonymous Symbol]
    lcd_hehe.o(.ARM.exidx.text.lcd_io_init) refers to lcd_hehe.o(.text.lcd_io_init) for [Anonymous Symbol]
[...]
    [Anonymous Symbol]                       0x08001924   Section        0  lora.o(.text.LoRa_getRSSI)
    LoRa_gotoMode                            0x0800193d   Thumb Code   164  lora.o(.text.LoRa_gotoMode)
    [Anonymous Symbol]                       0x0800193c   Section        0  lora.o(.text.LoRa_gotoMode)
    [Anonymous Symbol]                       0x080019e0   Section        0  lora.o(.text.LoRa_init)
    LoRa_isvalid                             0x08001bcd   Thumb Code    10  lora.o(.text.LoRa_isvalid)
    [Anonymous Symbol]                       0x08001bcc   Section        0  lora.o(.text.LoRa_isvalid)
    LoRa_read                                0x08001bd9   Thumb Code    40  lora.o(.text.LoRa_read)
    [Anonymous Symbol]                       0x08001bd8   Section        0  lora.o(.text.LoRa_read)
    LoRa_readReg                             0x08001c01   Thumb Code    68  lora.o(.text.LoRa_readReg)
    [Anonymous Symbol]                       0x08001c00   Section        0  lora.o(.text.LoRa_readReg)
    [Anonymous Symbol]                       0x08001c44   Section        0  lora.o(.text.LoRa_receive)
    LoRa_setFrequency                        0x08001d11   Thumb Code    98  lora.o(.text.LoRa_setFrequency)
    [Anonymous Symbol]                       0x08001d10   Section        0  lora.o(.text.LoRa_setFrequency)
    LoRa_setOCP                              0x08001d75   Thumb Code   158  lora.o(.text.LoRa_setOCP)
    [Anonymous Symbol]                       0x08001d74   Section        0  lora.o(.text.LoRa_setOCP)
    LoRa_setPower                            0x08001e15   Thumb Code    28  lora.o(.text.LoRa_setPower)
    [Anonymous Symbol]                       0x08001e14   Section        0  lora.o(.text.LoRa_setPower)
    LoRa_setSpreadingFactor                  0x08001e31   Thumb Code    92  lora.o(.text.LoRa_setSpreadingFactor)
    [Anonymous Symbol]                       0x08001e30   Section        0  lora.o(.text.LoRa_setSpreadingFactor)
    LoRa_setTOMsb_setCRCon                   0x08001e8d   Thumb Code    50  lora.o(.text.LoRa_setTOMsb_setCRCon)
    [Anonymous Symbol]                       0x08001e8c   Section        0  lora.o(.text.LoRa_setTOMsb_setCRCon)
    [Anonymous Symbol]                       0x08001ec0   Section        0  lora.o(.text.LoRa_startReceiving)
    [Anonymous Symbol]                       0x08001ed4   Section        0  lora.o(.text.LoRa_transmit)
    LoRa_write                               0x08001f85   Thumb Code    40  lora.o(.text.LoRa_write)
    [Anonymous Symbol]                       0x08001f84   Section        0  lora.o(.text.LoRa_write)
    LoRa_writeReg                            0x08001fad   Thumb Code    68  lora.o(.text.LoRa_writeReg)
    [Anonymous Symbol]                       0x08001fac   Section        0  lora.o(.text.LoRa_writeReg)
    Lora_Reset                               0x08001ff1   Thumb Code    48  lora.o(.text.Lora_Reset)
    [Anonymous Symbol]                       0x08001ff0   Section        0  lora.o(.text.Lora_Reset)
    SetSysClock                              0x08002021   Thumb Code     8  system_stm32f10x.o(.text.SetSysClock)
    [Anonymous Symbol]                       0x08002020   Section        0  system_stm32f10x.o(.text.SetSysClock)
    SetSysClockTo72                          0x08002029   Thumb Code   290  system_stm32f10x.o(.text.SetSysClockTo72)
    [Anonymous Symbol]                       0x08002028   Section        0  system_stm32f10x.o(.text.SetSysClockTo72)
    [Anonymous Symbol]                       0x0800214c   Section        0  systick_delay.o(.text.SysTick_Handler)
    [Anonymous Symbol]                       0x0800215c   Section        0  system_stm32f10x.o(.text.SystemInit)
    __NVIC_EnableIRQ                         0x080021c5   Thumb Code    48  lora.o(.text.__NVIC_EnableIRQ)
    [Anonymous Symbol]                       0x080021c4   Section        0  lora.o(.text.__NVIC_EnableIRQ)
    __NVIC_EnableIRQ                         0x080021f5   Thumb Code    48  dht11_nam.o(.text.__NVIC_EnableIRQ)
    [Anonymous Symbol]                       0x080021f4   Section        0  dht11_nam.o(.text.__NVIC_EnableIRQ)
    __NVIC_SetPriority                       0x08002225   Thumb Code    66  lora.o(.text.__NVIC_SetPriority)
    [Anonymous Symbol]                       0x08002224   Section        0  lora.o(.text.__NVIC_SetPriority)
    [Anonymous Symbol]                       0x08002268   Section        0  adc_nam.o(.text.adc_init)
    check_response                           0x080022f9   Thumb Code   122  dht11_nam.o(.text.check_response)
    [Anonymous Symbol]                       0x080022f8   Section        0  dht11_nam.o(.text.check_response)
    [Anonymous Symbol]                       0x08002374   Section        0  lcd_hehe.o(.text.clear_lcd)
    counter_ctl                              0x08002389   Thumb Code    54  systick_delay.o(.text.counter_ctl)
    [Anonymous Symbol]                       0x08002388   Section        0  systick_delay.o(.text.counter_ctl)
    counter_disable                          0x080023c1   Thumb Code    26  dht11_nam.o(.text.counter_disable)
    [Anonymous Symbol]                       0x080023c0   Section        0  dht11_nam.o(.text.counter_disable)
    counter_enable                           0x080023dd   Thumb Code    26  dht11_nam.o(.text.counter_enable)
    [Anonymous Symbol]                       0x080023dc   Section        0  dht11_nam.o(.text.counter_enable)
    [Anonymous Symbol]                       0x080023f8   Section        0  mesh_nam.o(.text.default_packet)
    delay_init                               0x08002405   Thumb Code    42  systick_delay.o(.text.delay_init)
    [Anonymous Symbol]                       0x08002404   Section        0  systick_delay.o(.text.delay_init)
    [Anonymous Symbol]                       0x08002430   Section        0  systick_delay.o(.text.delay_ms)
    [Anonymous Symbol]                       0x08002454   Section        0  systick_delay.o(.text.delay_us)
    [Anonymous Symbol]                       0x080024a4   Section        0  dht11_nam.o(.text.dht11_init)
    format_pkt                               0x080024d1   Thumb Code   174  mesh_nam.o(.text.format_pkt)
    [Anonymous Symbol]                       0x080024d0   Section        0  mesh_nam.o(.text.format_pkt)
    get_counter_value                        0x08002581   Thumb Code    12  dht11_nam.o(.text.get_counter_value)
    [Anonymous Symbol]                       0x08002580   Section        0  dht11_nam.o(.text.get_counter_value)
    [Anonymous Symbol]                       0x0800258c   Section        0  mesh_nam.o(.text.handler_rx_data)
    [Anonymous Symbol]                       0x0800271c   Section        0  lcd_hehe.o(.text.lcd_display)
    [Anonymous Symbol]                       0x0800274c   Section        0  lcd_hehe.o(.text.lcd_goto_xy)
    [Anonymous Symbol]                       0x0800279c   Section        0  lcd_hehe.o(.text.lcd_init)
    lcd_io_init                              0x0800288d   Thumb Code   186  lcd_hehe.o(.text.lcd_io_init)
    [Anonymous Symbol]                       0x0800288c   Section        0  lcd_hehe.o(.text.lcd_io_init)
    lcd_set_pin_value                        0x08002949   Thumb Code    74  lcd_hehe.o(.text.lcd_set_pin_value)
    [Anonymous Symbol]                       0x08002948   Section        0  lcd_hehe.o(.text.lcd_set_pin_value)
    location                                 0x08002995   Thumb Code    68  adc_nam.o(.text.location)
    [Anonymous Symbol]                       0x08002994   Section        0  adc_nam.o(.text.location)
    [Anonymous Symbol]                       0x080029d8   Section        0  main.o(.text.main)
    mesh_send_pkt                            0x08002b4d   Thumb Code   130  mesh_nam.o(.text.mesh_send_pkt)
    [Anonymous Symbol]                       0x08002b4c   Section        0  mesh_nam.o(.text.mesh_send_pkt)
    mesh_send_pkt_no_cache                   0x08002bd1   Thumb Code   102  mesh_nam.o(.text.mesh_send_pkt_no_cache)
    [Anonymous Symbol]                       0x08002bd0   Section        0  mesh_nam.o(.text.mesh_send_pkt_no_cache)
    [Anonymous Symbol]                       0x08002c38   Section        0  lora.o(.text.newLora)
    [Anonymous Symbol]                       0x08002c5c   Section        0  wdt_nam.o(.text.ping_to_wdt)
    [Anonymous Symbol]                       0x08002c84   Section        0  adc_nam.o(.text.read_adc)
    [Anonymous Symbol]                       0x08002cec   Section        0  dht11_nam.o(.text.read_data)
    read_pin_value                           0x080030ed   Thumb Code    16  dht11_nam.o(.text.read_pin_value)
    [Anonymous Symbol]                       0x080030ec   Section        0  dht11_nam.o(.text.read_pin_value)
    relocation                               0x080030fd   Thumb Code    54  adc_nam.o(.text.relocation)
    [Anonymous Symbol]                       0x080030fc   Section        0  adc_nam.o(.text.relocation)
    send_to_lcd                              0x08003135   Thumb Code   324  lcd_hehe.o(.text.send_to_lcd)
    [Anonymous Symbol]                       0x08003134   Section        0  lcd_hehe.o(.text.send_to_lcd)
    set_channel                              0x08003279   Thumb Code    90  adc_nam.o(.text.set_channel)
    [Anonymous Symbol]                       0x08003278   Section        0  adc_nam.o(.text.set_channel)
    set_counter_value                        0x080032d5   Thumb Code    20  dht11_nam.o(.text.set_counter_value)
    [Anonymous Symbol]                       0x080032d4   Section        0  dht11_nam.o(.text.set_counter_value)
    set_direction                            0x080032e9   Thumb Code   118  dht11_nam.o(.text.set_direction)
    [Anonymous Symbol]                       0x080032e8   Section        0  dht11_nam.o(.text.set_direction)
    soil_mesurement                          0x08003361   Thumb Code    76  main.o(.text.soil_mesurement)
    [Anonymous Symbol]                       0x08003360   Section        0  main.o(.text.soil_mesurement)
    [Anonymous Symbol]                       0x080033ac   Section        0  spi_driver.o(.text.spi_master_init)
    [Anonymous Symbol]                       0x080034a4   Section        0  spi_driver.o(.text.spi_receive)
    [Anonymous Symbol]                       0x080034dc   Section        0  spi_driver.o(.text.spi_send_buffer_soft)
    [Anonymous Symbol]                       0x0800350c   Section        0  spi_driver.o(.text.spi_send_data)
    start_adc_conversion                     0x08003551   Thumb Code    60  adc_nam.o(.text.start_adc_conversion)
    [Anonymous Symbol]                       0x08003550   Section        0  adc_nam.o(.text.start_adc_conversion)
    start_condition                          0x0800358d   Thumb Code    48  dht11_nam.o(.text.start_condition)
    [Anonymous Symbol]                       0x0800358c   Section        0  dht11_nam.o(.text.start_condition)
    [Anonymous Symbol]                       0x080035bc   Section        0  wdt_nam.o(.text.watchdog_init)
    CL$$btod_d2e                             0x0800362e   Section       62  btod.o(CL$$btod_d2e)
    CL$$btod_d2e_denorm_low                  0x0800366c   Section       70  btod.o(CL$$btod_d2e_denorm_low)
    CL$$btod_d2e_norm_op1                    0x080036b2   Section       96  btod.o(CL$$btod_d2e_norm_op1)
    CL$$btod_div_common                      0x08003714   Section      824  btod.o(CL$$btod_div_common)
    CL$$btod_e2e                             0x08003a4c   Section      220  btod.o(CL$$btod_e2e)
    CL$$btod_ediv                            0x08003b28   Section       42  btod.o(CL$$btod_ediv)
    CL$$btod_emul                            0x08003b52   Section       42  btod.o(CL$$btod_emul)
    CL$$btod_mult_common                     0x08003b7c   Section      580  btod.o(CL$$btod_mult_common)
    i.__ARM_fpclassify                       0x08003dc0   Section        0  fpclassify.o(i.__ARM_fpclassify)
    i._is_digit                              0x08003de8   Section        0  __printf_wp.o(i._is_digit)
    locale$$code                             0x08003df8   Section       44  lc_numeric_c.o(locale$$code)
    locale$$code                             0x08003e24   Section       44  lc_ctype_c.o(locale$$code)
    x$fpl$dadd                               0x08003e50   Section      336  daddsub_clz.o(x$fpl$dadd)
    _dadd1                                   0x08003e61   Thumb Code     0  daddsub_clz.o(x$fpl$dadd)
    x$fpl$ddiv                               0x08003fa0   Section      692  ddiv.o(x$fpl$ddiv)
    ddiv_entry                               0x08003fa7   Thumb Code     0  ddiv.o(x$fpl$ddiv)
    x$fpl$dfltu                              0x08004254   Section       38  dflt_clz.o(x$fpl$dfltu)
    x$fpl$dmul                               0x0800427c   Section      340  dmul.o(x$fpl$dmul)
    x$fpl$dnaninf                            0x080043d0   Section      156  dnaninf.o(x$fpl$dnaninf)
    x$fpl$dretinf                            0x0800446c   Section       12  dretinf.o(x$fpl$dretinf)
    x$fpl$dsub                               0x08004478   Section      476  daddsub_clz.o(x$fpl$dsub)
    _dsub1                                   0x08004489   Thumb Code     0  daddsub_clz.o(x$fpl$dsub)
    x$fpl$printf1                            0x08004654   Section        4  printf1.o(x$fpl$printf1)
    x$fpl$printf2                            0x08004658   Section        4  printf2.o(x$fpl$printf2)
    initial_mbstate                          0x0800465c   Data           8  _printf_wctomb.o(.constdata)
    .constdata                               0x0800465c   Section        8  _printf_wctomb.o(.constdata)
    x$fpl$usenofp                            0x0800465c   Section        0  usenofp.o(x$fpl$usenofp)
    uc_hextab                                0x08004664   Data          20  _printf_hex_int_ll_ptr.o(.constdata)
    .constdata                               0x08004664   Section       40  _printf_hex_int_ll_ptr.o(.constdata)
    lc_hextab                                0x08004678   Data          20  _printf_hex_int_ll_ptr.o(.constdata)
    maptable                                 0x0800468c   Data          17  __printf_flags_ss_wp.o(.constdata)
    .constdata                               0x0800468c   Section       17  __printf_flags_ss_wp.o(.constdata)
    lc_hextab                                0x0800469d   Data          19  _printf_fp_hex.o(.constdata)
    .constdata                               0x0800469d   Section       38  _printf_fp_hex.o(.constdata)
    uc_hextab                                0x080046b0   Data          19  _printf_fp_hex.o(.constdata)
    tenpwrs_x                                0x080046c4   Data          60  bigflt0.o(.constdata)
    .constdata                               0x080046c4   Section      148  bigflt0.o(.constdata)
    tenpwrs_i                                0x08004700   Data          64  bigflt0.o(.constdata)
    .L.str                                   0x08004758   Data          16  main.o(.rodata.str1.1)
    [Anonymous Symbol]                       0x08004758   Section        0  main.o(.rodata.str1.1)
    .L.str.1                                 0x08004768   Data          14  main.o(.rodata.str1.1)
    .L.str.3                                 0x08004776   Data          11  main.o(.rodata.str1.1)
    .L.str.4                                 0x08004781   Data          18  main.o(.rodata.str1.1)
    .L.str.2                                 0x08004793   Data           9  main.o(.rodata.str1.1)
    .L.str.5                                 0x0800479c   Data          15  main.o(.rodata.str1.1)
    .L.str                                   0x080047ab   Data           8  mesh_nam.o(.rodata.str1.1)
    [Anonymous Symbol]                       0x080047ab   Section        0  mesh_nam.o(.rodata.str1.1)
    locale$$data                             0x080047c4   Section       28  lc_numeric_c.o(locale$$data)
    __lcnum_c_name                           0x080047c8   Data           2  lc_numeric_c.o(locale$$data)
    __lcnum_c_start                          0x080047d0   Data           0  lc_numeric_c.o(locale$$data)
    __lcnum_c_point                          0x080047dc   Data           0  lc_numeric_c.o(locale$$data)
    __lcnum_c_thousands                      0x080047de   Data           0  lc_numeric_c.o(locale$$data)
    __lcnum_c_grouping                       0x080047df   Data           0  lc_numeric_c.o(locale$$data)
    __lcnum_c_end                            0x080047e0   Data           0  lc_numeric_c.o(locale$$data)
    locale$$data                             0x080047e0   Section      272  lc_ctype_c.o(locale$$data)
    __lcctype_c_name                         0x080047e4   Data           2  lc_ctype_c.o(locale$$data)
    __lcctype_c_start                        0x080047ec   Data           0  lc_ctype_c.o(locale$$data)
    __lcctype_c_end                          0x080048f0   Data           0  lc_ctype_c.o(locale$$data)
    .bss                                     0x20000000   Section       96  libspace.o(.bss)
    RSSI                                     0x20000060   Data           4  main.o(.bss.RSSI)
    [Anonymous Symbol]                       0x20000060   Section        0  main.o(.bss.RSSI)
    analog                                   0x20000068   Data           8  main.o(.bss.analog)
    [Anonymous Symbol]                       0x20000068   Section        0  main.o(.bss.analog)
    cache_buffer                             0x20000070   Data          50  mesh_nam.o(.bss.cache_buffer)
    [Anonymous Symbol]                       0x20000070   Section        0  mesh_nam.o(.bss.cache_buffer)
    humidity                                 0x200000a8   Data           8  main.o(.bss.humidity)
    [Anonymous Symbol]                       0x200000a8   Section        0  main.o(.bss.humidity)
    my_lcd                                   0x200000c0   Data           4  lcd_hehe.o(.bss.my_lcd)
    [Anonymous Symbol]                       0x200000c0   Section        0  lcd_hehe.o(.bss.my_lcd)
    read_data.check_sum                      0x200000c4   Data           1  dht11_nam.o(.bss.read_data.check_sum)
    [Anonymous Symbol]                       0x200000c4   Section        0  dht11_nam.o(.bss.read_data.check_sum)
    read_data.first_hum                      0x200000c5   Data           1  dht11_nam.o(.bss.read_data.first_hum)
    [Anonymous Symbol]                       0x200000c5   Section        0  dht11_nam.o(.bss.read_data.first_hum)
    read_data.first_tem                      0x200000c6   Data           1  dht11_nam.o(.bss.read_data.first_tem)
    [Anonymous Symbol]                       0x200000c6   Section        0  dht11_nam.o(.bss.read_data.first_tem)
    read_data.last_hum                       0x200000c7   Data           1  dht11_nam.o(.bss.read_data.last_hum)
    [Anonymous Symbol]                       0x200000c7   Section        0  dht11_nam.o(.bss.read_data.last_hum)
    read_data.last_tem                       0x200000c8   Data           1  dht11_nam.o(.bss.read_data.last_tem)
    [Anonymous Symbol]                       0x200000c8   Section        0  dht11_nam.o(.bss.read_data.last_tem)
    recv_data                                0x200000c9   Data          50  main.o(.bss.recv_data)
    [Anonymous Symbol]                       0x200000c9   Section        0  main.o(.bss.recv_data)
    temperature                              0x20000100   Data           8  main.o(.bss.temperature)
    [Anonymous Symbol]                       0x20000100   Section        0  main.o(.bss.temperature)
    Heap_Mem                                 0x20000130   Data         512  startup_stm32f10x_md.o(HEAP)
    HEAP                                     0x20000130   Section      512  startup_stm32f10x_md.o(HEAP)
    Stack_Mem                                0x20000330   Data        1024  startup_stm32f10x_md.o(STACK)
    STACK                                    0x20000330   Section     1024  startup_stm32f10x_md.o(STACK)
    __initial_sp                             0x20000730   Data           0  startup_stm32f10x_md.o(STACK)

    Global Symbols

    Symbol Name                              Value     Ov Type        Size  Object(Section)

    BuildAttributes$$THM_ISAv4$P$D$K$B$S$PE$A:L22UL41UL21$X:L11$S22US41US21$IEEE1$IW$~IW$USESV6$~STKCKD$USESV7$~SHL$OTIME$ROPI$IEEEJ$EBA8$UX$STANDARDLIB$REQ8$PRES8$EABIv2 0x00000000   Number         0  anon$$obj.o ABSOLUTE
    __fp_init_empty                          0x00000000   Number         0  fpinit_empty.o ABSOLUTE
    _printf_flags                            0x00000000   Number         0  printf_stubs.o ABSOLUTE
    _printf_return_value                     0x00000000   Number         0  printf_stubs.o ABSOLUTE
    _printf_sizespec                         0x00000000   Number         0  printf_stubs.o ABSOLUTE
    _printf_widthprec                        0x00000000   Number         0  printf_stubs.o ABSOLUTE
    __ARM_exceptions_init                     - Undefined Weak Reference
    __alloca_initialize                       - Undefined Weak Reference
    __arm_preinit_                            - Undefined Weak Reference
    __arm_relocate_pie_                       - Undefined Weak Reference
    __cpp_initialize__aeabi_                  - Undefined Weak Reference
    __cxa_finalize                            - Undefined Weak Reference
    __sigvec_lookup                           - Undefined Weak Reference
    __user_heap_extent                        - Undefined Weak Reference
    _atexit_init                              - Undefined Weak Reference
    _call_atexit_fns                          - Undefined Weak Reference
    _clock_init                               - Undefined Weak Reference
    _fp_trap_init                             - Undefined Weak Reference
    _fp_trap_shutdown                         - Undefined Weak Reference
    _get_lc_collate                           - Undefined Weak Reference
    _get_lc_monetary                          - Undefined Weak Reference
    _get_lc_time                              - Undefined Weak Reference
    _getenv_init                              - Undefined Weak Reference
    _handle_redirection                       - Undefined Weak Reference
    _initio                                   - Undefined Weak Reference
    _mutex_acquire                            - Undefined Weak Reference
    _mutex_free                               - Undefined Weak Reference
    _mutex_release                            - Undefined Weak Reference
    _printf_mbtowc                            - Undefined Weak Reference
    _printf_wc                                - Undefined Weak Reference
    _rand_init                                - Undefined Weak Reference
    _signal_finish                            - Undefined Weak Reference
    _signal_init                              - Undefined Weak Reference
    _terminateio                              - Undefined Weak Reference
    __Vectors_Size                           0x000000ec   Number         0  startup_stm32f10x_md.o ABSOLUTE
    __Vectors                                0x08000000   Data           4  startup_stm32f10x_md.o(RESET)
    __Vectors_End                            0x080000ec   Data           0  startup_stm32f10x_md.o(RESET)
    __main                                   0x080000ed   Thumb Code     8  __main.o(!!!main)
    __scatterload                            0x080000f5   Thumb Code     0  __scatter.o(!!!scatter)
    __scatterload_rt2                        0x080000f5   Thumb Code    84  __scatter.o(!!!scatter)
    __scatterload_rt2_thumb_only             0x080000f5   Thumb Code     0  __scatter.o(!!!scatter)
    __scatterload_loop                       0x080000ff   Thumb Code     0  __scatter.o(!!!scatter)
    __scatterload_null                       0x08000151   Thumb Code     2  __scatter.o(!!handler_null)
    __scatterload_zeroinit                   0x08000155   Thumb Code    28  __scatter_zi.o(!!handler_zi)
    _printf_n                                0x08000171   Thumb Code     0  _printf_n.o(.ARM.Collect$$_printf_percent$$00000001)
    _printf_percent                          0x08000171   Thumb Code     0  _printf_percent.o(.ARM.Collect$$_printf_percent$$00000000)
    _printf_p                                0x08000177   Thumb Code     0  _printf_p.o(.ARM.Collect$$_printf_percent$$00000002)
    _printf_f                                0x0800017d   Thumb Code     0  _printf_f.o(.ARM.Collect$$_printf_percent$$00000003)
    _printf_e                                0x08000183   Thumb Code     0  _printf_e.o(.ARM.Collect$$_printf_percent$$00000004)
    _printf_g                                0x08000189   Thumb Code     0  _printf_g.o(.ARM.Collect$$_printf_percent$$00000005)
    _printf_a                                0x0800018f   Thumb Code     0  _printf_a.o(.ARM.Collect$$_printf_percent$$00000006)
    _printf_ll                               0x08000195   Thumb Code     0  _printf_ll.o(.ARM.Collect$$_printf_percent$$00000007)
    _printf_i                                0x0800019f   Thumb Code     0  _printf_i.o(.ARM.Collect$$_printf_percent$$00000008)
    _printf_d                                0x080001a5   Thumb Code     0  _printf_d.o(.ARM.Collect$$_printf_percent$$00000009)
    _printf_u                                0x080001ab   Thumb Code     0  _printf_u.o(.ARM.Collect$$_printf_percent$$0000000A)
    _printf_o                                0x080001b1   Thumb Code     0  _printf_o.o(.ARM.Collect$$_printf_percent$$0000000B)
    _printf_x                                0x080001b7   Thumb Code     0  _printf_x.o(.ARM.Collect$$_printf_percent$$0000000C)
    _printf_lli                              0x080001bd   Thumb Code     0  _printf_lli.o(.ARM.Collect$$_printf_percent$$0000000D)
    _printf_lld                              0x080001c3   Thumb Code     0  _printf_lld.o(.ARM.Collect$$_printf_percent$$0000000E)
    _printf_llu                              0x080001c9   Thumb Code     0  _printf_llu.o(.ARM.Collect$$_printf_percent$$0000000F)
    _printf_llo                              0x080001cf   Thumb Code     0  _printf_llo.o(.ARM.Collect$$_printf_percent$$00000010)
    _printf_llx                              0x080001d5   Thumb Code     0  _printf_llx.o(.ARM.Collect$$_printf_percent$$00000011)
    _printf_l                                0x080001db   Thumb Code     0  _printf_l.o(.ARM.Collect$$_printf_percent$$00000012)
    _printf_c                                0x080001e5   Thumb Code     0  _printf_c.o(.ARM.Collect$$_printf_percent$$00000013)
    _printf_s                                0x080001eb   Thumb Code     0  _printf_s.o(.ARM.Collect$$_printf_percent$$00000014)
    _printf_lc                               0x080001f1   Thumb Code     0  _printf_lc.o(.ARM.Collect$$_printf_percent$$00000015)
    _printf_ls                               0x080001f7   Thumb Code     0  _printf_ls.o(.ARM.Collect$$_printf_percent$$00000016)
    _printf_percent_end                      0x080001fd   Thumb Code     0  _printf_percent_end.o(.ARM.Collect$$_printf_percent$$00000017)
    __rt_lib_init                            0x08000201   Thumb Code     0  libinit.o(.ARM.Collect$$libinit$$00000000)
    __rt_lib_init_fp_1                       0x08000203   Thumb Code     0  libinit2.o(.ARM.Collect$$libinit$$00000002)
    __rt_lib_init_heap_2                     0x08000203   Thumb Code     0  libinit2.o(.ARM.Collect$$libinit$$00000007)
    __rt_lib_init_preinit_1                  0x08000203   Thumb Code     0  libinit2.o(.ARM.Collect$$libinit$$00000006)
    __rt_lib_init_relocate_pie_1             0x08000203   Thumb Code     0  libinit2.o(.ARM.Collect$$libinit$$00000004)
    __rt_lib_init_heap_1                     0x0800020b   Thumb Code     0  libinit2.o(.ARM.Collect$$libinit$$0000000C)
    __rt_lib_init_lc_common                  0x0800020b   Thumb Code     0  libinit2.o(.ARM.Collect$$libinit$$00000011)
    __rt_lib_init_rand_1                     0x0800020b   Thumb Code     0  libinit2.o(.ARM.Collect$$libinit$$00000010)
    __rt_lib_init_user_alloc_1               0x0800020b   Thumb Code     0  libinit2.o(.ARM.Collect$$libinit$$0000000E)
    __rt_lib_init_lc_collate_1               0x08000211   Thumb Code     0  libinit2.o(.ARM.Collect$$libinit$$00000013)
    __rt_lib_init_lc_ctype_2                 0x08000211   Thumb Code     0  libinit2.o(.ARM.Collect$$libinit$$00000014)
    __rt_lib_init_lc_ctype_1                 0x0800021d   Thumb Code     0  libinit2.o(.ARM.Collect$$libinit$$00000015)
    __rt_lib_init_lc_monetary_1              0x0800021d   Thumb Code     0  libinit2.o(.ARM.Collect$$libinit$$00000017)
    __rt_lib_init_lc_numeric_2               0x0800021d   Thumb Code     0  libinit2.o(.ARM.Collect$$libinit$$00000018)
    __rt_lib_init_alloca_1                   0x08000227   Thumb Code     0  libinit2.o(.ARM.Collect$$libinit$$00000030)
    __rt_lib_init_argv_1                     0x08000227   Thumb Code     0  libinit2.o(.ARM.Collect$$libinit$$0000002E)
    __rt_lib_init_atexit_1                   0x08000227   Thumb Code     0  libinit2.o(.ARM.Collect$$libinit$$0000001D)
    __rt_lib_init_clock_1                    0x08000227   Thumb Code     0  libinit2.o(.ARM.Collect$$libinit$$00000023)
    __rt_lib_init_cpp_1                      0x08000227   Thumb Code     0  libinit2.o(.ARM.Collect$$libinit$$00000034)
    __rt_lib_init_exceptions_1               0x08000227   Thumb Code     0  libinit2.o(.ARM.Collect$$libinit$$00000032)
    __rt_lib_init_fp_trap_1                  0x08000227   Thumb Code     0  libinit2.o(.ARM.Collect$$libinit$$00000021)
    __rt_lib_init_getenv_1                   0x08000227   Thumb Code     0  libinit2.o(.ARM.Collect$$libinit$$00000025)
    __rt_lib_init_lc_numeric_1               0x08000227   Thumb Code     0  libinit2.o(.ARM.Collect$$libinit$$00000019)
    __rt_lib_init_lc_time_1                  0x08000227   Thumb Code     0  libinit2.o(.ARM.Collect$$libinit$$0000001B)
    __rt_lib_init_return                     0x08000227   Thumb Code     0  libinit2.o(.ARM.Collect$$libinit$$00000035)
    __rt_lib_init_signal_1                   0x08000227   Thumb Code     0  libinit2.o(.ARM.Collect$$libinit$$0000001F)
    __rt_lib_init_stdio_1                    0x08000227   Thumb Code     0  libinit2.o(.ARM.Collect$$libinit$$00000027)
    __rt_lib_shutdown                        0x08000229   Thumb Code     0  libshutdown.o(.ARM.Collect$$libshutdown$$00000000)
    __rt_lib_shutdown_cpp_1                  0x0800022b   Thumb Code     0  libshutdown2.o(.ARM.Collect$$libshutdown$$00000002)
    __rt_lib_shutdown_fp_trap_1              0x0800022b   Thumb Code     0  libshutdown2.o(.ARM.Collect$$libshutdown$$00000007)
    __rt_lib_shutdown_heap_1                 0x0800022b   Thumb Code     0  libshutdown2.o(.ARM.Collect$$libshutdown$$0000000F)
    __rt_lib_shutdown_return                 0x0800022b   Thumb Code     0  libshutdown2.o(.ARM.Collect$$libshutdown$$00000010)
    __rt_lib_shutdown_signal_1               0x0800022b   Thumb Code     0  libshutdown2.o(.ARM.Collect$$libshutdown$$0000000A)
    __rt_lib_shutdown_stdio_1                0x0800022b   Thumb Code     0  libshutdown2.o(.ARM.Collect$$libshutdown$$00000004)
    __rt_lib_shutdown_user_alloc_1           0x0800022b   Thumb Code     0  libshutdown2.o(.ARM.Collect$$libshutdown$$0000000C)
    __rt_entry                               0x0800022d   Thumb Code     0  __rtentry.o(.ARM.Collect$$rtentry$$00000000)
    __rt_entry_presh_1                       0x0800022d   Thumb Code     0  __rtentry2.o(.ARM.Collect$$rtentry$$00000002)
    __rt_entry_sh                            0x0800022d   Thumb Code     0  __rtentry4.o(.ARM.Collect$$rtentry$$00000004)
    __rt_entry_li                            0x08000233   Thumb Code     0  __rtentry2.o(.ARM.Collect$$rtentry$$0000000A)
    __rt_entry_postsh_1                      0x08000233   Thumb Code     0  __rtentry2.o(.ARM.Collect$$rtentry$$00000009)
    __rt_entry_main                          0x08000237   Thumb Code     0  __rtentry2.o(.ARM.Collect$$rtentry$$0000000D)
    __rt_entry_postli_1                      0x08000237   Thumb Code     0  __rtentry2.o(.ARM.Collect$$rtentry$$0000000C)
    __rt_exit                                0x0800023f   Thumb Code     0  rtexit.o(.ARM.Collect$$rtexit$$00000000)
    __rt_exit_ls                             0x08000241   Thumb Code     0  rtexit2.o(.ARM.Collect$$rtexit$$00000003)
    __rt_exit_prels_1                        0x08000241   Thumb Code     0  rtexit2.o(.ARM.Collect$$rtexit$$00000002)
    __rt_exit_exit                           0x08000245   Thumb Code     0  rtexit2.o(.ARM.Collect$$rtexit$$00000004)
    Reset_Handler                            0x0800024d   Thumb Code     8  startup_stm32f10x_md.o(.text)
    NMI_Handler                              0x08000255   Thumb Code     2  startup_stm32f10x_md.o(.text)
    HardFault_Handler                        0x08000257   Thumb Code     2  startup_stm32f10x_md.o(.text)
    MemManage_Handler                        0x08000259   Thumb Code     2  startup_stm32f10x_md.o(.text)
    BusFault_Handler                         0x0800025b   Thumb Code     2  startup_stm32f10x_md.o(.text)
    UsageFault_Handler                       0x0800025d   Thumb Code     2  startup_stm32f10x_md.o(.text)
    SVC_Handler                              0x0800025f   Thumb Code     2  startup_stm32f10x_md.o(.text)
    DebugMon_Handler                         0x08000261   Thumb Code     2  startup_stm32f10x_md.o(.text)
    PendSV_Handler                           0x08000263   Thumb Code     2  startup_stm32f10x_md.o(.text)
    ADC1_2_IRQHandler                        0x08000267   Thumb Code     0  startup_stm32f10x_md.o(.text)
    CAN1_RX1_IRQHandler                      0x08000267   Thumb Code     0  startup_stm32f10x_md.o(.text)
    CAN1_SCE_IRQHandler                      0x08000267   Thumb Code     0  startup_stm32f10x_md.o(.text)
    DMA1_Channel1_IRQHandler                 0x08000267   Thumb Code     0  startup_stm32f10x_md.o(.text)
    DMA1_Channel2_IRQHandler                 0x08000267   Thumb Code     0  startup_stm32f10x_md.o(.text)
    DMA1_Channel3_IRQHandler                 0x08000267   Thumb Code     0  startup_stm32f10x_md.o(.text)
    DMA1_Channel4_IRQHandler                 0x08000267   Thumb Code     0  startup_stm32f10x_md.o(.text)
    DMA1_Channel5_IRQHandler                 0x08000267   Thumb Code     0  startup_stm32f10x_md.o(.text)
    DMA1_Channel6_IRQHandler                 0x08000267   Thumb Code     0  startup_stm32f10x_md.o(.text)
    DMA1_Channel7_IRQHandler                 0x08000267   Thumb Code     0  startup_stm32f10x_md.o(.text)
    EXTI0_IRQHandler                         0x08000267   Thumb Code     0  startup_stm32f10x_md.o(.text)
    EXTI15_10_IRQHandler                     0x08000267   Thumb Code     0  startup_stm32f10x_md.o(.text)
    EXTI1_IRQHandler                         0x08000267   Thumb Code     0  startup_stm32f10x_md.o(.text)
    EXTI3_IRQHandler                         0x08000267   Thumb Code     0  startup_stm32f10x_md.o(.text)
    EXTI4_IRQHandler                         0x08000267   Thumb Code     0  startup_stm32f10x_md.o(.text)
    EXTI9_5_IRQHandler                       0x08000267   Thumb Code     0  startup_stm32f10x_md.o(.text)
    FLASH_IRQHandler                         0x08000267   Thumb Code     0  startup_stm32f10x_md.o(.text)
    I2C1_ER_IRQHandler                       0x08000267   Thumb Code     0  startup_stm32f10x_md.o(.text)
    I2C1_EV_IRQHandler                       0x08000267   Thumb Code     0  startup_stm32f10x_md.o(.text)
    I2C2_ER_IRQHandler                       0x08000267   Thumb Code     0  startup_stm32f10x_md.o(.text)
    I2C2_EV_IRQHandler                       0x08000267   Thumb Code     0  startup_stm32f10x_md.o(.text)
    PVD_IRQHandler                           0x08000267   Thumb Code     0  startup_stm32f10x_md.o(.text)
    RCC_IRQHandler                           0x08000267   Thumb Code     0  startup_stm32f10x_md.o(.text)
    RTCAlarm_IRQHandler                      0x08000267   Thumb Code     0  startup_stm32f10x_md.o(.text)
    RTC_IRQHandler                           0x08000267   Thumb Code     0  startup_stm32f10x_md.o(.text)
    SPI1_IRQHandler                          0x08000267   Thumb Code     0  startup_stm32f10x_md.o(.text)
    SPI2_IRQHandler                          0x08000267   Thumb Code     0  startup_stm32f10x_md.o(.text)
    TAMPER_IRQHandler                        0x08000267   Thumb Code     0  startup_stm32f10x_md.o(.text)
    TIM1_BRK_IRQHandler                      0x08000267   Thumb Code     0  startup_stm32f10x_md.o(.text)
    TIM1_CC_IRQHandler                       0x08000267   Thumb Code     0  startup_stm32f10x_md.o(.text)
    TIM1_TRG_COM_IRQHandler                  0x08000267   Thumb Code     0  startup_stm32f10x_md.o(.text)
    TIM1_UP_IRQHandler                       0x08000267   Thumb Code     0  startup_stm32f10x_md.o(.text)
    TIM2_IRQHandler                          0x08000267   Thumb Code     0  startup_stm32f10x_md.o(.text)
    TIM3_IRQHandler                          0x08000267   Thumb Code     0  startup_stm32f10x_md.o(.text)
    TIM4_IRQHandler                          0x08000267   Thumb Code     0  startup_stm32f10x_md.o(.text)
    USART1_IRQHandler                        0x08000267   Thumb Code     0  startup_stm32f10x_md.o(.text)
    USART2_IRQHandler                        0x08000267   Thumb Code     0  startup_stm32f10x_md.o(.text)
    USART3_IRQHandler                        0x08000267   Thumb Code     0  startup_stm32f10x_md.o(.text)
    USBWakeUp_IRQHandler                     0x08000267   Thumb Code     0  startup_stm32f10x_md.o(.text)
    USB_HP_CAN1_TX_IRQHandler                0x08000267   Thumb Code     0  startup_stm32f10x_md.o(.text)
    USB_LP_CAN1_RX0_IRQHandler               0x08000267   Thumb Code     0  startup_stm32f10x_md.o(.text)
    WWDG_IRQHandler                          0x08000267   Thumb Code     0  startup_stm32f10x_md.o(.text)
    __user_initial_stackheap                 0x08000269   Thumb Code     0  startup_stm32f10x_md.o(.text)
    calloc                                   0x0800028d   Thumb Code    40  calloc.o(.text)
    free                                     0x080002b5   Thumb Code    78  h1_free.o(.text)
    sprintf                                  0x08000305   Thumb Code    38  sprintf.o(.text)
    strlen                                   0x08000331   Thumb Code    62  strlen.o(.text)
    strncmp                                  0x0800036f   Thumb Code   150  strncmp.o(.text)
    __aeabi_memcpy                           0x08000405   Thumb Code     0  rt_memcpy_v6.o(.text)
    __rt_memcpy                              0x08000405   Thumb Code   138  rt_memcpy_v6.o(.text)
    _memcpy_lastbytes                        0x0800046b   Thumb Code     0  rt_memcpy_v6.o(.text)
    __aeabi_memclr                           0x0800048f   Thumb Code     0  rt_memclr.o(.text)
    __rt_memclr                              0x0800048f   Thumb Code     0  rt_memclr.o(.text)
    _memset                                  0x08000493   Thumb Code    64  rt_memclr.o(.text)
    __use_two_region_memory                  0x080004d3   Thumb Code     2  heapauxi.o(.text)
    __rt_heap_escrow                         0x080004d5   Thumb Code     2  heapauxi.o(.text)
    __rt_heap_expand                         0x080004d7   Thumb Code     2  heapauxi.o(.text)
    __rt_heap_descriptor                     0x080004d9   Thumb Code     8  rt_heap_descriptor_intlibspace.o(.text)
    __use_no_heap                            0x080004e1   Thumb Code     2  hguard.o(.text)
    __heap$guard                             0x080004e3   Thumb Code     2  hguard.o(.text)
    _terminate_user_alloc                    0x080004e5   Thumb Code     2  init_alloc.o(.text)
    _init_user_alloc                         0x080004e7   Thumb Code     2  init_alloc.o(.text)
    __Heap_Full                              0x080004e9   Thumb Code    34  init_alloc.o(.text)
    __Heap_Broken                            0x0800050b   Thumb Code     6  init_alloc.o(.text)
    _init_alloc                              0x08000511   Thumb Code    94  init_alloc.o(.text)
    malloc                                   0x0800056f   Thumb Code    94  h1_alloc.o(.text)
    _printf_pre_padding                      0x080005cd   Thumb Code    44  _printf_pad.o(.text)
    _printf_post_padding                     0x080005f9   Thumb Code    34  _printf_pad.o(.text)
    _printf_truncate_signed                  0x0800061b   Thumb Code    18  _printf_truncate.o(.text)
    _printf_truncate_unsigned                0x0800062d   Thumb Code    18  _printf_truncate.o(.text)
    _printf_str                              0x0800063f   Thumb Code    82  _printf_str.o(.text)
    _printf_int_dec                          0x08000691   Thumb Code   104  _printf_dec.o(.text)
    _printf_charcount                        0x08000709   Thumb Code    40  _printf_charcount.o(.text)
    _printf_char_common                      0x0800073b   Thumb Code    32  _printf_char_common.o(.text)
    _sputc                                   0x08000761   Thumb Code    10  _sputc.o(.text)
    _printf_wctomb                           0x0800076d   Thumb Code   182  _printf_wctomb.o(.text)
    _printf_longlong_dec                     0x08000829   Thumb Code   108  _printf_longlong_dec.o(.text)
    _printf_longlong_oct                     0x080008a5   Thumb Code    68  _printf_oct_int_ll.o(.text)
    _printf_int_oct                          0x080008e9   Thumb Code    24  _printf_oct_int_ll.o(.text)
    _printf_ll_oct                           0x08000901   Thumb Code    12  _printf_oct_int_ll.o(.text)
    _printf_longlong_hex                     0x08000915   Thumb Code    86  _printf_hex_int_ll_ptr.o(.text)
    _printf_int_hex                          0x0800096b   Thumb Code    28  _printf_hex_int_ll_ptr.o(.text)
    _printf_ll_hex                           0x08000987   Thumb Code    12  _printf_hex_int_ll_ptr.o(.text)
    _printf_hex_ptr                          0x08000993   Thumb Code    18  _printf_hex_int_ll_ptr.o(.text)
    __printf                                 0x080009a9   Thumb Code   388  __printf_flags_ss_wp.o(.text)
    __aeabi_memcpy4                          0x08000b31   Thumb Code     0  rt_memcpy_w.o(.text)
    __aeabi_memcpy8                          0x08000b31   Thumb Code     0  rt_memcpy_w.o(.text)
    __rt_memcpy_w                            0x08000b31   Thumb Code   100  rt_memcpy_w.o(.text)
    _memcpy_lastbytes_aligned                0x08000b79   Thumb Code     0  rt_memcpy_w.o(.text)
    __aeabi_memclr4                          0x08000b95   Thumb Code     0  rt_memclr_w.o(.text)
    __aeabi_memclr8                          0x08000b95   Thumb Code     0  rt_memclr_w.o(.text)
    __rt_memclr_w                            0x08000b95   Thumb Code     0  rt_memclr_w.o(.text)
    _memset_w                                0x08000b99   Thumb Code    74  rt_memclr_w.o(.text)
    __user_libspace                          0x08000be5   Thumb Code     8  libspace.o(.text)
    __user_perproc_libspace                  0x08000be5   Thumb Code     0  libspace.o(.text)
    __user_perthread_libspace                0x08000be5   Thumb Code     0  libspace.o(.text)
    __Heap_Initialize                        0x08000bed   Thumb Code     8  h1_init.o(.text)
    _maybe_terminate_alloc                   0x08000bed   Thumb Code     0  maybetermalloc1.o(.text)
    __Heap_DescSize                          0x08000bf5   Thumb Code     4  h1_init.o(.text)
    __Heap_ProvideMemory                     0x08000bf9   Thumb Code    52  h1_extend.o(.text)
    _ll_udiv10                               0x08000c2d   Thumb Code   138  lludiv10.o(.text)
    _printf_int_common                       0x08000cb7   Thumb Code   178  _printf_intcommon.o(.text)
    _printf_fp_dec_real                      0x08000f19   Thumb Code   620  _printf_fp_dec.o(.text)
    _printf_fp_hex_real                      0x08001185   Thumb Code   756  _printf_fp_hex.o(.text)
    _printf_cs_common                        0x08001481   Thumb Code    20  _printf_char.o(.text)
    _printf_char                             0x08001495   Thumb Code    16  _printf_char.o(.text)
    _printf_string                           0x080014a5   Thumb Code     8  _printf_char.o(.text)
    _printf_lcs_common                       0x080014ad   Thumb Code    20  _printf_wchar.o(.text)
    _printf_wchar                            0x080014c1   Thumb Code    16  _printf_wchar.o(.text)
    _printf_wstring                          0x080014d1   Thumb Code     8  _printf_wchar.o(.text)
    _c16rtomb                                0x080014d9   Thumb Code    72  _c16rtomb.o(.text)
    _wcrtomb                                 0x080014d9   Thumb Code     0  _c16rtomb.o(.text)
    __rt_SIGRTMEM                            0x08001521   Thumb Code    14  defsig_rtmem_outer.o(.text)
    __user_setup_stackheap                   0x0800152f   Thumb Code    74  sys_stackheap_outer.o(.text)
    __rt_ctype_table                         0x08001579   Thumb Code    16  rt_ctype_table.o(.text)
    __rt_locale                              0x08001589   Thumb Code     8  rt_locale_intlibspace.o(.text)
    _printf_fp_infnan                        0x08001591   Thumb Code   112  _printf_fp_infnan.o(.text)
    _btod_etento                             0x08001611   Thumb Code   224  bigflt0.o(.text)
    exit                                     0x080016f5   Thumb Code    18  exit.o(.text)
    __sig_exit                               0x08001707   Thumb Code    10  defsig_exit.o(.text)
    __rt_SIGRTMEM_inner                      0x08001711   Thumb Code    22  defsig_rtmem_inner.o(.text)
    _sys_exit                                0x08001761   Thumb Code     8  sys_exit.o(.text)
    __I$use$semihosting                      0x0800176d   Thumb Code     0  use_no_semi.o(.text)
    __use_no_semihosting_swi                 0x0800176d   Thumb Code     2  use_no_semi.o(.text)
    __default_signal_display                 0x0800176f   Thumb Code    50  defsig_general.o(.text)
    __semihosting_library_function           0x0800176f   Thumb Code     0  indicate_semi.o(.text)
    strcmp                                   0x080017a1   Thumb Code   128  strcmpv7m.o(.text)
    _ttywrch                                 0x08001821   Thumb Code    14  sys_wrch.o(.text)
    EXTI2_IRQHandler                         0x08001831   Thumb Code   162  main.o(.text.EXTI2_IRQHandler)
    LoRa_getRSSI                             0x08001925   Thumb Code    24  lora.o(.text.LoRa_getRSSI)
    LoRa_init                                0x080019e1   Thumb Code   492  lora.o(.text.LoRa_init)
    LoRa_receive                             0x08001c45   Thumb Code   202  lora.o(.text.LoRa_receive)
    LoRa_startReceiving                      0x08001ec1   Thumb Code    18  lora.o(.text.LoRa_startReceiving)
    LoRa_transmit                            0x08001ed5   Thumb Code   174  lora.o(.text.LoRa_transmit)
    SysTick_Handler                          0x0800214d   Thumb Code    16  systick_delay.o(.text.SysTick_Handler)
    SystemInit                               0x0800215d   Thumb Code   102  system_stm32f10x.o(.text.SystemInit)
    adc_init                                 0x08002269   Thumb Code   142  adc_nam.o(.text.adc_init)
    clear_lcd                                0x08002375   Thumb Code    18  lcd_hehe.o(.text.clear_lcd)
    default_packet                           0x080023f9   Thumb Code    12  mesh_nam.o(.text.default_packet)
    delay_ms                                 0x08002431   Thumb Code    34  systick_delay.o(.text.delay_ms)
    delay_us                                 0x08002455   Thumb Code    78  systick_delay.o(.text.delay_us)
    dht11_init                               0x080024a5   Thumb Code    44  dht11_nam.o(.text.dht11_init)
    handler_rx_data                          0x0800258d   Thumb Code   400  mesh_nam.o(.text.handler_rx_data)
    lcd_display                              0x0800271d   Thumb Code    48  lcd_hehe.o(.text.lcd_display)
    lcd_goto_xy                              0x0800274d   Thumb Code    80  lcd_hehe.o(.text.lcd_goto_xy)
    lcd_init                                 0x0800279d   Thumb Code   240  lcd_hehe.o(.text.lcd_init)
    main                                     0x080029d9   Thumb Code   370  main.o(.text.main)
    newLora                                  0x08002c39   Thumb Code    34  lora.o(.text.newLora)
    ping_to_wdt                              0x08002c5d   Thumb Code    38  wdt_nam.o(.text.ping_to_wdt)
    read_adc                                 0x08002c85   Thumb Code   104  adc_nam.o(.text.read_adc)
    read_data                                0x08002ced   Thumb Code  1022  dht11_nam.o(.text.read_data)
    spi_master_init                          0x080033ad   Thumb Code   246  spi_driver.o(.text.spi_master_init)
    spi_receive                              0x080034a5   Thumb Code    56  spi_driver.o(.text.spi_receive)
    spi_send_buffer_soft                     0x080034dd   Thumb Code    48  spi_driver.o(.text.spi_send_buffer_soft)
    spi_send_data                            0x0800350d   Thumb Code    68  spi_driver.o(.text.spi_send_data)
    watchdog_init                            0x080035bd   Thumb Code   114  wdt_nam.o(.text.watchdog_init)
    _btod_d2e                                0x0800362f   Thumb Code    62  btod.o(CL$$btod_d2e)
    _d2e_denorm_low                          0x0800366d   Thumb Code    70  btod.o(CL$$btod_d2e_denorm_low)
    _d2e_norm_op1                            0x080036b3   Thumb Code    96  btod.o(CL$$btod_d2e_norm_op1)
    __btod_div_common                        0x08003715   Thumb Code   696  btod.o(CL$$btod_div_common)
    _e2e                                     0x08003a4d   Thumb Code   220  btod.o(CL$$btod_e2e)
    _btod_ediv                               0x08003b29   Thumb Code    42  btod.o(CL$$btod_ediv)
    _btod_emul                               0x08003b53   Thumb Code    42  btod.o(CL$$btod_emul)
    __btod_mult_common                       0x08003b7d   Thumb Code   580  btod.o(CL$$btod_mult_common)
    __ARM_fpclassify                         0x08003dc1   Thumb Code    40  fpclassify.o(i.__ARM_fpclassify)
    _is_digit                                0x08003de9   Thumb Code    14  __printf_wp.o(i._is_digit)
    _get_lc_numeric                          0x08003df9   Thumb Code    44  lc_numeric_c.o(locale$$code)
    _get_lc_ctype                            0x08003e25   Thumb Code    44  lc_ctype_c.o(locale$$code)
    __aeabi_dadd                             0x08003e51   Thumb Code     0  daddsub_clz.o(x$fpl$dadd)
    _dadd                                    0x08003e51   Thumb Code   332  daddsub_clz.o(x$fpl$dadd)
    __aeabi_ddiv                             0x08003fa1   Thumb Code     0  ddiv.o(x$fpl$ddiv)
    _ddiv                                    0x08003fa1   Thumb Code   556  ddiv.o(x$fpl$ddiv)
    __aeabi_ui2d                             0x08004255   Thumb Code     0  dflt_clz.o(x$fpl$dfltu)
    _dfltu                                   0x08004255   Thumb Code    38  dflt_clz.o(x$fpl$dfltu)
    __aeabi_dmul                             0x0800427d   Thumb Code     0  dmul.o(x$fpl$dmul)
    _dmul                                    0x0800427d   Thumb Code   332  dmul.o(x$fpl$dmul)
    __fpl_dnaninf                            0x080043d1   Thumb Code   156  dnaninf.o(x$fpl$dnaninf)
    __fpl_dretinf                            0x0800446d   Thumb Code    12  dretinf.o(x$fpl$dretinf)
    __aeabi_dsub                             0x08004479   Thumb Code     0  daddsub_clz.o(x$fpl$dsub)
    _dsub                                    0x08004479   Thumb Code   472  daddsub_clz.o(x$fpl$dsub)
    _printf_fp_dec                           0x08004655   Thumb Code     4  printf1.o(x$fpl$printf1)
    _printf_fp_hex                           0x08004659   Thumb Code     4  printf2.o(x$fpl$printf2)
    __I$use$fp                               0x0800465c   Number         0  usenofp.o(x$fpl$usenofp)
    Region$$Table$$Base                      0x080047b4   Number         0  anon$$obj.o(Region$$Table)
    Region$$Table$$Limit                     0x080047c4   Number         0  anon$$obj.o(Region$$Table)
    __ctype                                  0x080047ed   Data           0  lc_ctype_c.o(locale$$data)
    __libspace_start                         0x20000000   Data          96  libspace.o(.bss)
    __temporary_stack_top$libspace           0x20000060   Data           0  libspace.o(.bss)
    counting                                 0x200000a4   Data           4  systick_delay.o(.bss.counting)
    myLoRa                                   0x200000b0   Data          15  main.o(.bss.myLoRa)
    tx_buff                                  0x20000108   Data          40  main.o(.bss.tx_buff)



==============================================================================

Memory Map of the image

  Image Entry point : 0x080000ed

  Load Region LR_IROM1 (Base: 0x08000000, Size: 0x000048f0, Max: 0x00010000, ABSOLUTE)

    Execution Region ER_IROM1 (Exec base: 0x08000000, Load base: 0x08000000, Size: 0x000048f0, Max: 0x00010000, ABSOLUTE)

    Exec Addr    Load Addr    Size         Type   Attr      Idx    E Section Name        Object

    0x08000000   0x08000000   0x000000ec   Data   RO          224    RESET               startup_stm32f10x_md.o
    0x080000ec   0x080000ec   0x00000008   Code   RO          320  * !!!main             c_w.l(__main.o)
    0x080000f4   0x080000f4   0x0000005c   Code   RO          731    !!!scatter          c_w.l(__scatter.o)
    0x08000150   0x08000150   0x00000002   Code   RO          732    !!handler_null      c_w.l(__scatter.o)
    0x08000152   0x08000152   0x00000002   PAD
    0x08000154   0x08000154   0x0000001c   Code   RO          735    !!handler_zi        c_w.l(__scatter_zi.o)
    0x08000170   0x08000170   0x00000000   Code   RO          449    .ARM.Collect$$_printf_percent$$00000000  c_w.l(_printf_percent.o)
    0x08000170   0x08000170   0x00000006   Code   RO          438    .ARM.Collect$$_printf_percent$$00000001  c_w.l(_printf_n.o)
    0x08000176   0x08000176   0x00000006   Code   RO          440    .ARM.Collect$$_printf_percent$$00000002  c_w.l(_printf_p.o)
    0x0800017c   0x0800017c   0x00000006   Code   RO          445    .ARM.Collect$$_printf_percent$$00000003  c_w.l(_printf_f.o)
    0x08000182   0x08000182   0x00000006   Code   RO          446    .ARM.Collect$$_printf_percent$$00000004  c_w.l(_printf_e.o)
    0x08000188   0x08000188   0x00000006   Code   RO          447    .ARM.Collect$$_printf_percent$$00000005  c_w.l(_printf_g.o)
    0x0800018e   0x0800018e   0x00000006   Code   RO          448    .ARM.Collect$$_printf_percent$$00000006  c_w.l(_printf_a.o)
    0x08000194   0x08000194   0x0000000a   Code   RO          453    .ARM.Collect$$_printf_percent$$00000007  c_w.l(_printf_ll.o)
    0x0800019e   0x0800019e   0x00000006   Code   RO          442    .ARM.Collect$$_printf_percent$$00000008  c_w.l(_printf_i.o)
    0x080001a4   0x080001a4   0x00000006   Code   RO          443    .ARM.Collect$$_printf_percent$$00000009  c_w.l(_printf_d.o)
    0x080001aa   0x080001aa   0x00000006   Code   RO          444    .ARM.Collect$$_printf_percent$$0000000A  c_w.l(_printf_u.o)
    0x080001b0   0x080001b0   0x00000006   Code   RO          441    .ARM.Collect$$_printf_percent$$0000000B  c_w.l(_printf_o.o)
    0x080001b6   0x080001b6   0x00000006   Code   RO          439    .ARM.Collect$$_printf_percent$$0000000C  c_w.l(_printf_x.o)
    0x080001bc   0x080001bc   0x00000006   Code   RO          450    .ARM.Collect$$_printf_percent$$0000000D  c_w.l(_printf_lli.o)
    0x080001c2   0x080001c2   0x00000006   Code   RO          451    .ARM.Collect$$_printf_percent$$0000000E  c_w.l(_printf_lld.o)
    0x080001c8   0x080001c8   0x00000006   Code   RO          452    .ARM.Collect$$_printf_percent$$0000000F  c_w.l(_printf_llu.o)
    0x080001ce   0x080001ce   0x00000006   Code   RO          457    .ARM.Collect$$_printf_percent$$00000010  c_w.l(_printf_llo.o)
    0x080001d4   0x080001d4   0x00000006   Code   RO          458    .ARM.Collect$$_printf_percent$$00000011  c_w.l(_printf_llx.o)
    0x080001da   0x080001da   0x0000000a   Code   RO          454    .ARM.Collect$$_printf_percent$$00000012  c_w.l(_printf_l.o)
    0x080001e4   0x080001e4   0x00000006   Code   RO          436    .ARM.Collect$$_printf_percent$$00000013  c_w.l(_printf_c.o)
    0x080001ea   0x080001ea   0x00000006   Code   RO          437    .ARM.Collect$$_printf_percent$$00000014  c_w.l(_printf_s.o)
    0x080001f0   0x080001f0   0x00000006   Code   RO          455    .ARM.Collect$$_printf_percent$$00000015  c_w.l(_printf_lc.o)
    0x080001f6   0x080001f6   0x00000006   Code   RO          456    .ARM.Collect$$_printf_percent$$00000016  c_w.l(_printf_ls.o)
    0x080001fc   0x080001fc   0x00000004   Code   RO          521    .ARM.Collect$$_printf_percent$$00000017  c_w.l(_printf_percent_end.o)
    0x08000200   0x08000200   0x00000002   Code   RO          644    .ARM.Collect$$libinit$$00000000  c_w.l(libinit.o)
    0x08000202   0x08000202   0x00000000   Code   RO          534    .ARM.Collect$$libinit$$00000002  c_w.l(libinit2.o)
    0x08000202   0x08000202   0x00000000   Code   RO          536    .ARM.Collect$$libinit$$00000004  c_w.l(libinit2.o)
    0x08000202   0x08000202   0x00000000   Code   RO          538    .ARM.Collect$$libinit$$00000006  c_w.l(libinit2.o)
    0x08000202   0x08000202   0x00000008   Code   RO          539    .ARM.Collect$$libinit$$00000007  c_w.l(libinit2.o)
    0x0800020a   0x0800020a   0x00000000   Code   RO          541    .ARM.Collect$$libinit$$0000000C  c_w.l(libinit2.o)
    0x0800020a   0x0800020a   0x00000000   Code   RO          543    .ARM.Collect$$libinit$$0000000E  c_w.l(libinit2.o)
    0x0800020a   0x0800020a   0x00000000   Code   RO          545    .ARM.Collect$$libinit$$00000010  c_w.l(libinit2.o)
    0x0800020a   0x0800020a   0x00000006   Code   RO          546    .ARM.Collect$$libinit$$00000011  c_w.l(libinit2.o)
    0x08000210   0x08000210   0x00000000   Code   RO          548    .ARM.Collect$$libinit$$00000013  c_w.l(libinit2.o)
    0x08000210   0x08000210   0x0000000c   Code   RO          549    .ARM.Collect$$libinit$$00000014  c_w.l(libinit2.o)
    0x0800021c   0x0800021c   0x00000000   Code   RO          550    .ARM.Collect$$libinit$$00000015  c_w.l(libinit2.o)
    0x0800021c   0x0800021c   0x00000000   Code   RO          552    .ARM.Collect$$libinit$$00000017  c_w.l(libinit2.o)
    0x0800021c   0x0800021c   0x0000000a   Code   RO          553    .ARM.Collect$$libinit$$00000018  c_w.l(libinit2.o)
    0x08000226   0x08000226   0x00000000   Code   RO          554    .ARM.Collect$$libinit$$00000019  c_w.l(libinit2.o)
    0x08000226   0x08000226   0x00000000   Code   RO          556    .ARM.Collect$$libinit$$0000001B  c_w.l(libinit2.o)
    0x08000226   0x08000226   0x00000000   Code   RO          558    .ARM.Collect$$libinit$$0000001D  c_w.l(libinit2.o)
    0x08000226   0x08000226   0x00000000   Code   RO          560    .ARM.Collect$$libinit$$0000001F  c_w.l(libinit2.o)
    0x08000226   0x08000226   0x00000000   Code   RO          562    .ARM.Collect$$libinit$$00000021  c_w.l(libinit2.o)
    0x08000226   0x08000226   0x00000000   Code   RO          564    .ARM.Collect$$libinit$$00000023  c_w.l(libinit2.o)
    0x08000226   0x08000226   0x00000000   Code   RO          566    .ARM.Collect$$libinit$$00000025  c_w.l(libinit2.o)
    0x08000226   0x08000226   0x00000000   Code   RO          568    .ARM.Collect$$libinit$$00000027  c_w.l(libinit2.o)
    0x08000226   0x08000226   0x00000000   Code   RO          572    .ARM.Collect$$libinit$$0000002E  c_w.l(libinit2.o)
    0x08000226   0x08000226   0x00000000   Code   RO          574    .ARM.Collect$$libinit$$00000030  c_w.l(libinit2.o)
    0x08000226   0x08000226   0x00000000   Code   RO          576    .ARM.Collect$$libinit$$00000032  c_w.l(libinit2.o)
    0x08000226   0x08000226   0x00000000   Code   RO          578    .ARM.Collect$$libinit$$00000034  c_w.l(libinit2.o)
    0x08000226   0x08000226   0x00000002   Code   RO          579    .ARM.Collect$$libinit$$00000035  c_w.l(libinit2.o)
    0x08000228   0x08000228   0x00000002   Code   RO          728    .ARM.Collect$$libshutdown$$00000000  c_w.l(libshutdown.o)
    0x0800022a   0x0800022a   0x00000000   Code   RO          680    .ARM.Collect$$libshutdown$$00000002  c_w.l(libshutdown2.o)
    0x0800022a   0x0800022a   0x00000000   Code   RO          682    .ARM.Collect$$libshutdown$$00000004  c_w.l(libshutdown2.o)
    0x0800022a   0x0800022a   0x00000000   Code   RO          685    .ARM.Collect$$libshutdown$$00000007  c_w.l(libshutdown2.o)
    0x0800022a   0x0800022a   0x00000000   Code   RO          688    .ARM.Collect$$libshutdown$$0000000A  c_w.l(libshutdown2.o)
    0x0800022a   0x0800022a   0x00000000   Code   RO          690    .ARM.Collect$$libshutdown$$0000000C  c_w.l(libshutdown2.o)
    0x0800022a   0x0800022a   0x00000000   Code   RO          693    .ARM.Collect$$libshutdown$$0000000F  c_w.l(libshutdown2.o)
    0x0800022a   0x0800022a   0x00000002   Code   RO          694    .ARM.Collect$$libshutdown$$00000010  c_w.l(libshutdown2.o)
    0x0800022c   0x0800022c   0x00000000   Code   RO          342    .ARM.Collect$$rtentry$$00000000  c_w.l(__rtentry.o)
    0x0800022c   0x0800022c   0x00000000   Code   RO          480    .ARM.Collect$$rtentry$$00000002  c_w.l(__rtentry2.o)
    0x0800022c   0x0800022c   0x00000006   Code   RO          492    .ARM.Collect$$rtentry$$00000004  c_w.l(__rtentry4.o)
    0x08000232   0x08000232   0x00000000   Code   RO          482    .ARM.Collect$$rtentry$$00000009  c_w.l(__rtentry2.o)
    0x08000232   0x08000232   0x00000004   Code   RO          483    .ARM.Collect$$rtentry$$0000000A  c_w.l(__rtentry2.o)
    0x08000236   0x08000236   0x00000000   Code   RO          485    .ARM.Collect$$rtentry$$0000000C  c_w.l(__rtentry2.o)
    0x08000236   0x08000236   0x00000008   Code   RO          486    .ARM.Collect$$rtentry$$0000000D  c_w.l(__rtentry2.o)
    0x0800023e   0x0800023e   0x00000002   Code   RO          658    .ARM.Collect$$rtexit$$00000000  c_w.l(rtexit.o)
    0x08000240   0x08000240   0x00000000   Code   RO          700    .ARM.Collect$$rtexit$$00000002  c_w.l(rtexit2.o)
    0x08000240   0x08000240   0x00000004   Code   RO          701    .ARM.Collect$$rtexit$$00000003  c_w.l(rtexit2.o)
    0x08000244   0x08000244   0x00000006   Code   RO          702    .ARM.Collect$$rtexit$$00000004  c_w.l(rtexit2.o)
    0x0800024a   0x0800024a   0x00000002   PAD
    0x0800024c   0x0800024c   0x00000040   Code   RO          225    .text               startup_stm32f10x_md.o
    0x0800028c   0x0800028c   0x00000028   Code   RO          252    .text               c_w.l(calloc.o)
    0x080002b4   0x080002b4   0x0000004e   Code   RO          254    .text               c_w.l(h1_free.o)
    0x08000302   0x08000302   0x00000002   PAD
    0x08000304   0x08000304   0x0000002c   Code   RO          308    .text               c_w.l(sprintf.o)
    0x08000330   0x08000330   0x0000003e   Code   RO          310    .text               c_w.l(strlen.o)
    0x0800036e   0x0800036e   0x00000096   Code   RO          312    .text               c_w.l(strncmp.o)
    0x08000404   0x08000404   0x0000008a   Code   RO          314    .text               c_w.l(rt_memcpy_v6.o)
    0x0800048e   0x0800048e   0x00000044   Code   RO          316    .text               c_w.l(rt_memclr.o)
    0x080004d2   0x080004d2   0x00000006   Code   RO          318    .text               c_w.l(heapauxi.o)
    0x080004d8   0x080004d8   0x00000008   Code   RO          346    .text               c_w.l(rt_heap_descriptor_intlibspace.o)
    0x080004e0   0x080004e0   0x00000004   Code   RO          348    .text               c_w.l(hguard.o)
    0x080004e4   0x080004e4   0x0000008a   Code   RO          350    .text               c_w.l(init_alloc.o)
    0x0800056e   0x0800056e   0x0000005e   Code   RO          356    .text               c_w.l(h1_alloc.o)
    0x080005cc   0x080005cc   0x0000004e   Code   RO          370    .text               c_w.l(_printf_pad.o)
    0x0800061a   0x0800061a   0x00000024   Code   RO          372    .text               c_w.l(_printf_truncate.o)
    0x0800063e   0x0800063e   0x00000052   Code   RO          374    .text               c_w.l(_printf_str.o)
    0x08000690   0x08000690   0x00000078   Code   RO          376    .text               c_w.l(_printf_dec.o)
    0x08000708   0x08000708   0x00000028   Code   RO          378    .text               c_w.l(_printf_charcount.o)
    0x08000730   0x08000730   0x00000030   Code   RO          380    .text               c_w.l(_printf_char_common.o)
    0x08000760   0x08000760   0x0000000a   Code   RO          382    .text               c_w.l(_sputc.o)
    0x0800076a   0x0800076a   0x00000002   PAD
    0x0800076c   0x0800076c   0x000000bc   Code   RO          384    .text               c_w.l(_printf_wctomb.o)
    0x08000828   0x08000828   0x0000007c   Code   RO          387    .text               c_w.l(_printf_longlong_dec.o)
    0x080008a4   0x080008a4   0x00000070   Code   RO          393    .text               c_w.l(_printf_oct_int_ll.o)
    0x08000914   0x08000914   0x00000094   Code   RO          413    .text               c_w.l(_printf_hex_int_ll_ptr.o)
    0x080009a8   0x080009a8   0x00000188   Code   RO          433    .text               c_w.l(__printf_flags_ss_wp.o)
    0x08000b30   0x08000b30   0x00000064   Code   RO          459    .text               c_w.l(rt_memcpy_w.o)
    0x08000b94   0x08000b94   0x0000004e   Code   RO          461    .text               c_w.l(rt_memclr_w.o)
    0x08000be2   0x08000be2   0x00000002   PAD
    0x08000be4   0x08000be4   0x00000008   Code   RO          476    .text               c_w.l(libspace.o)
    0x08000bec   0x08000bec   0x00000000   Code   RO          494    .text               c_w.l(maybetermalloc1.o)
    0x08000bec   0x08000bec   0x0000000c   Code   RO          496    .text               c_w.l(h1_init.o)
    0x08000bf8   0x08000bf8   0x00000034   Code   RO          498    .text               c_w.l(h1_extend.o)
    0x08000c2c   0x08000c2c   0x0000008a   Code   RO          504    .text               c_w.l(lludiv10.o)
    0x08000cb6   0x08000cb6   0x000000b2   Code   RO          506    .text               c_w.l(_printf_intcommon.o)
    0x08000d68   0x08000d68   0x0000041c   Code   RO          508    .text               c_w.l(_printf_fp_dec.o)
    0x08001184   0x08001184   0x000002fc   Code   RO          512    .text               c_w.l(_printf_fp_hex.o)
    0x08001480   0x08001480   0x0000002c   Code   RO          517    .text               c_w.l(_printf_char.o)
    0x080014ac   0x080014ac   0x0000002c   Code   RO          519    .text               c_w.l(_printf_wchar.o)
    0x080014d8   0x080014d8   0x00000048   Code   RO          522    .text               c_w.l(_c16rtomb.o)
    0x08001520   0x08001520   0x0000000e   Code   RO          524    .text               c_w.l(defsig_rtmem_outer.o)
    0x0800152e   0x0800152e   0x0000004a   Code   RO          584    .text               c_w.l(sys_stackheap_outer.o)
    0x08001578   0x08001578   0x00000010   Code   RO          586    .text               c_w.l(rt_ctype_table.o)
    0x08001588   0x08001588   0x00000008   Code   RO          593    .text               c_w.l(rt_locale_intlibspace.o)
    0x08001590   0x08001590   0x00000080   Code   RO          599    .text               c_w.l(_printf_fp_infnan.o)
    0x08001610   0x08001610   0x000000e4   Code   RO          601    .text               c_w.l(bigflt0.o)
    0x080016f4   0x080016f4   0x00000012   Code   RO          631    .text               c_w.l(exit.o)
    0x08001706   0x08001706   0x0000000a   Code   RO          633    .text               c_w.l(defsig_exit.o)
    0x08001710   0x08001710   0x00000050   Code   RO          635    .text               c_w.l(defsig_rtmem_inner.o)
    0x08001760   0x08001760   0x0000000c   Code   RO          651    .text               c_w.l(sys_exit.o)
    0x0800176c   0x0800176c   0x00000002   Code   RO          655    .text               c_w.l(use_no_semi.o)
    0x0800176e   0x0800176e   0x00000000   Code   RO          657    .text               c_w.l(indicate_semi.o)
    0x0800176e   0x0800176e   0x00000032   Code   RO          671    .text               c_w.l(defsig_general.o)
    0x080017a0   0x080017a0   0x00000080   Code   RO          673    .text               c_w.l(strcmpv7m.o)
    0x08001820   0x08001820   0x0000000e   Code   RO          695    .text               c_w.l(sys_wrch.o)
    0x0800182e   0x0800182e   0x00000002   PAD
    0x08001830   0x08001830   0x000000a2   Code   RO            6    .text.EXTI2_IRQHandler  main.o
    0x080018d2   0x080018d2   0x00000002   PAD
    0x080018d4   0x080018d4   0x0000004e   Code   RO          106    .text.LoRa_BurstWrite  lora.o
    0x08001922   0x08001922   0x00000002   PAD
    0x08001924   0x08001924   0x00000018   Code   RO          112    .text.LoRa_getRSSI  lora.o
    0x0800193c   0x0800193c   0x000000a4   Code   RO          100    .text.LoRa_gotoMode  lora.o
    0x080019e0   0x080019e0   0x000001ec   Code   RO          114    .text.LoRa_init     lora.o
    0x08001bcc   0x08001bcc   0x0000000a   Code   RO          122    .text.LoRa_isvalid  lora.o
    0x08001bd6   0x08001bd6   0x00000002   PAD
    0x08001bd8   0x08001bd8   0x00000028   Code   RO          102    .text.LoRa_read     lora.o
    0x08001c00   0x08001c00   0x00000044   Code   RO          134    .text.LoRa_readReg  lora.o
    0x08001c44   0x08001c44   0x000000ca   Code   RO          110    .text.LoRa_receive  lora.o
    0x08001d0e   0x08001d0e   0x00000002   PAD
    0x08001d10   0x08001d10   0x00000062   Code   RO          124    .text.LoRa_setFrequency  lora.o
    0x08001d72   0x08001d72   0x00000002   PAD
    0x08001d74   0x08001d74   0x0000009e   Code   RO          128    .text.LoRa_setOCP   lora.o
    0x08001e12   0x08001e12   0x00000002   PAD
    0x08001e14   0x08001e14   0x0000001c   Code   RO          126    .text.LoRa_setPower  lora.o
    0x08001e30   0x08001e30   0x0000005c   Code   RO          132    .text.LoRa_setSpreadingFactor  lora.o
    0x08001e8c   0x08001e8c   0x00000032   Code   RO          130    .text.LoRa_setTOMsb_setCRCon  lora.o
    0x08001ebe   0x08001ebe   0x00000002   PAD
    0x08001ec0   0x08001ec0   0x00000012   Code   RO          108    .text.LoRa_startReceiving  lora.o
    0x08001ed2   0x08001ed2   0x00000002   PAD
    0x08001ed4   0x08001ed4   0x000000ae   Code   RO           98    .text.LoRa_transmit  lora.o
    0x08001f82   0x08001f82   0x00000002   PAD
    0x08001f84   0x08001f84   0x00000028   Code   RO          104    .text.LoRa_write    lora.o
    0x08001fac   0x08001fac   0x00000044   Code   RO          136    .text.LoRa_writeReg  lora.o
    0x08001ff0   0x08001ff0   0x00000030   Code   RO          120    .text.Lora_Reset    lora.o
    0x08002020   0x08002020   0x00000008   Code   RO          234    .text.SetSysClock   system_stm32f10x.o
    0x08002028   0x08002028   0x00000122   Code   RO          238    .text.SetSysClockTo72  system_stm32f10x.o
    0x0800214a   0x0800214a   0x00000002   PAD
    0x0800214c   0x0800214c   0x00000010   Code   RO           32    .text.SysTick_Handler  systick_delay.o
    0x0800215c   0x0800215c   0x00000066   Code   RO          232    .text.SystemInit    system_stm32f10x.o
    0x080021c2   0x080021c2   0x00000002   PAD
    0x080021c4   0x080021c4   0x00000030   Code   RO          118    .text.__NVIC_EnableIRQ  lora.o
    0x080021f4   0x080021f4   0x00000030   Code   RO          187    .text.__NVIC_EnableIRQ  dht11_nam.o
    0x08002224   0x08002224   0x00000042   Code   RO          116    .text.__NVIC_SetPriority  lora.o
    0x08002266   0x08002266   0x00000002   PAD
    0x08002268   0x08002268   0x0000008e   Code   RO           66    .text.adc_init      adc_nam.o
    0x080022f6   0x080022f6   0x00000002   PAD
    0x080022f8   0x080022f8   0x0000007a   Code   RO          195    .text.check_response  dht11_nam.o
    0x08002372   0x08002372   0x00000002   PAD
    0x08002374   0x08002374   0x00000012   Code   RO           52    .text.clear_lcd     lcd_hehe.o
    0x08002386   0x08002386   0x00000002   PAD
    0x08002388   0x08002388   0x00000036   Code   RO           28    .text.counter_ctl   systick_delay.o
    0x080023be   0x080023be   0x00000002   PAD
    0x080023c0   0x080023c0   0x0000001a   Code   RO          189    .text.counter_disable  dht11_nam.o
    0x080023da   0x080023da   0x00000002   PAD
    0x080023dc   0x080023dc   0x0000001a   Code   RO          201    .text.counter_enable  dht11_nam.o
    0x080023f6   0x080023f6   0x00000002   PAD
    0x080023f8   0x080023f8   0x0000000c   Code   RO          165    .text.default_packet  mesh_nam.o
    0x08002404   0x08002404   0x0000002a   Code   RO           26    .text.delay_init    systick_delay.o
    0x0800242e   0x0800242e   0x00000002   PAD
    0x08002430   0x08002430   0x00000022   Code   RO           30    .text.delay_ms      systick_delay.o
    0x08002452   0x08002452   0x00000002   PAD
    0x08002454   0x08002454   0x0000004e   Code   RO           24    .text.delay_us      systick_delay.o
    0x080024a2   0x080024a2   0x00000002   PAD
    0x080024a4   0x080024a4   0x0000002c   Code   RO          185    .text.dht11_init    dht11_nam.o
    0x080024d0   0x080024d0   0x000000ae   Code   RO          173    .text.format_pkt    mesh_nam.o
    0x0800257e   0x0800257e   0x00000002   PAD
    0x08002580   0x08002580   0x0000000c   Code   RO          203    .text.get_counter_value  dht11_nam.o
    0x0800258c   0x0800258c   0x00000190   Code   RO          167    .text.handler_rx_data  mesh_nam.o
    0x0800271c   0x0800271c   0x00000030   Code   RO           48    .text.lcd_display   lcd_hehe.o
    0x0800274c   0x0800274c   0x00000050   Code   RO           50    .text.lcd_goto_xy   lcd_hehe.o
    0x0800279c   0x0800279c   0x000000f0   Code   RO           42    .text.lcd_init      lcd_hehe.o
    0x0800288c   0x0800288c   0x000000ba   Code   RO           44    .text.lcd_io_init   lcd_hehe.o
    0x08002946   0x08002946   0x00000002   PAD
    0x08002948   0x08002948   0x0000004a   Code   RO           56    .text.lcd_set_pin_value  lcd_hehe.o
    0x08002992   0x08002992   0x00000002   PAD
    0x08002994   0x08002994   0x00000044   Code   RO           72    .text.location      adc_nam.o
    0x080029d8   0x080029d8   0x00000172   Code   RO            2    .text.main          main.o
    0x08002b4a   0x08002b4a   0x00000002   PAD
    0x08002b4c   0x08002b4c   0x00000082   Code   RO          169    .text.mesh_send_pkt  mesh_nam.o
    0x08002bce   0x08002bce   0x00000002   PAD
    0x08002bd0   0x08002bd0   0x00000066   Code   RO          171    .text.mesh_send_pkt_no_cache  mesh_nam.o
    0x08002c36   0x08002c36   0x00000002   PAD
    0x08002c38   0x08002c38   0x00000022   Code   RO           96    .text.newLora       lora.o
    0x08002c5a   0x08002c5a   0x00000002   PAD
    0x08002c5c   0x08002c5c   0x00000026   Code   RO           87    .text.ping_to_wdt   wdt_nam.o
    0x08002c82   0x08002c82   0x00000002   PAD
    0x08002c84   0x08002c84   0x00000068   Code   RO           68    .text.read_adc      adc_nam.o
    0x08002cec   0x08002cec   0x000003fe   Code   RO          191    .text.read_data     dht11_nam.o
    0x080030ea   0x080030ea   0x00000002   PAD
    0x080030ec   0x080030ec   0x00000010   Code   RO          197    .text.read_pin_value  dht11_nam.o
    0x080030fc   0x080030fc   0x00000036   Code   RO           76    .text.relocation    adc_nam.o
    0x08003132   0x08003132   0x00000002   PAD
    0x08003134   0x08003134   0x00000144   Code   RO           46    .text.send_to_lcd   lcd_hehe.o
    0x08003278   0x08003278   0x0000005a   Code   RO           70    .text.set_channel   adc_nam.o
    0x080032d2   0x080032d2   0x00000002   PAD
    0x080032d4   0x080032d4   0x00000014   Code   RO          199    .text.set_counter_value  dht11_nam.o
    0x080032e8   0x080032e8   0x00000076   Code   RO          209    .text.set_direction  dht11_nam.o
    0x0800335e   0x0800335e   0x00000002   PAD
    0x08003360   0x08003360   0x0000004c   Code   RO            4    .text.soil_mesurement  main.o
    0x080033ac   0x080033ac   0x000000f6   Code   RO          146    .text.spi_master_init  spi_driver.o
    0x080034a2   0x080034a2   0x00000002   PAD
    0x080034a4   0x080034a4   0x00000038   Code   RO          150    .text.spi_receive   spi_driver.o
    0x080034dc   0x080034dc   0x00000030   Code   RO          156    .text.spi_send_buffer_soft  spi_driver.o
    0x0800350c   0x0800350c   0x00000044   Code   RO          148    .text.spi_send_data  spi_driver.o
    0x08003550   0x08003550   0x0000003c   Code   RO           74    .text.start_adc_conversion  adc_nam.o
    0x0800358c   0x0800358c   0x00000030   Code   RO          193    .text.start_condition  dht11_nam.o
    0x080035bc   0x080035bc   0x00000072   Code   RO           85    .text.watchdog_init  wdt_nam.o
    0x0800362e   0x0800362e   0x0000003e   Code   RO          604    CL$$btod_d2e        c_w.l(btod.o)
    0x0800366c   0x0800366c   0x00000046   Code   RO          606    CL$$btod_d2e_denorm_low  c_w.l(btod.o)
    0x080036b2   0x080036b2   0x00000060   Code   RO          605    CL$$btod_d2e_norm_op1  c_w.l(btod.o)
    0x08003712   0x08003712   0x00000002   PAD
    0x08003714   0x08003714   0x00000338   Code   RO          614    CL$$btod_div_common  c_w.l(btod.o)
    0x08003a4c   0x08003a4c   0x000000dc   Code   RO          611    CL$$btod_e2e        c_w.l(btod.o)
    0x08003b28   0x08003b28   0x0000002a   Code   RO          608    CL$$btod_ediv       c_w.l(btod.o)
    0x08003b52   0x08003b52   0x0000002a   Code   RO          607    CL$$btod_emul       c_w.l(btod.o)
    0x08003b7c   0x08003b7c   0x00000244   Code   RO          613    CL$$btod_mult_common  c_w.l(btod.o)
    0x08003dc0   0x08003dc0   0x00000028   Code   RO          649    i.__ARM_fpclassify  m_ws.l(fpclassify.o)
    0x08003de8   0x08003de8   0x0000000e   Code   RO          426    i._is_digit         c_w.l(__printf_wp.o)
    0x08003df6   0x08003df6   0x00000002   PAD
    0x08003df8   0x08003df8   0x0000002c   Code   RO          629    locale$$code        c_w.l(lc_numeric_c.o)
    0x08003e24   0x08003e24   0x0000002c   Code   RO          667    locale$$code        c_w.l(lc_ctype_c.o)
    0x08003e50   0x08003e50   0x00000150   Code   RO          322    x$fpl$dadd          fz_ws.l(daddsub_clz.o)
    0x08003fa0   0x08003fa0   0x000002b4   Code   RO          329    x$fpl$ddiv          fz_ws.l(ddiv.o)
    0x08004254   0x08004254   0x00000026   Code   RO          332    x$fpl$dfltu         fz_ws.l(dflt_clz.o)
    0x0800427a   0x0800427a   0x00000002   PAD
    0x0800427c   0x0800427c   0x00000154   Code   RO          338    x$fpl$dmul          fz_ws.l(dmul.o)
    0x080043d0   0x080043d0   0x0000009c   Code   RO          463    x$fpl$dnaninf       fz_ws.l(dnaninf.o)
    0x0800446c   0x0800446c   0x0000000c   Code   RO          465    x$fpl$dretinf       fz_ws.l(dretinf.o)
    0x08004478   0x08004478   0x000001dc   Code   RO          324    x$fpl$dsub          fz_ws.l(daddsub_clz.o)
    0x08004654   0x08004654   0x00000004   Code   RO          467    x$fpl$printf1       fz_ws.l(printf1.o)
    0x08004658   0x08004658   0x00000004   Code   RO          469    x$fpl$printf2       fz_ws.l(printf2.o)
    0x0800465c   0x0800465c   0x00000000   Code   RO          475    x$fpl$usenofp       fz_ws.l(usenofp.o)
    0x0800465c   0x0800465c   0x00000008   Data   RO          385    .constdata          c_w.l(_printf_wctomb.o)
    0x08004664   0x08004664   0x00000028   Data   RO          414    .constdata          c_w.l(_printf_hex_int_ll_ptr.o)
    0x0800468c   0x0800468c   0x00000011   Data   RO          434    .constdata          c_w.l(__printf_flags_ss_wp.o)
    0x0800469d   0x0800469d   0x00000026   Data   RO          513    .constdata          c_w.l(_printf_fp_hex.o)
    0x080046c3   0x080046c3   0x00000001   PAD
    0x080046c4   0x080046c4   0x00000094   Data   RO          602    .constdata          c_w.l(bigflt0.o)
    0x08004758   0x08004758   0x00000053   Data   RO            9    .rodata.str1.1      main.o
    0x080047ab   0x080047ab   0x00000008   Data   RO          176    .rodata.str1.1      mesh_nam.o
    0x080047b3   0x080047b3   0x00000001   PAD
    0x080047b4   0x080047b4   0x00000010   Data   RO          730    Region$$Table       anon$$obj.o
    0x080047c4   0x080047c4   0x0000001c   Data   RO          628    locale$$data        c_w.l(lc_numeric_c.o)
    0x080047e0   0x080047e0   0x00000110   Data   RO          666    locale$$data        c_w.l(lc_ctype_c.o)


    Execution Region RW_IRAM1 (Exec base: 0x20000000, Load base: 0x080048f0, Size: 0x00000730, Max: 0x00005000, ABSOLUTE)

    Exec Addr    Load Addr    Size         Type   Attr      Idx    E Section Name        Object

    0x20000000        -       0x00000060   Zero   RW          477    .bss                c_w.l(libspace.o)
    0x20000060        -       0x00000004   Zero   RW           13    .bss.RSSI           main.o
    0x20000064   0x080048f0   0x00000004   PAD
    0x20000068        -       0x00000008   Zero   RW           12    .bss.analog         main.o
    0x20000070        -       0x00000032   Zero   RW          175    .bss.cache_buffer   mesh_nam.o
    0x200000a2   0x080048f0   0x00000002   PAD
    0x200000a4        -       0x00000004   Zero   RW           34    .bss.counting       systick_delay.o
    0x200000a8        -       0x00000008   Zero   RW           11    .bss.humidity       main.o
    0x200000b0        -       0x0000000f   Zero   RW            8    .bss.myLoRa         main.o
    0x200000bf   0x080048f0   0x00000001   PAD
    0x200000c0        -       0x00000004   Zero   RW           58    .bss.my_lcd         lcd_hehe.o
    0x200000c4        -       0x00000001   Zero   RW          215    .bss.read_data.check_sum  dht11_nam.o
    0x200000c5        -       0x00000001   Zero   RW          213    .bss.read_data.first_hum  dht11_nam.o
    0x200000c6        -       0x00000001   Zero   RW          211    .bss.read_data.first_tem  dht11_nam.o
    0x200000c7        -       0x00000001   Zero   RW          214    .bss.read_data.last_hum  dht11_nam.o
    0x200000c8        -       0x00000001   Zero   RW          212    .bss.read_data.last_tem  dht11_nam.o
    0x200000c9        -       0x00000032   Zero   RW           14    .bss.recv_data      main.o
    0x200000fb   0x080048f0   0x00000005   PAD
    0x20000100        -       0x00000008   Zero   RW           10    .bss.temperature    main.o
    0x20000108        -       0x00000028   Zero   RW           15    .bss.tx_buff        main.o
    0x20000130        -       0x00000200   Zero   RW          223    HEAP                startup_stm32f10x_md.o
    0x20000330        -       0x00000400   Zero   RW          222    STACK               startup_stm32f10x_md.o


==============================================================================

Image component sizes


      Code (inc. data)   RO Data    RW Data    ZI Data      Debug   Object Name

       518          0          0          0          0       2220   adc_nam.o
      1502          0          0          0          5       5133   dht11_nam.o
       970          0          0          0          4       2692   lcd_hehe.o
      2000          8          0          0          0       7909   lora.o
       608          0         83          0        133       1776   main.o
       818          0          8          0         50       1974   mesh_nam.o
       418          0          0          0          0       2311   spi_driver.o
        64         26        236          0       1536        816   startup_stm32f10x_md.o
       400          0          0          0          0       2842   system_stm32f10x.o
       224          0          0          0          4       1376   systick_delay.o
       152          0          0          0          0       1074   wdt_nam.o

    ----------------------------------------------------------------------
      7742         34        344          0       1744      30123   Object Totals
         0          0         16          0          0          0   (incl. Generated)
        68          0          1          0         12          0   (incl. Padding)

    ----------------------------------------------------------------------

      Code (inc. data)   RO Data    RW Data    ZI Data      Debug   Library Member Name

         8          0          0          0          0         68   __main.o
       392          4         17          0          0         92   __printf_flags_ss_wp.o
        14          0          0          0          0         68   __printf_wp.o
         0          0          0          0          0          0   __rtentry.o
        12          0          0          0          0          0   __rtentry2.o
         6          0          0          0          0          0   __rtentry4.o
        94          8          0          0          0          0   __scatter.o
        28          0          0          0          0          0   __scatter_zi.o
        72          0          0          0          0         96   _c16rtomb.o
         6          0          0          0          0          0   _printf_a.o
         6          0          0          0          0          0   _printf_c.o
        44          0          0          0          0        108   _printf_char.o
        48          6          0          0          0         96   _printf_char_common.o
        40          0          0          0          0         68   _printf_charcount.o
         6          0          0          0          0          0   _printf_d.o
       120         16          0          0          0         92   _printf_dec.o
         6          0          0          0          0          0   _printf_e.o
         6          0          0          0          0          0   _printf_f.o
      1052          0          0          0          0        148   _printf_fp_dec.o
       764          8         38          0          0        100   _printf_fp_hex.o
       128         16          0          0          0         84   _printf_fp_infnan.o
         6          0          0          0          0          0   _printf_g.o
       148          4         40          0          0        160   _printf_hex_int_ll_ptr.o
         6          0          0          0          0          0   _printf_i.o
       178          0          0          0          0         88   _printf_intcommon.o
        10          0          0          0          0          0   _printf_l.o
         6          0          0          0          0          0   _printf_lc.o
        10          0          0          0          0          0   _printf_ll.o
         6          0          0          0          0          0   _printf_lld.o
         6          0          0          0          0          0   _printf_lli.o
         6          0          0          0          0          0   _printf_llo.o
         6          0          0          0          0          0   _printf_llu.o
         6          0          0          0          0          0   _printf_llx.o
       124         16          0          0          0         92   _printf_longlong_dec.o
         6          0          0          0          0          0   _printf_ls.o
         6          0          0          0          0          0   _printf_n.o
         6          0          0          0          0          0   _printf_o.o
       112          8          0          0          0        124   _printf_oct_int_ll.o
         6          0          0          0          0          0   _printf_p.o
        78          0          0          0          0        108   _printf_pad.o
         0          0          0          0          0          0   _printf_percent.o
         4          0          0          0          0          0   _printf_percent_end.o
         6          0          0          0          0          0   _printf_s.o
        82          0          0          0          0         80   _printf_str.o
        36          0          0          0          0         84   _printf_truncate.o
         6          0          0          0          0          0   _printf_u.o
        44          0          0          0          0        108   _printf_wchar.o
       188          6          8          0          0         92   _printf_wctomb.o
         6          0          0          0          0          0   _printf_x.o
        10          0          0          0          0         68   _sputc.o
       228          4        148          0          0         96   bigflt0.o
      1936        128          0          0          0        668   btod.o
        40          0          0          0          0         80   calloc.o
        10          0          0          0          0         68   defsig_exit.o
        50          0          0          0          0         88   defsig_general.o
        80         58          0          0          0         76   defsig_rtmem_inner.o
        14          0          0          0          0         80   defsig_rtmem_outer.o
        18          0          0          0          0         80   exit.o
        94          0          0          0          0         80   h1_alloc.o
        52          0          0          0          0         68   h1_extend.o
        78          0          0          0          0         80   h1_free.o
        12          0          0          0          0         84   h1_init.o
         6          0          0          0          0        152   heapauxi.o
         4          0          0          0          0        136   hguard.o
         0          0          0          0          0          0   indicate_semi.o
       138          0          0          0          0        168   init_alloc.o
        44         10        272          0          0         76   lc_ctype_c.o
        44         10         28          0          0         76   lc_numeric_c.o
         2          0          0          0          0          0   libinit.o
        38          0          0          0          0          0   libinit2.o
         2          0          0          0          0          0   libshutdown.o
         2          0          0          0          0          0   libshutdown2.o
         8          4          0          0         96         68   libspace.o
       138          0          0          0          0         80   lludiv10.o
         0          0          0          0          0          0   maybetermalloc1.o
        16          4          0          0          0         76   rt_ctype_table.o
         8          4          0          0          0         68   rt_heap_descriptor_intlibspace.o
         8          4          0          0          0         68   rt_locale_intlibspace.o
        68          0          0          0          0         68   rt_memclr.o
        78          0          0          0          0         80   rt_memclr_w.o
       138          0          0          0          0         68   rt_memcpy_v6.o
       100          0          0          0          0         80   rt_memcpy_w.o
         2          0          0          0          0          0   rtexit.o
        10          0          0          0          0          0   rtexit2.o
        44          6          0          0          0         84   sprintf.o
       128          0          0          0          0         68   strcmpv7m.o
        62          0          0          0          0         76   strlen.o
       150          0          0          0          0         80   strncmp.o
        12          4          0          0          0         68   sys_exit.o
        74          0          0          0          0         80   sys_stackheap_outer.o
        14          0          0          0          0         76   sys_wrch.o
         2          0          0          0          0         68   use_no_semi.o
       812         16          0          0          0        296   daddsub_clz.o
       692        140          0          0          0        216   ddiv.o
        38          0          0          0          0         68   dflt_clz.o
       340         12          0          0          0        104   dmul.o
       156          4          0          0          0         92   dnaninf.o
        12          0          0          0          0         68   dretinf.o
         4          0          0          0          0         68   printf1.o
         4          0          0          0          0         68   printf2.o
         0          0          0          0          0          0   usenofp.o
        40          0          0          0          0         68   fpclassify.o

    ----------------------------------------------------------------------
     10034        500        552          0         96       6484   Library Totals
        18          0          1          0          0          0   (incl. Padding)

    ----------------------------------------------------------------------

      Code (inc. data)   RO Data    RW Data    ZI Data      Debug   Library Name

      7918        328        551          0         96       5436   c_w.l
      2058        172          0          0          0        980   fz_ws.l
        40          0          0          0          0         68   m_ws.l

    ----------------------------------------------------------------------
     10034        500        552          0         96       6484   Library Totals

    ----------------------------------------------------------------------

==============================================================================


      Code (inc. data)   RO Data    RW Data    ZI Data      Debug   

     17776        534        896          0       1840      32887   Grand Totals
     17776        534        896          0       1840      32887   ELF Image Totals
     17776        534        896          0          0          0   ROM Totals

==============================================================================

    Total RO  Size (Code + RO Data)                18672 (  18.23kB)
    Total RW  Size (RW Data + ZI Data)              1840 (   1.80kB)
    Total ROM Size (Code + RO Data + RW Data)      18672 (  18.23kB)

==============================================================================

