Component: ARM Compiler 5.06 update 6 (build 750) Tool: armlink [4d35ed]

==============================================================================

Section Cross References

    adc.o(i.read_adc) refers to adc.o(i.set_channel) for set_channel
    adc.o(i.read_adc) refers to adc.o(i.location) for location
    adc.o(i.read_adc) refers to adc.o(i.start_adc_conversion) for start_adc_conversion
    adc.o(i.read_adc) refers to adc.o(i.relocation) for relocation
    adc.o(i.start_adc_conversion) refers to delay.o(i.delay_ms) for delay_ms
    lcd.o(i.clear_lcd) refers to lcd.o(i.send_to_lcd) for send_to_lcd
    lcd.o(i.clear_lcd) refers to delay.o(i.delay_ms) for delay_ms
    lcd.o(i.free_lcd) refers to h1_free.o(.text) for free
    lcd.o(i.free_lcd) refers to lcd.o(.data) for my_lcd
    lcd.o(i.lcd_display) refers to lcd.o(i.send_to_lcd) for send_to_lcd
    lcd.o(i.lcd_goto_xy) refers to lcd.o(i.send_to_lcd) for send_to_lcd
    lcd.o(i.lcd_goto_xy) refers to delay.o(i.delay_us) for delay_us
    lcd.o(i.lcd_init) refers to lcd.o(i.lcd_io_init) for lcd_io_init
    lcd.o(i.lcd_init) refers to calloc.o(.text) for calloc
    lcd.o(i.lcd_init) refers to lcd.o(i.send_to_lcd) for send_to_lcd
    lcd.o(i.lcd_init) refers to delay.o(i.delay_ms) for delay_ms
    lcd.o(i.lcd_init) refers to lcd.o(.data) for my_lcd
    lcd.o(i.send_to_lcd) refers to lcd.o(i.lcd_set_pin_value) for lcd_set_pin_value
    lcd.o(i.send_to_lcd) refers to delay.o(i.delay_us) for delay_us
    lcd.o(i.send_to_lcd) refers to lcd.o(.data) for my_lcd
    light_control.o(i.getDutyCycle_Auto) refers to motion.o(i.get_motion_sensor_value) for get_motion_sensor_value
    light_control.o(i.getDutyCycle_Manual) refers to main.o(.bss) for curTime
    lora.o(i.LoRa_BurstWrite) refers to spi_driver.o(i.spi_send_data) for spi_send_data
    lora.o(i.LoRa_BurstWrite) refers to spi_driver.o(i.spi_receive) for spi_receive
    lora.o(i.LoRa_BurstWrite) refers to delay.o(i.delay_ms) for delay_ms
    lora.o(i.LoRa_BurstWrite) refers to spi_driver.o(i.spi_send_buffer_soft) for spi_send_buffer_soft
    lora.o(i.LoRa_getRSSI) refers to lora.o(i.LoRa_read) for LoRa_read
    lora.o(i.LoRa_gotoMode) refers to lora.o(i.LoRa_read) for LoRa_read
    lora.o(i.LoRa_gotoMode) refers to lora.o(i.LoRa_write) for LoRa_write
    lora.o(i.LoRa_init) refers to spi_driver.o(i.spi_master_init) for spi_master_init
    lora.o(i.LoRa_init) refers to lora.o(i.Lora_Reset) for Lora_Reset
    lora.o(i.LoRa_init) refers to lora.o(i.LoRa_isvalid) for LoRa_isvalid
    lora.o(i.LoRa_init) refers to lora.o(i.LoRa_gotoMode) for LoRa_gotoMode
    lora.o(i.LoRa_init) refers to delay.o(i.delay_ms) for delay_ms
    lora.o(i.LoRa_init) refers to lora.o(i.LoRa_read) for LoRa_read
    lora.o(i.LoRa_init) refers to lora.o(i.LoRa_write) for LoRa_write
    lora.o(i.LoRa_init) refers to lora.o(i.LoRa_setFrequency) for LoRa_setFrequency
    lora.o(i.LoRa_init) refers to lora.o(i.LoRa_setPower) for LoRa_setPower
    lora.o(i.LoRa_init) refers to lora.o(i.LoRa_setOCP) for LoRa_setOCP
    lora.o(i.LoRa_init) refers to lora.o(i.LoRa_setTOMsb_setCRCon) for LoRa_setTOMsb_setCRCon
    lora.o(i.LoRa_init) refers to lora.o(i.LoRa_setSpreadingFactor) for LoRa_setSpreadingFactor
    lora.o(i.LoRa_read) refers to lora.o(i.LoRa_readReg) for LoRa_readReg
    lora.o(i.LoRa_readReg) refers to spi_driver.o(i.spi_send_data) for spi_send_data
    lora.o(i.LoRa_readReg) refers to spi_driver.o(i.spi_receive) for spi_receive
    lora.o(i.LoRa_receive) refers to lora.o(i.LoRa_gotoMode) for LoRa_gotoMode
    lora.o(i.LoRa_receive) refers to lora.o(i.LoRa_read) for LoRa_read
    lora.o(i.LoRa_receive) refers to lora.o(i.LoRa_write) for LoRa_write
    lora.o(i.LoRa_receive) refers to rt_memclr.o(.text) for __aeabi_memclr
    lora.o(i.LoRa_setFrequency) refers to lora.o(i.LoRa_write) for LoRa_write
    lora.o(i.LoRa_setFrequency) refers to delay.o(i.delay_ms) for delay_ms
    lora.o(i.LoRa_setOCP) refers to lora.o(i.LoRa_write) for LoRa_write
    lora.o(i.LoRa_setOCP) refers to delay.o(i.delay_ms) for delay_ms
    lora.o(i.LoRa_setPower) refers to lora.o(i.LoRa_write) for LoRa_write
    lora.o(i.LoRa_setPower) refers to delay.o(i.delay_ms) for delay_ms
    lora.o(i.LoRa_setSpreadingFactor) refers to lora.o(i.LoRa_read) for LoRa_read
    lora.o(i.LoRa_setSpreadingFactor) refers to delay.o(i.delay_ms) for delay_ms
    lora.o(i.LoRa_setSpreadingFactor) refers to lora.o(i.LoRa_write) for LoRa_write
    lora.o(i.LoRa_setTOMsb_setCRCon) refers to lora.o(i.LoRa_read) for LoRa_read
    lora.o(i.LoRa_setTOMsb_setCRCon) refers to lora.o(i.LoRa_write) for LoRa_write
    lora.o(i.LoRa_setTOMsb_setCRCon) refers to delay.o(i.delay_ms) for delay_ms
    lora.o(i.LoRa_startReceiving) refers to lora.o(i.LoRa_gotoMode) for LoRa_gotoMode
    lora.o(i.LoRa_transmit) refers to lora.o(i.LoRa_gotoMode) for LoRa_gotoMode
    lora.o(i.LoRa_transmit) refers to lora.o(i.LoRa_read) for LoRa_read
[...]
    CL$$btod_mult_common                     0x08001f0e   Section      580  btod.o(CL$$btod_mult_common)
    i.EXTI2_IRQHandler                       0x08002154   Section        0  main.o(i.EXTI2_IRQHandler)
    i.LoRa_BurstWrite                        0x08002194   Section        0  lora.o(i.LoRa_BurstWrite)
    LoRa_BurstWrite                          0x08002195   Thumb Code    58  lora.o(i.LoRa_BurstWrite)
    i.LoRa_gotoMode                          0x080021d4   Section        0  lora.o(i.LoRa_gotoMode)
    i.LoRa_init                              0x0800224c   Section        0  lora.o(i.LoRa_init)
    i.LoRa_isvalid                           0x0800242c   Section        0  lora.o(i.LoRa_isvalid)
    LoRa_isvalid                             0x0800242d   Thumb Code     6  lora.o(i.LoRa_isvalid)
    i.LoRa_read                              0x08002432   Section        0  lora.o(i.LoRa_read)
    i.LoRa_readReg                           0x08002448   Section        0  lora.o(i.LoRa_readReg)
    LoRa_readReg                             0x08002449   Thumb Code    54  lora.o(i.LoRa_readReg)
    i.LoRa_receive                           0x08002484   Section        0  lora.o(i.LoRa_receive)
    i.LoRa_setFrequency                      0x080024fe   Section        0  lora.o(i.LoRa_setFrequency)
    LoRa_setFrequency                        0x080024ff   Thumb Code    62  lora.o(i.LoRa_setFrequency)
    i.LoRa_setOCP                            0x0800253c   Section        0  lora.o(i.LoRa_setOCP)
    LoRa_setOCP                              0x0800253d   Thumb Code    72  lora.o(i.LoRa_setOCP)
    i.LoRa_setPower                          0x08002584   Section        0  lora.o(i.LoRa_setPower)
    LoRa_setPower                            0x08002585   Thumb Code    20  lora.o(i.LoRa_setPower)
    i.LoRa_setSpreadingFactor                0x08002598   Section        0  lora.o(i.LoRa_setSpreadingFactor)
    LoRa_setSpreadingFactor                  0x08002599   Thumb Code    54  lora.o(i.LoRa_setSpreadingFactor)
    i.LoRa_setTOMsb_setCRCon                 0x080025ce   Section        0  lora.o(i.LoRa_setTOMsb_setCRCon)
    LoRa_setTOMsb_setCRCon                   0x080025cf   Thumb Code    30  lora.o(i.LoRa_setTOMsb_setCRCon)
    i.LoRa_startReceiving                    0x080025ec   Section        0  lora.o(i.LoRa_startReceiving)
    i.LoRa_transmit                          0x080025fa   Section        0  lora.o(i.LoRa_transmit)
    i.LoRa_write                             0x0800267c   Section        0  lora.o(i.LoRa_write)
    i.LoRa_writeReg                          0x08002690   Section        0  lora.o(i.LoRa_writeReg)
    LoRa_writeReg                            0x08002691   Thumb Code    52  lora.o(i.LoRa_writeReg)
    i.Lora_Reset                             0x080026c8   Section        0  lora.o(i.Lora_Reset)
    Lora_Reset                               0x080026c9   Thumb Code    40  lora.o(i.Lora_Reset)
    i.SetSysClock                            0x080026f4   Section        0  system_stm32f10x.o(i.SetSysClock)
    SetSysClock                              0x080026f5   Thumb Code     8  system_stm32f10x.o(i.SetSysClock)
    i.SetSysClockTo72                        0x080026fc   Section        0  system_stm32f10x.o(i.SetSysClockTo72)
    SetSysClockTo72                          0x080026fd   Thumb Code   214  system_stm32f10x.o(i.SetSysClockTo72)
    i.SysTick_Handler                        0x080027dc   Section        0  port.o(i.SysTick_Handler)
    i.SystemInit                             0x080027fc   Section        0  system_stm32f10x.o(i.SystemInit)
    i.Timer_Config                           0x0800285c   Section        0  delay.o(i.Timer_Config)
    i.__ARM_fpclassify                       0x080028a0   Section        0  fpclassify.o(i.__ARM_fpclassify)
    i._is_digit                              0x080028c8   Section        0  __printf_wp.o(i._is_digit)
    i.adc_init                               0x080028d8   Section        0  adc.o(i.adc_init)
    i.add_packet_to_queue                    0x0800295c   Section        0  mesh.o(i.add_packet_to_queue)
    add_packet_to_queue                      0x0800295d   Thumb Code    90  mesh.o(i.add_packet_to_queue)
    i.clear_lcd                              0x080029c0   Section        0  lcd.o(i.clear_lcd)
    i.dataHandling                           0x080029d4   Section        0  main.o(i.dataHandling)
    dataHandling                             0x080029d5   Thumb Code    96  main.o(i.dataHandling)
    i.delay_init                             0x08002a58   Section        0  delay.o(i.delay_init)
    i.delay_ms                               0x08002a80   Section        0  delay.o(i.delay_ms)
    i.delay_us                               0x08002a98   Section        0  delay.o(i.delay_us)
    i.delete_packet_from_queue               0x08002ab8   Section        0  mesh.o(i.delete_packet_from_queue)
    i.format_pkt                             0x08002b00   Section        0  mesh.o(i.format_pkt)
    format_pkt                               0x08002b01   Thumb Code   104  mesh.o(i.format_pkt)
    i.getDutyCycle_Auto                      0x08002b68   Section        0  light_control.o(i.getDutyCycle_Auto)
    i.getDutyCycle_Manual                    0x08002b84   Section        0  light_control.o(i.getDutyCycle_Manual)
    i.get_motion_sensor_value                0x08002eb0   Section        0  motion.o(i.get_motion_sensor_value)
    i.handler_rx_data                        0x08002ec0   Section        0  mesh.o(i.handler_rx_data)
    i.lcd_display                            0x080031e8   Section        0  lcd.o(i.lcd_display)
    i.lcd_goto_xy                            0x08003202   Section        0  lcd.o(i.lcd_goto_xy)
    i.lcd_init                               0x0800322c   Section        0  lcd.o(i.lcd_init)
    i.lcd_io_init                            0x08003344   Section        0  lcd.o(i.lcd_io_init)
    lcd_io_init                              0x08003345   Thumb Code   116  lcd.o(i.lcd_io_init)
    i.lcd_set_pin_value                      0x080033c0   Section        0  lcd.o(i.lcd_set_pin_value)
    lcd_set_pin_value                        0x080033c1   Thumb Code    34  lcd.o(i.lcd_set_pin_value)
    i.location                               0x080033e8   Section        0  adc.o(i.location)
    location                                 0x080033e9   Thumb Code    48  adc.o(i.location)
    i.main                                   0x0800341c   Section        0  main.o(i.main)
    i.mainThread                             0x08003550   Section        0  main.o(i.mainThread)
    mainThread                               0x08003551   Thumb Code   204  main.o(i.mainThread)
    i.mesh_send_pkt                          0x08003648   Section        0  mesh.o(i.mesh_send_pkt)
    i.motion_sensor_PC13_init                0x08003708   Section        0  motion.o(i.motion_sensor_PC13_init)
    i.newLora                                0x08003740   Section        0  lora.o(i.newLora)
    i.ping_to_wdt                            0x08003778   Section        0  watchdog.o(i.ping_to_wdt)
    i.prvAddCurrentTaskToDelayedList         0x08003798   Section        0  tasks.o(i.prvAddCurrentTaskToDelayedList)
    prvAddCurrentTaskToDelayedList           0x08003799   Thumb Code    62  tasks.o(i.prvAddCurrentTaskToDelayedList)
    i.prvAllocateTCBAndStack                 0x080037ec   Section        0  tasks.o(i.prvAllocateTCBAndStack)
    prvAllocateTCBAndStack                   0x080037ed   Thumb Code    54  tasks.o(i.prvAllocateTCBAndStack)
    i.prvCheckTasksWaitingTermination        0x08003824   Section        0  tasks.o(i.prvCheckTasksWaitingTermination)
    prvCheckTasksWaitingTermination          0x08003825   Thumb Code    86  tasks.o(i.prvCheckTasksWaitingTermination)
    i.prvDeleteTCB                           0x08003888   Section        0  tasks.o(i.prvDeleteTCB)
    prvDeleteTCB                             0x08003889   Thumb Code    18  tasks.o(i.prvDeleteTCB)
    i.prvIdleTask                            0x0800389c   Section        0  tasks.o(i.prvIdleTask)
    prvIdleTask                              0x0800389d   Thumb Code    20  tasks.o(i.prvIdleTask)
    i.prvInitialiseTCBVariables              0x080038b4   Section        0  tasks.o(i.prvInitialiseTCBVariables)
    prvInitialiseTCBVariables                0x080038b5   Thumb Code    92  tasks.o(i.prvInitialiseTCBVariables)
    i.prvInitialiseTaskLists                 0x08003910   Section        0  tasks.o(i.prvInitialiseTaskLists)
    prvInitialiseTaskLists                   0x08003911   Thumb Code    70  tasks.o(i.prvInitialiseTaskLists)
    i.prvResetNextTaskUnblockTime            0x08003978   Section        0  tasks.o(i.prvResetNextTaskUnblockTime)
    prvResetNextTaskUnblockTime              0x08003979   Thumb Code    42  tasks.o(i.prvResetNextTaskUnblockTime)
    i.prvTaskExitError                       0x080039ac   Section        0  port.o(i.prvTaskExitError)
    prvTaskExitError                         0x080039ad   Thumb Code     8  port.o(i.prvTaskExitError)
    i.pvPortMalloc                           0x080039b4   Section        0  heap_1.o(i.pvPortMalloc)
    i.pwm_ctl                                0x08003a24   Section        0  pwm.o(i.pwm_ctl)
    i.pwm_init                               0x08003a4c   Section        0  pwm.o(i.pwm_init)
    i.pwm_setDutyCycle                       0x08003abc   Section        0  pwm.o(i.pwm_setDutyCycle)
    i.pwm_setFrequency                       0x08003ad4   Section        0  pwm.o(i.pwm_setFrequency)
    i.pxPortInitialiseStack                  0x08003ae8   Section        0  port.o(i.pxPortInitialiseStack)
    i.read_adc                               0x08003b08   Section        0  adc.o(i.read_adc)
    i.relocation                             0x08003b54   Section        0  adc.o(i.relocation)
    relocation                               0x08003b55   Thumb Code    38  adc.o(i.relocation)
    i.sendData                               0x08003b80   Section        0  main.o(i.sendData)
    sendData                                 0x08003b81   Thumb Code    60  main.o(i.sendData)
    i.send_to_lcd                            0x08003bc8   Section        0  lcd.o(i.send_to_lcd)
    send_to_lcd                              0x08003bc9   Thumb Code   244  lcd.o(i.send_to_lcd)
    i.set_channel                            0x08003cc0   Section        0  adc.o(i.set_channel)
    set_channel                              0x08003cc1   Thumb Code    72  adc.o(i.set_channel)
    i.spi_master_init                        0x08003d0c   Section        0  spi_driver.o(i.spi_master_init)
    i.spi_receive                            0x08003e24   Section        0  spi_driver.o(i.spi_receive)
    i.spi_send_buffer_soft                   0x08003e4c   Section        0  spi_driver.o(i.spi_send_buffer_soft)
    i.spi_send_data                          0x08003e68   Section        0  spi_driver.o(i.spi_send_data)
    i.start_adc_conversion                   0x08003e90   Section        0  adc.o(i.start_adc_conversion)
    start_adc_conversion                     0x08003e91   Thumb Code    52  adc.o(i.start_adc_conversion)
    i.uxListRemove                           0x08003ec8   Section        0  list.o(i.uxListRemove)
    i.vListInitialise                        0x08003ef0   Section        0  list.o(i.vListInitialise)
    i.vListInitialiseItem                    0x08003f0a   Section        0  list.o(i.vListInitialiseItem)
    i.vListInsert                            0x08003f10   Section        0  list.o(i.vListInsert)
    i.vListInsertEnd                         0x08003f44   Section        0  list.o(i.vListInsertEnd)
    i.vPortEnterCritical                     0x08003f5c   Section        0  port.o(i.vPortEnterCritical)
    i.vPortExitCritical                      0x08003f7c   Section        0  port.o(i.vPortExitCritical)
    i.vPortFree                              0x08003f9c   Section        0  heap_1.o(i.vPortFree)
    i.vPortSetupTimerInterrupt               0x08003fa0   Section        0  port.o(i.vPortSetupTimerInterrupt)
    i.vPortYield                             0x08003fb4   Section        0  port.o(i.vPortYield)
    i.vTaskDelay                             0x08003fcc   Section        0  tasks.o(i.vTaskDelay)
    i.vTaskStartScheduler                    0x08004020   Section        0  tasks.o(i.vTaskStartScheduler)
    i.vTaskSuspendAll                        0x08004074   Section        0  tasks.o(i.vTaskSuspendAll)
    i.vTaskSwitchContext                     0x08004084   Section        0  tasks.o(i.vTaskSwitchContext)
    i.watchdog_init                          0x080040e4   Section        0  watchdog.o(i.watchdog_init)
    i.xPortStartScheduler                    0x08004130   Section        0  port.o(i.xPortStartScheduler)
    i.xTaskGenericCreate                     0x08004164   Section        0  tasks.o(i.xTaskGenericCreate)
    i.xTaskIncrementTick                     0x08004260   Section        0  tasks.o(i.xTaskIncrementTick)
    i.xTaskResumeAll                         0x08004380   Section        0  tasks.o(i.xTaskResumeAll)
    locale$$code                             0x0800445c   Section       44  lc_numeric_c.o(locale$$code)
    locale$$code                             0x08004488   Section       44  lc_ctype_c.o(locale$$code)
    x$fpl$dretinf                            0x080044b4   Section       12  dretinf.o(x$fpl$dretinf)
    x$fpl$f2d                                0x080044c0   Section       86  f2d.o(x$fpl$f2d)
    x$fpl$fnaninf                            0x08004516   Section      140  fnaninf.o(x$fpl$fnaninf)
    x$fpl$printf1                            0x080045a2   Section        4  printf1.o(x$fpl$printf1)
    x$fpl$usenofp                            0x080045a6   Section        0  usenofp.o(x$fpl$usenofp)
    .constdata                               0x080045a8   Section        4  main.o(.constdata)
    .constdata                               0x080045ac   Section        8  _printf_wctomb.o(.constdata)
    initial_mbstate                          0x080045ac   Data           8  _printf_wctomb.o(.constdata)
    .constdata                               0x080045b4   Section       40  _printf_hex_int.o(.constdata)
    uc_hextab                                0x080045b4   Data          20  _printf_hex_int.o(.constdata)
    lc_hextab                                0x080045c8   Data          20  _printf_hex_int.o(.constdata)
    .constdata                               0x080045dc   Section       17  __printf_flags_ss_wp.o(.constdata)
    maptable                                 0x080045dc   Data          17  __printf_flags_ss_wp.o(.constdata)
    .constdata                               0x080045f0   Section      148  bigflt0.o(.constdata)
    tenpwrs_x                                0x080045f0   Data          60  bigflt0.o(.constdata)
    tenpwrs_i                                0x0800462c   Data          64  bigflt0.o(.constdata)
    locale$$data                             0x080046a4   Section       28  lc_numeric_c.o(locale$$data)
    __lcnum_c_name                           0x080046a8   Data           2  lc_numeric_c.o(locale$$data)
    __lcnum_c_start                          0x080046b0   Data           0  lc_numeric_c.o(locale$$data)
    __lcnum_c_point                          0x080046bc   Data           0  lc_numeric_c.o(locale$$data)
    __lcnum_c_thousands                      0x080046be   Data           0  lc_numeric_c.o(locale$$data)
    __lcnum_c_grouping                       0x080046bf   Data           0  lc_numeric_c.o(locale$$data)
    locale$$data                             0x080046c0   Section      272  lc_ctype_c.o(locale$$data)
    __lcnum_c_end                            0x080046c0   Data           0  lc_numeric_c.o(locale$$data)
    __lcctype_c_name                         0x080046c4   Data           2  lc_ctype_c.o(locale$$data)
    __lcctype_c_start                        0x080046cc   Data           0  lc_ctype_c.o(locale$$data)
    __lcctype_c_end                          0x080047d0   Data           0  lc_ctype_c.o(locale$$data)
    .data                                    0x20000000   Section        4  lcd.o(.data)
    my_lcd                                   0x20000000   Data           4  lcd.o(.data)
    .data                                    0x20000004   Section       20  mesh.o(.data)
    request_cached                           0x20000008   Data           4  mesh.o(.data)
    response_cached                          0x2000000c   Data           4  mesh.o(.data)
    manual_cached                            0x20000010   Data           4  mesh.o(.data)
    auto_cached                              0x20000014   Data           4  mesh.o(.data)
    .data                                    0x20000018   Section        1  main.o(.data)
    rx_sig                                   0x20000018   Data           1  main.o(.data)
    .data                                    0x2000001c   Section       56  tasks.o(.data)
    pxDelayedTaskList                        0x20000020   Data           4  tasks.o(.data)
    pxOverflowDelayedTaskList                0x20000024   Data           4  tasks.o(.data)
    uxTasksDeleted                           0x20000028   Data           4  tasks.o(.data)
    uxCurrentNumberOfTasks                   0x2000002c   Data           4  tasks.o(.data)
    xTickCount                               0x20000030   Data           4  tasks.o(.data)
    uxTopReadyPriority                       0x20000034   Data           4  tasks.o(.data)
    xSchedulerRunning                        0x20000038   Data           4  tasks.o(.data)
    uxPendedTicks                            0x2000003c   Data           4  tasks.o(.data)
    xYieldPending                            0x20000040   Data           4  tasks.o(.data)
    xNumOfOverflows                          0x20000044   Data           4  tasks.o(.data)
    uxTaskNumber                             0x20000048   Data           4  tasks.o(.data)
    xNextTaskUnblockTime                     0x2000004c   Data           4  tasks.o(.data)
    uxSchedulerSuspended                     0x20000050   Data           4  tasks.o(.data)
    .data                                    0x20000054   Section        4  port.o(.data)
    uxCriticalNesting                        0x20000054   Data           4  port.o(.data)
    .data                                    0x20000058   Section        8  heap_1.o(.data)
    xNextFreeByte                            0x20000058   Data           4  heap_1.o(.data)
    pucAlignedHeap                           0x2000005c   Data           4  heap_1.o(.data)
    .data                                    0x20000060   Section       20  system_stm32f10x.o(.data)
    .bss                                     0x20000074   Section      240  mesh.o(.bss)
    .bss                                     0x20000164   Section      215  main.o(.bss)
    recv_data                                0x200001f1   Data          60  main.o(.bss)
    .bss                                     0x2000023c   Section      200  tasks.o(.bss)
    pxReadyTasksLists                        0x2000023c   Data         100  tasks.o(.bss)
    xDelayedTaskList1                        0x200002a0   Data          20  tasks.o(.bss)
    xDelayedTaskList2                        0x200002b4   Data          20  tasks.o(.bss)
    xPendingReadyList                        0x200002c8   Data          20  tasks.o(.bss)
    xTasksWaitingTermination                 0x200002dc   Data          20  tasks.o(.bss)
    xSuspendedTaskList                       0x200002f0   Data          20  tasks.o(.bss)
    .bss                                     0x20000304   Section    17408  heap_1.o(.bss)
    ucHeap                                   0x20000304   Data       17408  heap_1.o(.bss)
    .bss                                     0x20004704   Section       96  libspace.o(.bss)
    HEAP                                     0x20004768   Section      512  startup_stm32f10x_md.o(HEAP)
    Heap_Mem                                 0x20004768   Data         512  startup_stm32f10x_md.o(HEAP)
    STACK                                    0x20004968   Section     1024  startup_stm32f10x_md.o(STACK)
    Stack_Mem                                0x20004968   Data        1024  startup_stm32f10x_md.o(STACK)
    __initial_sp                             0x20004d68   Data           0  startup_stm32f10x_md.o(STACK)

    Global Symbols

    Symbol Name                              Value     Ov Type        Size  Object(Section)

    BuildAttributes$$THM_ISAv4$P$D$K$B$S$PE$A:L22UL41UL21$X:L11$S22US41US21$IEEE1$IW$USESV6$~STKCKD$USESV7$~SHL$OTIME$ROPI$IEEEJ$EBA8$UX$STANDARDLIB$REQ8$PRES8$EABIv2 0x00000000   Number         0  anon$$obj.o ABSOLUTE
    __ARM_use_no_argv                        0x00000000   Number         0  main.o ABSOLUTE
    _printf_flags                            0x00000000   Number         0  printf_stubs.o ABSOLUTE
    _printf_return_value                     0x00000000   Number         0  printf_stubs.o ABSOLUTE
    _printf_sizespec                         0x00000000   Number         0  printf_stubs.o ABSOLUTE
    _printf_widthprec                        0x00000000   Number         0  printf_stubs.o ABSOLUTE
    __ARM_exceptions_init                     - Undefined Weak Reference
    __alloca_initialize                       - Undefined Weak Reference
    __arm_preinit_                            - Undefined Weak Reference
    __cpp_initialize__aeabi_                  - Undefined Weak Reference
    __cxa_finalize                            - Undefined Weak Reference
    __sigvec_lookup                           - Undefined Weak Reference
    __user_heap_extent                        - Undefined Weak Reference
    _atexit_init                              - Undefined Weak Reference
    _call_atexit_fns                          - Undefined Weak Reference
    _clock_init                               - Undefined Weak Reference
    _fp_trap_init                             - Undefined Weak Reference
    _fp_trap_shutdown                         - Undefined Weak Reference
    _get_lc_collate                           - Undefined Weak Reference
    _get_lc_monetary                          - Undefined Weak Reference
    _get_lc_time                              - Undefined Weak Reference
    _getenv_init                              - Undefined Weak Reference
    _handle_redirection                       - Undefined Weak Reference
    _initio                                   - Undefined Weak Reference
    _mutex_acquire                            - Undefined Weak Reference
    _mutex_free                               - Undefined Weak Reference
    _mutex_release                            - Undefined Weak Reference
    _printf_mbtowc                            - Undefined Weak Reference
    _printf_wc                                - Undefined Weak Reference
    _rand_init                                - Undefined Weak Reference
    _scanf_longlong                           - Undefined Weak Reference
    _scanf_mbtowc                             - Undefined Weak Reference
    _scanf_real                               - Undefined Weak Reference
    _scanf_string                             - Undefined Weak Reference
    _scanf_wctomb                             - Undefined Weak Reference
    _scanf_wstring                            - Undefined Weak Reference
    _signal_finish                            - Undefined Weak Reference
    _signal_init                              - Undefined Weak Reference
    _terminateio                              - Undefined Weak Reference
    __Vectors_Size                           0x000000ec   Number         0  startup_stm32f10x_md.o ABSOLUTE
    __Vectors                                0x08000000   Data           4  startup_stm32f10x_md.o(RESET)
    __Vectors_End                            0x080000ec   Data           0  startup_stm32f10x_md.o(RESET)
    __main                                   0x080000ed   Thumb Code     8  __main.o(!!!main)
    __scatterload                            0x080000f5   Thumb Code     0  __scatter.o(!!!scatter)
    __scatterload_rt2                        0x080000f5   Thumb Code    44  __scatter.o(!!!scatter)
    __scatterload_rt2_thumb_only             0x080000f5   Thumb Code     0  __scatter.o(!!!scatter)
    __scatterload_null                       0x08000103   Thumb Code     0  __scatter.o(!!!scatter)
    __scatterload_copy                       0x08000129   Thumb Code    26  __scatter_copy.o(!!handler_copy)
    __scatterload_zeroinit                   0x08000145   Thumb Code    28  __scatter_zi.o(!!handler_zi)
    _printf_f                                0x08000161   Thumb Code     0  _printf_f.o(.ARM.Collect$$_printf_percent$$00000003)
    _printf_percent                          0x08000161   Thumb Code     0  _printf_percent.o(.ARM.Collect$$_printf_percent$$00000000)
    _printf_i                                0x08000167   Thumb Code     0  _printf_i.o(.ARM.Collect$$_printf_percent$$00000008)
    _printf_d                                0x0800016d   Thumb Code     0  _printf_d.o(.ARM.Collect$$_printf_percent$$00000009)
    _printf_u                                0x08000173   Thumb Code     0  _printf_u.o(.ARM.Collect$$_printf_percent$$0000000A)
    _printf_o                                0x08000179   Thumb Code     0  _printf_o.o(.ARM.Collect$$_printf_percent$$0000000B)
    _printf_x                                0x0800017f   Thumb Code     0  _printf_x.o(.ARM.Collect$$_printf_percent$$0000000C)
    _printf_l                                0x08000185   Thumb Code     0  _printf_l.o(.ARM.Collect$$_printf_percent$$00000012)
    _printf_c                                0x0800018f   Thumb Code     0  _printf_c.o(.ARM.Collect$$_printf_percent$$00000013)
    _printf_lc                               0x08000195   Thumb Code     0  _printf_lc.o(.ARM.Collect$$_printf_percent$$00000015)
    _printf_percent_end                      0x0800019b   Thumb Code     0  _printf_percent_end.o(.ARM.Collect$$_printf_percent$$00000017)
    __rt_lib_init                            0x0800019f   Thumb Code     0  libinit.o(.ARM.Collect$$libinit$$00000000)
    __rt_lib_init_fp_1                       0x080001a1   Thumb Code     0  libinit2.o(.ARM.Collect$$libinit$$00000002)
    __rt_lib_init_heap_2                     0x080001a1   Thumb Code     0  libinit2.o(.ARM.Collect$$libinit$$00000005)
    __rt_lib_init_preinit_1                  0x080001a1   Thumb Code     0  libinit2.o(.ARM.Collect$$libinit$$00000004)
    __rt_lib_init_heap_1                     0x080001a9   Thumb Code     0  libinit2.o(.ARM.Collect$$libinit$$0000000A)
    __rt_lib_init_lc_common                  0x080001a9   Thumb Code     0  libinit2.o(.ARM.Collect$$libinit$$0000000F)
    __rt_lib_init_rand_1                     0x080001a9   Thumb Code     0  libinit2.o(.ARM.Collect$$libinit$$0000000E)
    __rt_lib_init_user_alloc_1               0x080001a9   Thumb Code     0  libinit2.o(.ARM.Collect$$libinit$$0000000C)
    __rt_lib_init_lc_collate_1               0x080001af   Thumb Code     0  libinit2.o(.ARM.Collect$$libinit$$00000011)
    __rt_lib_init_lc_ctype_2                 0x080001af   Thumb Code     0  libinit2.o(.ARM.Collect$$libinit$$00000012)
    __rt_lib_init_lc_ctype_1                 0x080001bb   Thumb Code     0  libinit2.o(.ARM.Collect$$libinit$$00000013)
    __rt_lib_init_lc_monetary_1              0x080001bb   Thumb Code     0  libinit2.o(.ARM.Collect$$libinit$$00000015)
    __rt_lib_init_lc_numeric_2               0x080001bb   Thumb Code     0  libinit2.o(.ARM.Collect$$libinit$$00000016)
    __rt_lib_init_alloca_1                   0x080001c5   Thumb Code     0  libinit2.o(.ARM.Collect$$libinit$$0000002E)
    __rt_lib_init_argv_1                     0x080001c5   Thumb Code     0  libinit2.o(.ARM.Collect$$libinit$$0000002C)
    __rt_lib_init_atexit_1                   0x080001c5   Thumb Code     0  libinit2.o(.ARM.Collect$$libinit$$0000001B)
    __rt_lib_init_clock_1                    0x080001c5   Thumb Code     0  libinit2.o(.ARM.Collect$$libinit$$00000021)
    __rt_lib_init_cpp_1                      0x080001c5   Thumb Code     0  libinit2.o(.ARM.Collect$$libinit$$00000032)
    __rt_lib_init_exceptions_1               0x080001c5   Thumb Code     0  libinit2.o(.ARM.Collect$$libinit$$00000030)
    __rt_lib_init_fp_trap_1                  0x080001c5   Thumb Code     0  libinit2.o(.ARM.Collect$$libinit$$0000001F)
    __rt_lib_init_getenv_1                   0x080001c5   Thumb Code     0  libinit2.o(.ARM.Collect$$libinit$$00000023)
    __rt_lib_init_lc_numeric_1               0x080001c5   Thumb Code     0  libinit2.o(.ARM.Collect$$libinit$$00000017)
    __rt_lib_init_lc_time_1                  0x080001c5   Thumb Code     0  libinit2.o(.ARM.Collect$$libinit$$00000019)
    __rt_lib_init_return                     0x080001c5   Thumb Code     0  libinit2.o(.ARM.Collect$$libinit$$00000033)
    __rt_lib_init_signal_1                   0x080001c5   Thumb Code     0  libinit2.o(.ARM.Collect$$libinit$$0000001D)
    __rt_lib_init_stdio_1                    0x080001c5   Thumb Code     0  libinit2.o(.ARM.Collect$$libinit$$00000025)
    __rt_lib_shutdown                        0x080001c7   Thumb Code     0  libshutdown.o(.ARM.Collect$$libshutdown$$00000000)
    __rt_lib_shutdown_cpp_1                  0x080001c9   Thumb Code     0  libshutdown2.o(.ARM.Collect$$libshutdown$$00000002)
    __rt_lib_shutdown_fp_trap_1              0x080001c9   Thumb Code     0  libshutdown2.o(.ARM.Collect$$libshutdown$$00000007)
    __rt_lib_shutdown_heap_1                 0x080001c9   Thumb Code     0  libshutdown2.o(.ARM.Collect$$libshutdown$$0000000F)
    __rt_lib_shutdown_return                 0x080001c9   Thumb Code     0  libshutdown2.o(.ARM.Collect$$libshutdown$$00000010)
    __rt_lib_shutdown_signal_1               0x080001c9   Thumb Code     0  libshutdown2.o(.ARM.Collect$$libshutdown$$0000000A)
    __rt_lib_shutdown_stdio_1                0x080001c9   Thumb Code     0  libshutdown2.o(.ARM.Collect$$libshutdown$$00000004)
    __rt_lib_shutdown_user_alloc_1           0x080001c9   Thumb Code     0  libshutdown2.o(.ARM.Collect$$libshutdown$$0000000C)
    __rt_entry                               0x080001cb   Thumb Code     0  __rtentry.o(.ARM.Collect$$rtentry$$00000000)
    __rt_entry_presh_1                       0x080001cb   Thumb Code     0  __rtentry2.o(.ARM.Collect$$rtentry$$00000002)
    __rt_entry_sh                            0x080001cb   Thumb Code     0  __rtentry4.o(.ARM.Collect$$rtentry$$00000004)
    __rt_entry_li                            0x080001d1   Thumb Code     0  __rtentry2.o(.ARM.Collect$$rtentry$$0000000A)
    __rt_entry_postsh_1                      0x080001d1   Thumb Code     0  __rtentry2.o(.ARM.Collect$$rtentry$$00000009)
    __rt_entry_main                          0x080001d5   Thumb Code     0  __rtentry2.o(.ARM.Collect$$rtentry$$0000000D)
    __rt_entry_postli_1                      0x080001d5   Thumb Code     0  __rtentry2.o(.ARM.Collect$$rtentry$$0000000C)
    __rt_exit                                0x080001dd   Thumb Code     0  rtexit.o(.ARM.Collect$$rtexit$$00000000)
    __rt_exit_ls                             0x080001df   Thumb Code     0  rtexit2.o(.ARM.Collect$$rtexit$$00000003)
    __rt_exit_prels_1                        0x080001df   Thumb Code     0  rtexit2.o(.ARM.Collect$$rtexit$$00000002)
    __rt_exit_exit                           0x080001e3   Thumb Code     0  rtexit2.o(.ARM.Collect$$rtexit$$00000004)
    SVC_Handler                              0x080001e9   Thumb Code    32  port.o(.emb_text)
    __asm___6_port_c_39a90d8d__prvStartFirstTask 0x0800020d   Thumb Code    28  port.o(.emb_text)
    PendSV_Handler                           0x0800022d   Thumb Code    64  port.o(.emb_text)
    ulPortSetInterruptMask                   0x08000271   Thumb Code    14  port.o(.emb_text)
    vPortClearInterruptMask                  0x0800027f   Thumb Code     6  port.o(.emb_text)
    vPortGetIPSR                             0x08000285   Thumb Code     6  port.o(.emb_text)
    Reset_Handler                            0x0800028d   Thumb Code     8  startup_stm32f10x_md.o(.text)
    _maybe_terminate_alloc                   0x0800028d   Thumb Code     0  maybetermalloc1.o(.emb_text)
    NMI_Handler                              0x08000295   Thumb Code     2  startup_stm32f10x_md.o(.text)
    HardFault_Handler                        0x08000297   Thumb Code     2  startup_stm32f10x_md.o(.text)
    MemManage_Handler                        0x08000299   Thumb Code     2  startup_stm32f10x_md.o(.text)
    BusFault_Handler                         0x0800029b   Thumb Code     2  startup_stm32f10x_md.o(.text)
    UsageFault_Handler                       0x0800029d   Thumb Code     2  startup_stm32f10x_md.o(.text)
    DebugMon_Handler                         0x080002a1   Thumb Code     2  startup_stm32f10x_md.o(.text)
    ADC1_2_IRQHandler                        0x080002a7   Thumb Code     0  startup_stm32f10x_md.o(.text)
    CAN1_RX1_IRQHandler                      0x080002a7   Thumb Code     0  startup_stm32f10x_md.o(.text)
    CAN1_SCE_IRQHandler                      0x080002a7   Thumb Code     0  startup_stm32f10x_md.o(.text)
    DMA1_Channel1_IRQHandler                 0x080002a7   Thumb Code     0  startup_stm32f10x_md.o(.text)
    DMA1_Channel2_IRQHandler                 0x080002a7   Thumb Code     0  startup_stm32f10x_md.o(.text)
    DMA1_Channel3_IRQHandler                 0x080002a7   Thumb Code     0  startup_stm32f10x_md.o(.text)
    DMA1_Channel4_IRQHandler                 0x080002a7   Thumb Code     0  startup_stm32f10x_md.o(.text)
    DMA1_Channel5_IRQHandler                 0x080002a7   Thumb Code     0  startup_stm32f10x_md.o(.text)
    DMA1_Channel6_IRQHandler                 0x080002a7   Thumb Code     0  startup_stm32f10x_md.o(.text)
    DMA1_Channel7_IRQHandler                 0x080002a7   Thumb Code     0  startup_stm32f10x_md.o(.text)
    EXTI0_IRQHandler                         0x080002a7   Thumb Code     0  startup_stm32f10x_md.o(.text)
    EXTI15_10_IRQHandler                     0x080002a7   Thumb Code     0  startup_stm32f10x_md.o(.text)
    EXTI1_IRQHandler                         0x080002a7   Thumb Code     0  startup_stm32f10x_md.o(.text)
    EXTI3_IRQHandler                         0x080002a7   Thumb Code     0  startup_stm32f10x_md.o(.text)
    EXTI4_IRQHandler                         0x080002a7   Thumb Code     0  startup_stm32f10x_md.o(.text)
    EXTI9_5_IRQHandler                       0x080002a7   Thumb Code     0  startup_stm32f10x_md.o(.text)
    FLASH_IRQHandler                         0x080002a7   Thumb Code     0  startup_stm32f10x_md.o(.text)
    I2C1_ER_IRQHandler                       0x080002a7   Thumb Code     0  startup_stm32f10x_md.o(.text)
    I2C1_EV_IRQHandler                       0x080002a7   Thumb Code     0  startup_stm32f10x_md.o(.text)
    I2C2_ER_IRQHandler                       0x080002a7   Thumb Code     0  startup_stm32f10x_md.o(.text)
    I2C2_EV_IRQHandler                       0x080002a7   Thumb Code     0  startup_stm32f10x_md.o(.text)
    PVD_IRQHandler                           0x080002a7   Thumb Code     0  startup_stm32f10x_md.o(.text)
    RCC_IRQHandler                           0x080002a7   Thumb Code     0  startup_stm32f10x_md.o(.text)
    RTCAlarm_IRQHandler                      0x080002a7   Thumb Code     0  startup_stm32f10x_md.o(.text)
    RTC_IRQHandler                           0x080002a7   Thumb Code     0  startup_stm32f10x_md.o(.text)
    SPI1_IRQHandler                          0x080002a7   Thumb Code     0  startup_stm32f10x_md.o(.text)
    SPI2_IRQHandler                          0x080002a7   Thumb Code     0  startup_stm32f10x_md.o(.text)
    TAMPER_IRQHandler                        0x080002a7   Thumb Code     0  startup_stm32f10x_md.o(.text)
    TIM1_BRK_IRQHandler                      0x080002a7   Thumb Code     0  startup_stm32f10x_md.o(.text)
    TIM1_CC_IRQHandler                       0x080002a7   Thumb Code     0  startup_stm32f10x_md.o(.text)
    TIM1_TRG_COM_IRQHandler                  0x080002a7   Thumb Code     0  startup_stm32f10x_md.o(.text)
    TIM1_UP_IRQHandler                       0x080002a7   Thumb Code     0  startup_stm32f10x_md.o(.text)
    TIM2_IRQHandler                          0x080002a7   Thumb Code     0  startup_stm32f10x_md.o(.text)
    TIM3_IRQHandler                          0x080002a7   Thumb Code     0  startup_stm32f10x_md.o(.text)
    TIM4_IRQHandler                          0x080002a7   Thumb Code     0  startup_stm32f10x_md.o(.text)
    USART1_IRQHandler                        0x080002a7   Thumb Code     0  startup_stm32f10x_md.o(.text)
    USART2_IRQHandler                        0x080002a7   Thumb Code     0  startup_stm32f10x_md.o(.text)
    USART3_IRQHandler                        0x080002a7   Thumb Code     0  startup_stm32f10x_md.o(.text)
    USBWakeUp_IRQHandler                     0x080002a7   Thumb Code     0  startup_stm32f10x_md.o(.text)
    USB_HP_CAN1_TX_IRQHandler                0x080002a7   Thumb Code     0  startup_stm32f10x_md.o(.text)
    USB_LP_CAN1_RX0_IRQHandler               0x080002a7   Thumb Code     0  startup_stm32f10x_md.o(.text)
    WWDG_IRQHandler                          0x080002a7   Thumb Code     0  startup_stm32f10x_md.o(.text)
    __user_initial_stackheap                 0x080002a9   Thumb Code     0  startup_stm32f10x_md.o(.text)
    calloc                                   0x080002cd   Thumb Code    40  calloc.o(.text)
    free                                     0x080002f5   Thumb Code    78  h1_free.o(.text)
    __2sprintf                               0x08000345   Thumb Code    34  noretval__2sprintf.o(.text)
    _printf_pre_padding                      0x0800036d   Thumb Code    44  _printf_pad.o(.text)
    _printf_post_padding                     0x08000399   Thumb Code    34  _printf_pad.o(.text)
    _printf_truncate_signed                  0x080003bb   Thumb Code    18  _printf_truncate.o(.text)
    _printf_truncate_unsigned                0x080003cd   Thumb Code    18  _printf_truncate.o(.text)
    _printf_str                              0x080003df   Thumb Code    82  _printf_str.o(.text)
    _printf_int_dec                          0x08000431   Thumb Code   104  _printf_dec.o(.text)
    _printf_wctomb                           0x080004a9   Thumb Code   182  _printf_wctomb.o(.text)
    _printf_int_oct                          0x08000565   Thumb Code    72  _printf_oct_int.o(.text)
    _printf_longlong_oct                     0x08000565   Thumb Code     0  _printf_oct_int.o(.text)
    _printf_int_hex                          0x080005b5   Thumb Code    84  _printf_hex_int.o(.text)
    _printf_longlong_hex                     0x080005b5   Thumb Code     0  _printf_hex_int.o(.text)
    __printf                                 0x0800060d   Thumb Code   388  __printf_flags_ss_wp.o(.text)
    __0sscanf                                0x08000795   Thumb Code    52  __0sscanf.o(.text)
    _scanf_int                               0x080007d1   Thumb Code   332  _scanf_int.o(.text)
    strlen                                   0x0800091d   Thumb Code    62  strlen.o(.text)
    __aeabi_memcpy                           0x0800095b   Thumb Code     0  rt_memcpy_v6.o(.text)
    __rt_memcpy                              0x0800095b   Thumb Code   138  rt_memcpy_v6.o(.text)
    _memcpy_lastbytes                        0x080009c1   Thumb Code     0  rt_memcpy_v6.o(.text)
    __aeabi_memcpy4                          0x080009e5   Thumb Code     0  rt_memcpy_w.o(.text)
    __aeabi_memcpy8                          0x080009e5   Thumb Code     0  rt_memcpy_w.o(.text)
    __rt_memcpy_w                            0x080009e5   Thumb Code   100  rt_memcpy_w.o(.text)
    _memcpy_lastbytes_aligned                0x08000a2d   Thumb Code     0  rt_memcpy_w.o(.text)
    __aeabi_memclr                           0x08000a49   Thumb Code     0  rt_memclr.o(.text)
    __rt_memclr                              0x08000a49   Thumb Code    68  rt_memclr.o(.text)
    _memset                                  0x08000a4d   Thumb Code     0  rt_memclr.o(.text)
    __aeabi_memclr4                          0x08000a8d   Thumb Code     0  rt_memclr_w.o(.text)
    __aeabi_memclr8                          0x08000a8d   Thumb Code     0  rt_memclr_w.o(.text)
    __rt_memclr_w                            0x08000a8d   Thumb Code    78  rt_memclr_w.o(.text)
    _memset_w                                0x08000a91   Thumb Code     0  rt_memclr_w.o(.text)
    strncpy                                  0x08000adb   Thumb Code    86  strncpy.o(.text)
    __use_two_region_memory                  0x08000b31   Thumb Code     2  heapauxi.o(.text)
    __rt_heap_escrow                         0x08000b33   Thumb Code     2  heapauxi.o(.text)
    __rt_heap_expand                         0x08000b35   Thumb Code     2  heapauxi.o(.text)
    __rt_heap_descriptor                     0x08000b39   Thumb Code     8  rt_heap_descriptor_intlibspace.o(.text)
    __use_no_heap                            0x08000b41   Thumb Code     2  hguard.o(.text)
    __heap$guard                             0x08000b43   Thumb Code     2  hguard.o(.text)
    _terminate_user_alloc                    0x08000b45   Thumb Code     2  init_alloc.o(.text)
    _init_user_alloc                         0x08000b47   Thumb Code     2  init_alloc.o(.text)
    __Heap_Full                              0x08000b49   Thumb Code    34  init_alloc.o(.text)
    __Heap_Broken                            0x08000b6b   Thumb Code     6  init_alloc.o(.text)
    _init_alloc                              0x08000b71   Thumb Code    94  init_alloc.o(.text)
    malloc                                   0x08000bcf   Thumb Code    94  h1_alloc.o(.text)
    _printf_int_common                       0x08000c2d   Thumb Code   178  _printf_intcommon.o(.text)
    __lib_sel_fp_printf                      0x08000cdf   Thumb Code     2  _printf_fp_dec.o(.text)
    _printf_fp_dec_real                      0x08000e91   Thumb Code   620  _printf_fp_dec.o(.text)
    _printf_char_common                      0x08001107   Thumb Code    32  _printf_char_common.o(.text)
    _sputc                                   0x0800112d   Thumb Code    10  _sputc.o(.text)
    _printf_cs_common                        0x08001137   Thumb Code    20  _printf_char.o(.text)
    _printf_char                             0x0800114b   Thumb Code    16  _printf_char.o(.text)
    _printf_string                           0x0800115b   Thumb Code     8  _printf_char.o(.text)
    _printf_lcs_common                       0x08001163   Thumb Code    20  _printf_wchar.o(.text)
    _printf_wchar                            0x08001177   Thumb Code    16  _printf_wchar.o(.text)
    _printf_wstring                          0x08001187   Thumb Code     8  _printf_wchar.o(.text)
    _chval                                   0x0800118f   Thumb Code    28  _chval.o(.text)
    __vfscanf_char                           0x080011b9   Thumb Code    24  scanf_char.o(.text)
    _sgetc                                   0x080011d9   Thumb Code    30  _sgetc.o(.text)
    _sbackspace                              0x080011f7   Thumb Code    34  _sgetc.o(.text)
    _wcrtomb                                 0x08001219   Thumb Code    64  _wcrtomb.o(.text)
    __user_libspace                          0x08001259   Thumb Code     8  libspace.o(.text)
    __user_perproc_libspace                  0x08001259   Thumb Code     0  libspace.o(.text)
    __user_perthread_libspace                0x08001259   Thumb Code     0  libspace.o(.text)
    __rt_ctype_table                         0x08001261   Thumb Code    16  rt_ctype_table.o(.text)
    __rt_locale                              0x08001271   Thumb Code     8  rt_locale_intlibspace.o(.text)
    __Heap_Initialize                        0x08001279   Thumb Code    10  h1_init.o(.text)
    __Heap_DescSize                          0x08001283   Thumb Code     4  h1_init.o(.text)
    __Heap_ProvideMemory                     0x08001287   Thumb Code    52  h1_extend.o(.text)
    _ll_udiv10                               0x080012bb   Thumb Code   138  lludiv10.o(.text)
    isspace                                  0x08001345   Thumb Code    18  isspace.o(.text)
    _printf_fp_infnan                        0x08001359   Thumb Code   112  _printf_fp_infnan.o(.text)
    __vfscanf                                0x080013d9   Thumb Code   878  _scanf.o(.text)
    _btod_etento                             0x0800174d   Thumb Code   224  bigflt0.o(.text)
    __rt_SIGRTMEM                            0x08001831   Thumb Code    14  defsig_rtmem_outer.o(.text)
    __user_setup_stackheap                   0x0800183f   Thumb Code    74  sys_stackheap_outer.o(.text)
    exit                                     0x08001889   Thumb Code    18  exit.o(.text)
    __sig_exit                               0x0800189b   Thumb Code    10  defsig_exit.o(.text)
    __rt_SIGRTMEM_inner                      0x080018a5   Thumb Code    22  defsig_rtmem_inner.o(.text)
    strcmp                                   0x080018f5   Thumb Code   128  strcmpv7m.o(.text)
    _sys_exit                                0x08001975   Thumb Code     8  sys_exit.o(.text)
    __I$use$semihosting                      0x08001981   Thumb Code     0  use_no_semi.o(.text)
    __use_no_semihosting_swi                 0x08001981   Thumb Code     2  use_no_semi.o(.text)
    __default_signal_display                 0x08001983   Thumb Code    50  defsig_general.o(.text)
    __semihosting_library_function           0x08001983   Thumb Code     0  indicate_semi.o(.text)
    _ttywrch                                 0x080019b5   Thumb Code    14  sys_wrch.o(.text)
    _btod_d2e                                0x080019c3   Thumb Code    62  btod.o(CL$$btod_d2e)
    _d2e_denorm_low                          0x08001a01   Thumb Code    70  btod.o(CL$$btod_d2e_denorm_low)
    _d2e_norm_op1                            0x08001a47   Thumb Code    96  btod.o(CL$$btod_d2e_norm_op1)
    __btod_div_common                        0x08001aa7   Thumb Code   696  btod.o(CL$$btod_div_common)
    _e2e                                     0x08001ddf   Thumb Code   220  btod.o(CL$$btod_e2e)
    _btod_ediv                               0x08001ebb   Thumb Code    42  btod.o(CL$$btod_ediv)
    _btod_emul                               0x08001ee5   Thumb Code    42  btod.o(CL$$btod_emul)
    __btod_mult_common                       0x08001f0f   Thumb Code   580  btod.o(CL$$btod_mult_common)
    EXTI2_IRQHandler                         0x08002155   Thumb Code    46  main.o(i.EXTI2_IRQHandler)
    LoRa_gotoMode                            0x080021d5   Thumb Code   118  lora.o(i.LoRa_gotoMode)
    LoRa_init                                0x0800224d   Thumb Code   454  lora.o(i.LoRa_init)
    LoRa_read                                0x08002433   Thumb Code    22  lora.o(i.LoRa_read)
    LoRa_receive                             0x08002485   Thumb Code   122  lora.o(i.LoRa_receive)
    LoRa_startReceiving                      0x080025ed   Thumb Code    14  lora.o(i.LoRa_startReceiving)
    LoRa_transmit                            0x080025fb   Thumb Code   130  lora.o(i.LoRa_transmit)
    LoRa_write                               0x0800267d   Thumb Code    20  lora.o(i.LoRa_write)
    SysTick_Handler                          0x080027dd   Thumb Code    28  port.o(i.SysTick_Handler)
    SystemInit                               0x080027fd   Thumb Code    78  system_stm32f10x.o(i.SystemInit)
    Timer_Config                             0x0800285d   Thumb Code    60  delay.o(i.Timer_Config)
    __ARM_fpclassify                         0x080028a1   Thumb Code    40  fpclassify.o(i.__ARM_fpclassify)
    _is_digit                                0x080028c9   Thumb Code    14  __printf_wp.o(i._is_digit)
    adc_init                                 0x080028d9   Thumb Code   112  adc.o(i.adc_init)
    clear_lcd                                0x080029c1   Thumb Code    18  lcd.o(i.clear_lcd)
    delay_init                               0x08002a59   Thumb Code    34  delay.o(i.delay_init)
    delay_ms                                 0x08002a81   Thumb Code    24  delay.o(i.delay_ms)
    delay_us                                 0x08002a99   Thumb Code    26  delay.o(i.delay_us)
    delete_packet_from_queue                 0x08002ab9   Thumb Code    62  mesh.o(i.delete_packet_from_queue)
    getDutyCycle_Auto                        0x08002b69   Thumb Code    28  light_control.o(i.getDutyCycle_Auto)
    getDutyCycle_Manual                      0x08002b85   Thumb Code   808  light_control.o(i.getDutyCycle_Manual)
    get_motion_sensor_value                  0x08002eb1   Thumb Code    10  motion.o(i.get_motion_sensor_value)
    handler_rx_data                          0x08002ec1   Thumb Code   698  mesh.o(i.handler_rx_data)
    lcd_display                              0x080031e9   Thumb Code    26  lcd.o(i.lcd_display)
    lcd_goto_xy                              0x08003203   Thumb Code    42  lcd.o(i.lcd_goto_xy)
    lcd_init                                 0x0800322d   Thumb Code   274  lcd.o(i.lcd_init)
    main                                     0x0800341d   Thumb Code   234  main.o(i.main)
    mesh_send_pkt                            0x08003649   Thumb Code   186  mesh.o(i.mesh_send_pkt)
    motion_sensor_PC13_init                  0x08003709   Thumb Code    46  motion.o(i.motion_sensor_PC13_init)
    newLora                                  0x08003741   Thumb Code    56  lora.o(i.newLora)
    ping_to_wdt                              0x08003779   Thumb Code    26  watchdog.o(i.ping_to_wdt)
    pvPortMalloc                             0x080039b5   Thumb Code    98  heap_1.o(i.pvPortMalloc)
    pwm_ctl                                  0x08003a25   Thumb Code    38  pwm.o(i.pwm_ctl)
    pwm_init                                 0x08003a4d   Thumb Code   104  pwm.o(i.pwm_init)
    pwm_setDutyCycle                         0x08003abd   Thumb Code    24  pwm.o(i.pwm_setDutyCycle)
    pwm_setFrequency                         0x08003ad5   Thumb Code    16  pwm.o(i.pwm_setFrequency)
    pxPortInitialiseStack                    0x08003ae9   Thumb Code    26  port.o(i.pxPortInitialiseStack)
    read_adc                                 0x08003b09   Thumb Code    72  adc.o(i.read_adc)
    spi_master_init                          0x08003d0d   Thumb Code   264  spi_driver.o(i.spi_master_init)
    spi_receive                              0x08003e25   Thumb Code    36  spi_driver.o(i.spi_receive)
    spi_send_buffer_soft                     0x08003e4d   Thumb Code    26  spi_driver.o(i.spi_send_buffer_soft)
    spi_send_data                            0x08003e69   Thumb Code    36  spi_driver.o(i.spi_send_data)
    uxListRemove                             0x08003ec9   Thumb Code    40  list.o(i.uxListRemove)
    vListInitialise                          0x08003ef1   Thumb Code    26  list.o(i.vListInitialise)
    vListInitialiseItem                      0x08003f0b   Thumb Code     6  list.o(i.vListInitialiseItem)
    vListInsert                              0x08003f11   Thumb Code    52  list.o(i.vListInsert)
    vListInsertEnd                           0x08003f45   Thumb Code    24  list.o(i.vListInsertEnd)
    vPortEnterCritical                       0x08003f5d   Thumb Code    26  port.o(i.vPortEnterCritical)
    vPortExitCritical                        0x08003f7d   Thumb Code    26  port.o(i.vPortExitCritical)
    vPortFree                                0x08003f9d   Thumb Code     2  heap_1.o(i.vPortFree)
    vPortSetupTimerInterrupt                 0x08003fa1   Thumb Code    14  port.o(i.vPortSetupTimerInterrupt)
    vPortYield                               0x08003fb5   Thumb Code    18  port.o(i.vPortYield)
    vTaskDelay                               0x08003fcd   Thumb Code    72  tasks.o(i.vTaskDelay)
    vTaskStartScheduler                      0x08004021   Thumb Code    58  tasks.o(i.vTaskStartScheduler)
    vTaskSuspendAll                          0x08004075   Thumb Code    12  tasks.o(i.vTaskSuspendAll)
    vTaskSwitchContext                       0x08004085   Thumb Code    76  tasks.o(i.vTaskSwitchContext)
    watchdog_init                            0x080040e5   Thumb Code    68  watchdog.o(i.watchdog_init)
    xPortStartScheduler                      0x08004131   Thumb Code    42  port.o(i.xPortStartScheduler)
    xTaskGenericCreate                       0x08004165   Thumb Code   226  tasks.o(i.xTaskGenericCreate)
    xTaskIncrementTick                       0x08004261   Thumb Code   242  tasks.o(i.xTaskIncrementTick)
    xTaskResumeAll                           0x08004381   Thumb Code   186  tasks.o(i.xTaskResumeAll)
    _get_lc_numeric                          0x0800445d   Thumb Code    44  lc_numeric_c.o(locale$$code)
    _get_lc_ctype                            0x08004489   Thumb Code    44  lc_ctype_c.o(locale$$code)
    __fpl_dretinf                            0x080044b5   Thumb Code    12  dretinf.o(x$fpl$dretinf)
    __aeabi_f2d                              0x080044c1   Thumb Code     0  f2d.o(x$fpl$f2d)
    _f2d                                     0x080044c1   Thumb Code    86  f2d.o(x$fpl$f2d)
    __fpl_fnaninf                            0x08004517   Thumb Code   140  fnaninf.o(x$fpl$fnaninf)
    _printf_fp_dec                           0x080045a3   Thumb Code     4  printf1.o(x$fpl$printf1)
    __I$use$fp                               0x080045a6   Number         0  usenofp.o(x$fpl$usenofp)
    NODE_ID                                  0x080045a8   Data           4  main.o(.constdata)
    Region$$Table$$Base                      0x08004684   Number         0  anon$$obj.o(Region$$Table)
    Region$$Table$$Limit                     0x080046a4   Number         0  anon$$obj.o(Region$$Table)
    __ctype                                  0x080046cd   Data           0  lc_ctype_c.o(locale$$data)
    queue_ptr                                0x20000004   Data           4  mesh.o(.data)
    pxCurrentTCB                             0x2000001c   Data           4  tasks.o(.data)
    SystemCoreClock                          0x20000060   Data           4  system_stm32f10x.o(.data)
    AHBPrescTable                            0x20000064   Data          16  system_stm32f10x.o(.data)
    packet_queue                             0x20000074   Data         240  mesh.o(.bss)
    tx_buff                                  0x20000164   Data          50  main.o(.bss)
    curTime                                  0x20000196   Data          12  main.o(.bss)
    timeSetting                              0x200001a2   Data          64  main.o(.bss)
    myLoRa                                   0x200001e2   Data          15  main.o(.bss)
    myNode                                   0x2000022d   Data          14  main.o(.bss)
    __libspace_start                         0x20004704   Data          96  libspace.o(.bss)
    __temporary_stack_top$libspace           0x20004764   Data           0  libspace.o(.bss)



==============================================================================

Memory Map of the image

  Image Entry point : 0x080000ed

  Load Region LR_IROM1 (Base: 0x08000000, Size: 0x00004844, Max: 0x00010000, ABSOLUTE)

    Execution Region ER_IROM1 (Exec base: 0x08000000, Load base: 0x08000000, Size: 0x000047d0, Max: 0x00010000, ABSOLUTE)

    Exec Addr    Load Addr    Size         Type   Attr      Idx    E Section Name        Object

    0x08000000   0x08000000   0x000000ec   Data   RO          197    RESET               startup_stm32f10x_md.o
    0x080000ec   0x080000ec   0x00000008   Code   RO          296  * !!!main             c_w.l(__main.o)
    0x080000f4   0x080000f4   0x00000034   Code   RO          494    !!!scatter          c_w.l(__scatter.o)
    0x08000128   0x08000128   0x0000001a   Code   RO          495    !!handler_copy      c_w.l(__scatter_copy.o)
    0x08000142   0x08000142   0x00000002   PAD
    0x08000144   0x08000144   0x0000001c   Code   RO          496    !!handler_zi        c_w.l(__scatter_zi.o)
    0x08000160   0x08000160   0x00000000   Code   RO          285    .ARM.Collect$$_printf_percent$$00000000  c_w.l(_printf_percent.o)
    0x08000160   0x08000160   0x00000006   Code   RO          284    .ARM.Collect$$_printf_percent$$00000003  c_w.l(_printf_f.o)
    0x08000166   0x08000166   0x00000006   Code   RO          281    .ARM.Collect$$_printf_percent$$00000008  c_w.l(_printf_i.o)
    0x0800016c   0x0800016c   0x00000006   Code   RO          282    .ARM.Collect$$_printf_percent$$00000009  c_w.l(_printf_d.o)
    0x08000172   0x08000172   0x00000006   Code   RO          283    .ARM.Collect$$_printf_percent$$0000000A  c_w.l(_printf_u.o)
    0x08000178   0x08000178   0x00000006   Code   RO          280    .ARM.Collect$$_printf_percent$$0000000B  c_w.l(_printf_o.o)
    0x0800017e   0x0800017e   0x00000006   Code   RO          279    .ARM.Collect$$_printf_percent$$0000000C  c_w.l(_printf_x.o)
    0x08000184   0x08000184   0x0000000a   Code   RO          322    .ARM.Collect$$_printf_percent$$00000012  c_w.l(_printf_l.o)
    0x0800018e   0x0800018e   0x00000006   Code   RO          278    .ARM.Collect$$_printf_percent$$00000013  c_w.l(_printf_c.o)
    0x08000194   0x08000194   0x00000006   Code   RO          286    .ARM.Collect$$_printf_percent$$00000015  c_w.l(_printf_lc.o)
    0x0800019a   0x0800019a   0x00000004   Code   RO          321    .ARM.Collect$$_printf_percent$$00000017  c_w.l(_printf_percent_end.o)
    0x0800019e   0x0800019e   0x00000002   Code   RO          444    .ARM.Collect$$libinit$$00000000  c_w.l(libinit.o)
    0x080001a0   0x080001a0   0x00000000   Code   RO          383    .ARM.Collect$$libinit$$00000002  c_w.l(libinit2.o)
    0x080001a0   0x080001a0   0x00000000   Code   RO          385    .ARM.Collect$$libinit$$00000004  c_w.l(libinit2.o)
    0x080001a0   0x080001a0   0x00000008   Code   RO          386    .ARM.Collect$$libinit$$00000005  c_w.l(libinit2.o)
    0x080001a8   0x080001a8   0x00000000   Code   RO          388    .ARM.Collect$$libinit$$0000000A  c_w.l(libinit2.o)
    0x080001a8   0x080001a8   0x00000000   Code   RO          390    .ARM.Collect$$libinit$$0000000C  c_w.l(libinit2.o)
    0x080001a8   0x080001a8   0x00000000   Code   RO          392    .ARM.Collect$$libinit$$0000000E  c_w.l(libinit2.o)
    0x080001a8   0x080001a8   0x00000006   Code   RO          393    .ARM.Collect$$libinit$$0000000F  c_w.l(libinit2.o)
    0x080001ae   0x080001ae   0x00000000   Code   RO          395    .ARM.Collect$$libinit$$00000011  c_w.l(libinit2.o)
    0x080001ae   0x080001ae   0x0000000c   Code   RO          396    .ARM.Collect$$libinit$$00000012  c_w.l(libinit2.o)
    0x080001ba   0x080001ba   0x00000000   Code   RO          397    .ARM.Collect$$libinit$$00000013  c_w.l(libinit2.o)
    0x080001ba   0x080001ba   0x00000000   Code   RO          399    .ARM.Collect$$libinit$$00000015  c_w.l(libinit2.o)
    0x080001ba   0x080001ba   0x0000000a   Code   RO          400    .ARM.Collect$$libinit$$00000016  c_w.l(libinit2.o)
    0x080001c4   0x080001c4   0x00000000   Code   RO          401    .ARM.Collect$$libinit$$00000017  c_w.l(libinit2.o)
    0x080001c4   0x080001c4   0x00000000   Code   RO          403    .ARM.Collect$$libinit$$00000019  c_w.l(libinit2.o)
    0x080001c4   0x080001c4   0x00000000   Code   RO          405    .ARM.Collect$$libinit$$0000001B  c_w.l(libinit2.o)
    0x080001c4   0x080001c4   0x00000000   Code   RO          407    .ARM.Collect$$libinit$$0000001D  c_w.l(libinit2.o)
    0x080001c4   0x080001c4   0x00000000   Code   RO          409    .ARM.Collect$$libinit$$0000001F  c_w.l(libinit2.o)
    0x080001c4   0x080001c4   0x00000000   Code   RO          411    .ARM.Collect$$libinit$$00000021  c_w.l(libinit2.o)
    0x080001c4   0x080001c4   0x00000000   Code   RO          413    .ARM.Collect$$libinit$$00000023  c_w.l(libinit2.o)
    0x080001c4   0x080001c4   0x00000000   Code   RO          415    .ARM.Collect$$libinit$$00000025  c_w.l(libinit2.o)
    0x080001c4   0x080001c4   0x00000000   Code   RO          419    .ARM.Collect$$libinit$$0000002C  c_w.l(libinit2.o)
    0x080001c4   0x080001c4   0x00000000   Code   RO          421    .ARM.Collect$$libinit$$0000002E  c_w.l(libinit2.o)
    0x080001c4   0x080001c4   0x00000000   Code   RO          423    .ARM.Collect$$libinit$$00000030  c_w.l(libinit2.o)
    0x080001c4   0x080001c4   0x00000000   Code   RO          425    .ARM.Collect$$libinit$$00000032  c_w.l(libinit2.o)
    0x080001c4   0x080001c4   0x00000002   Code   RO          426    .ARM.Collect$$libinit$$00000033  c_w.l(libinit2.o)
    0x080001c6   0x080001c6   0x00000002   Code   RO          491    .ARM.Collect$$libshutdown$$00000000  c_w.l(libshutdown.o)
    0x080001c8   0x080001c8   0x00000000   Code   RO          458    .ARM.Collect$$libshutdown$$00000002  c_w.l(libshutdown2.o)
    0x080001c8   0x080001c8   0x00000000   Code   RO          460    .ARM.Collect$$libshutdown$$00000004  c_w.l(libshutdown2.o)
    0x080001c8   0x080001c8   0x00000000   Code   RO          463    .ARM.Collect$$libshutdown$$00000007  c_w.l(libshutdown2.o)
    0x080001c8   0x080001c8   0x00000000   Code   RO          466    .ARM.Collect$$libshutdown$$0000000A  c_w.l(libshutdown2.o)
    0x080001c8   0x080001c8   0x00000000   Code   RO          468    .ARM.Collect$$libshutdown$$0000000C  c_w.l(libshutdown2.o)
    0x080001c8   0x080001c8   0x00000000   Code   RO          471    .ARM.Collect$$libshutdown$$0000000F  c_w.l(libshutdown2.o)
    0x080001c8   0x080001c8   0x00000002   Code   RO          472    .ARM.Collect$$libshutdown$$00000010  c_w.l(libshutdown2.o)
    0x080001ca   0x080001ca   0x00000000   Code   RO          300    .ARM.Collect$$rtentry$$00000000  c_w.l(__rtentry.o)
    0x080001ca   0x080001ca   0x00000000   Code   RO          333    .ARM.Collect$$rtentry$$00000002  c_w.l(__rtentry2.o)
    0x080001ca   0x080001ca   0x00000006   Code   RO          345    .ARM.Collect$$rtentry$$00000004  c_w.l(__rtentry4.o)
    0x080001d0   0x080001d0   0x00000000   Code   RO          335    .ARM.Collect$$rtentry$$00000009  c_w.l(__rtentry2.o)
    0x080001d0   0x080001d0   0x00000004   Code   RO          336    .ARM.Collect$$rtentry$$0000000A  c_w.l(__rtentry2.o)
    0x080001d4   0x080001d4   0x00000000   Code   RO          338    .ARM.Collect$$rtentry$$0000000C  c_w.l(__rtentry2.o)
    0x080001d4   0x080001d4   0x00000008   Code   RO          339    .ARM.Collect$$rtentry$$0000000D  c_w.l(__rtentry2.o)
    0x080001dc   0x080001dc   0x00000002   Code   RO          449    .ARM.Collect$$rtexit$$00000000  c_w.l(rtexit.o)
    0x080001de   0x080001de   0x00000000   Code   RO          475    .ARM.Collect$$rtexit$$00000002  c_w.l(rtexit2.o)
    0x080001de   0x080001de   0x00000004   Code   RO          476    .ARM.Collect$$rtexit$$00000003  c_w.l(rtexit2.o)
    0x080001e2   0x080001e2   0x00000006   Code   RO          477    .ARM.Collect$$rtexit$$00000004  c_w.l(rtexit2.o)
    0x080001e8   0x080001e8   0x000000a2   Code   RO          178    .emb_text           port.o
    0x0800028a   0x0800028a   0x00000002   PAD
    0x0800028c   0x0800028c   0x00000000   Code   RO          351    .emb_text           c_w.l(maybetermalloc1.o)
    0x0800028c   0x0800028c   0x00000040   Code   RO          198    .text               startup_stm32f10x_md.o
    0x080002cc   0x080002cc   0x00000028   Code   RO          210    .text               c_w.l(calloc.o)
    0x080002f4   0x080002f4   0x0000004e   Code   RO          211    .text               c_w.l(h1_free.o)
    0x08000342   0x08000342   0x00000002   PAD
    0x08000344   0x08000344   0x00000028   Code   RO          240    .text               c_w.l(noretval__2sprintf.o)
    0x0800036c   0x0800036c   0x0000004e   Code   RO          242    .text               c_w.l(_printf_pad.o)
    0x080003ba   0x080003ba   0x00000024   Code   RO          243    .text               c_w.l(_printf_truncate.o)
    0x080003de   0x080003de   0x00000052   Code   RO          244    .text               c_w.l(_printf_str.o)
    0x08000430   0x08000430   0x00000078   Code   RO          245    .text               c_w.l(_printf_dec.o)
    0x080004a8   0x080004a8   0x000000bc   Code   RO          246    .text               c_w.l(_printf_wctomb.o)
    0x08000564   0x08000564   0x00000050   Code   RO          249    .text               c_w.l(_printf_oct_int.o)
    0x080005b4   0x080005b4   0x00000058   Code   RO          253    .text               c_w.l(_printf_hex_int.o)
    0x0800060c   0x0800060c   0x00000188   Code   RO          276    .text               c_w.l(__printf_flags_ss_wp.o)
    0x08000794   0x08000794   0x0000003c   Code   RO          287    .text               c_w.l(__0sscanf.o)
    0x080007d0   0x080007d0   0x0000014c   Code   RO          288    .text               c_w.l(_scanf_int.o)
    0x0800091c   0x0800091c   0x0000003e   Code   RO          289    .text               c_w.l(strlen.o)
    0x0800095a   0x0800095a   0x0000008a   Code   RO          290    .text               c_w.l(rt_memcpy_v6.o)
    0x080009e4   0x080009e4   0x00000064   Code   RO          291    .text               c_w.l(rt_memcpy_w.o)
    0x08000a48   0x08000a48   0x00000044   Code   RO          292    .text               c_w.l(rt_memclr.o)
    0x08000a8c   0x08000a8c   0x0000004e   Code   RO          293    .text               c_w.l(rt_memclr_w.o)
    0x08000ada   0x08000ada   0x00000056   Code   RO          294    .text               c_w.l(strncpy.o)
    0x08000b30   0x08000b30   0x00000006   Code   RO          295    .text               c_w.l(heapauxi.o)
    0x08000b36   0x08000b36   0x00000002   PAD
    0x08000b38   0x08000b38   0x00000008   Code   RO          303    .text               c_w.l(rt_heap_descriptor_intlibspace.o)
    0x08000b40   0x08000b40   0x00000004   Code   RO          304    .text               c_w.l(hguard.o)
    0x08000b44   0x08000b44   0x0000008a   Code   RO          305    .text               c_w.l(init_alloc.o)
    0x08000bce   0x08000bce   0x0000005e   Code   RO          308    .text               c_w.l(h1_alloc.o)
    0x08000c2c   0x08000c2c   0x000000b2   Code   RO          315    .text               c_w.l(_printf_intcommon.o)
    0x08000cde   0x08000cde   0x0000041e   Code   RO          316    .text               c_w.l(_printf_fp_dec.o)
    0x080010fc   0x080010fc   0x00000030   Code   RO          317    .text               c_w.l(_printf_char_common.o)
    0x0800112c   0x0800112c   0x0000000a   Code   RO          318    .text               c_w.l(_sputc.o)
    0x08001136   0x08001136   0x0000002c   Code   RO          319    .text               c_w.l(_printf_char.o)
    0x08001162   0x08001162   0x0000002c   Code   RO          320    .text               c_w.l(_printf_wchar.o)
    0x0800118e   0x0800118e   0x0000001c   Code   RO          323    .text               c_w.l(_chval.o)
    0x080011aa   0x080011aa   0x00000002   PAD
    0x080011ac   0x080011ac   0x0000002c   Code   RO          324    .text               c_w.l(scanf_char.o)
    0x080011d8   0x080011d8   0x00000040   Code   RO          325    .text               c_w.l(_sgetc.o)
    0x08001218   0x08001218   0x00000040   Code   RO          326    .text               c_w.l(_wcrtomb.o)
    0x08001258   0x08001258   0x00000008   Code   RO          330    .text               c_w.l(libspace.o)
    0x08001260   0x08001260   0x00000010   Code   RO          347    .text               c_w.l(rt_ctype_table.o)
    0x08001270   0x08001270   0x00000008   Code   RO          350    .text               c_w.l(rt_locale_intlibspace.o)
    0x08001278   0x08001278   0x0000000e   Code   RO          353    .text               c_w.l(h1_init.o)
    0x08001286   0x08001286   0x00000034   Code   RO          354    .text               c_w.l(h1_extend.o)
    0x080012ba   0x080012ba   0x0000008a   Code   RO          357    .text               c_w.l(lludiv10.o)
    0x08001344   0x08001344   0x00000012   Code   RO          358    .text               c_w.l(isspace.o)
    0x08001356   0x08001356   0x00000002   PAD
    0x08001358   0x08001358   0x00000080   Code   RO          359    .text               c_w.l(_printf_fp_infnan.o)
    0x080013d8   0x080013d8   0x00000374   Code   RO          361    .text               c_w.l(_scanf.o)
    0x0800174c   0x0800174c   0x000000e4   Code   RO          362    .text               c_w.l(bigflt0.o)
    0x08001830   0x08001830   0x0000000e   Code   RO          377    .text               c_w.l(defsig_rtmem_outer.o)
    0x0800183e   0x0800183e   0x0000004a   Code   RO          430    .text               c_w.l(sys_stackheap_outer.o)
    0x08001888   0x08001888   0x00000012   Code   RO          436    .text               c_w.l(exit.o)
    0x0800189a   0x0800189a   0x0000000a   Code   RO          437    .text               c_w.l(defsig_exit.o)
    0x080018a4   0x080018a4   0x00000050   Code   RO          438    .text               c_w.l(defsig_rtmem_inner.o)
    0x080018f4   0x080018f4   0x00000080   Code   RO          439    .text               c_w.l(strcmpv7m.o)
    0x08001974   0x08001974   0x0000000c   Code   RO          446    .text               c_w.l(sys_exit.o)
    0x08001980   0x08001980   0x00000002   Code   RO          447    .text               c_w.l(use_no_semi.o)
    0x08001982   0x08001982   0x00000000   Code   RO          448    .text               c_w.l(indicate_semi.o)
    0x08001982   0x08001982   0x00000032   Code   RO          454    .text               c_w.l(defsig_general.o)
    0x080019b4   0x080019b4   0x0000000e   Code   RO          473    .text               c_w.l(sys_wrch.o)
    0x080019c2   0x080019c2   0x0000003e   Code   RO          364    CL$$btod_d2e        c_w.l(btod.o)
    0x08001a00   0x08001a00   0x00000046   Code   RO          366    CL$$btod_d2e_denorm_low  c_w.l(btod.o)
    0x08001a46   0x08001a46   0x00000060   Code   RO          365    CL$$btod_d2e_norm_op1  c_w.l(btod.o)
    0x08001aa6   0x08001aa6   0x00000338   Code   RO          374    CL$$btod_div_common  c_w.l(btod.o)
    0x08001dde   0x08001dde   0x000000dc   Code   RO          371    CL$$btod_e2e        c_w.l(btod.o)
    0x08001eba   0x08001eba   0x0000002a   Code   RO          368    CL$$btod_ediv       c_w.l(btod.o)
    0x08001ee4   0x08001ee4   0x0000002a   Code   RO          367    CL$$btod_emul       c_w.l(btod.o)
    0x08001f0e   0x08001f0e   0x00000244   Code   RO          373    CL$$btod_mult_common  c_w.l(btod.o)
    0x08002152   0x08002152   0x00000002   PAD
    0x08002154   0x08002154   0x00000040   Code   RO           80    i.EXTI2_IRQHandler  main.o
    0x08002194   0x08002194   0x00000040   Code   RO           27    i.LoRa_BurstWrite   lora.o
    0x080021d4   0x080021d4   0x00000076   Code   RO           29    i.LoRa_gotoMode     lora.o
    0x0800224a   0x0800224a   0x00000002   PAD
    0x0800224c   0x0800224c   0x000001e0   Code   RO           30    i.LoRa_init         lora.o
    0x0800242c   0x0800242c   0x00000006   Code   RO           31    i.LoRa_isvalid      lora.o
    0x08002432   0x08002432   0x00000016   Code   RO           32    i.LoRa_read         lora.o
    0x08002448   0x08002448   0x0000003c   Code   RO           33    i.LoRa_readReg      lora.o
    0x08002484   0x08002484   0x0000007a   Code   RO           34    i.LoRa_receive      lora.o
    0x080024fe   0x080024fe   0x0000003e   Code   RO           35    i.LoRa_setFrequency  lora.o
    0x0800253c   0x0800253c   0x00000048   Code   RO           36    i.LoRa_setOCP       lora.o
    0x08002584   0x08002584   0x00000014   Code   RO           37    i.LoRa_setPower     lora.o
    0x08002598   0x08002598   0x00000036   Code   RO           38    i.LoRa_setSpreadingFactor  lora.o
    0x080025ce   0x080025ce   0x0000001e   Code   RO           39    i.LoRa_setTOMsb_setCRCon  lora.o
    0x080025ec   0x080025ec   0x0000000e   Code   RO           40    i.LoRa_startReceiving  lora.o
    0x080025fa   0x080025fa   0x00000082   Code   RO           41    i.LoRa_transmit     lora.o
    0x0800267c   0x0800267c   0x00000014   Code   RO           42    i.LoRa_write        lora.o
    0x08002690   0x08002690   0x00000038   Code   RO           43    i.LoRa_writeReg     lora.o
    0x080026c8   0x080026c8   0x0000002c   Code   RO           44    i.Lora_Reset        lora.o
    0x080026f4   0x080026f4   0x00000008   Code   RO          202    i.SetSysClock       system_stm32f10x.o
    0x080026fc   0x080026fc   0x000000e0   Code   RO          203    i.SetSysClockTo72   system_stm32f10x.o
    0x080027dc   0x080027dc   0x00000020   Code   RO          179    i.SysTick_Handler   port.o
    0x080027fc   0x080027fc   0x00000060   Code   RO          205    i.SystemInit        system_stm32f10x.o
    0x0800285c   0x0800285c   0x00000044   Code   RO           96    i.Timer_Config      delay.o
    0x080028a0   0x080028a0   0x00000028   Code   RO          428    i.__ARM_fpclassify  m_ws.l(fpclassify.o)
    0x080028c8   0x080028c8   0x0000000e   Code   RO          272    i._is_digit         c_w.l(__printf_wp.o)
    0x080028d6   0x080028d6   0x00000002   PAD
    0x080028d8   0x080028d8   0x00000084   Code   RO            4    i.adc_init          adc.o
    0x0800295c   0x0800295c   0x00000064   Code   RO           49    i.add_packet_to_queue  mesh.o
    0x080029c0   0x080029c0   0x00000012   Code   RO           13    i.clear_lcd         lcd.o
    0x080029d2   0x080029d2   0x00000002   PAD
    0x080029d4   0x080029d4   0x00000084   Code   RO           81    i.dataHandling      main.o
    0x08002a58   0x08002a58   0x00000028   Code   RO           97    i.delay_init        delay.o
    0x08002a80   0x08002a80   0x00000018   Code   RO           98    i.delay_ms          delay.o
    0x08002a98   0x08002a98   0x00000020   Code   RO           99    i.delay_us          delay.o
    0x08002ab8   0x08002ab8   0x00000048   Code   RO           50    i.delete_packet_from_queue  mesh.o
    0x08002b00   0x08002b00   0x00000068   Code   RO           51    i.format_pkt        mesh.o
    0x08002b68   0x08002b68   0x0000001c   Code   RO           22    i.getDutyCycle_Auto  light_control.o
    0x08002b84   0x08002b84   0x0000032c   Code   RO           23    i.getDutyCycle_Manual  light_control.o
    0x08002eb0   0x08002eb0   0x00000010   Code   RO           91    i.get_motion_sensor_value  motion.o
    0x08002ec0   0x08002ec0   0x00000328   Code   RO           52    i.handler_rx_data   mesh.o
    0x080031e8   0x080031e8   0x0000001a   Code   RO           15    i.lcd_display       lcd.o
    0x08003202   0x08003202   0x0000002a   Code   RO           16    i.lcd_goto_xy       lcd.o
    0x0800322c   0x0800322c   0x00000118   Code   RO           17    i.lcd_init          lcd.o
    0x08003344   0x08003344   0x0000007c   Code   RO           18    i.lcd_io_init       lcd.o
    0x080033c0   0x080033c0   0x00000028   Code   RO           19    i.lcd_set_pin_value  lcd.o
    0x080033e8   0x080033e8   0x00000034   Code   RO            5    i.location          adc.o
    0x0800341c   0x0800341c   0x00000134   Code   RO           82    i.main              main.o
    0x08003550   0x08003550   0x000000f8   Code   RO           83    i.mainThread        main.o
    0x08003648   0x08003648   0x000000c0   Code   RO           53    i.mesh_send_pkt     mesh.o
    0x08003708   0x08003708   0x00000038   Code   RO           92    i.motion_sensor_PC13_init  motion.o
    0x08003740   0x08003740   0x00000038   Code   RO           45    i.newLora           lora.o
    0x08003778   0x08003778   0x00000020   Code   RO           75    i.ping_to_wdt       watchdog.o
    0x08003798   0x08003798   0x00000054   Code   RO          134    i.prvAddCurrentTaskToDelayedList  tasks.o
    0x080037ec   0x080037ec   0x00000036   Code   RO          135    i.prvAllocateTCBAndStack  tasks.o
    0x08003822   0x08003822   0x00000002   PAD
    0x08003824   0x08003824   0x00000064   Code   RO          136    i.prvCheckTasksWaitingTermination  tasks.o
    0x08003888   0x08003888   0x00000012   Code   RO          137    i.prvDeleteTCB      tasks.o
    0x0800389a   0x0800389a   0x00000002   PAD
    0x0800389c   0x0800389c   0x00000018   Code   RO          138    i.prvIdleTask       tasks.o
    0x080038b4   0x080038b4   0x0000005c   Code   RO          139    i.prvInitialiseTCBVariables  tasks.o
    0x08003910   0x08003910   0x00000068   Code   RO          140    i.prvInitialiseTaskLists  tasks.o
    0x08003978   0x08003978   0x00000034   Code   RO          141    i.prvResetNextTaskUnblockTime  tasks.o
    0x080039ac   0x080039ac   0x00000008   Code   RO          180    i.prvTaskExitError  port.o
    0x080039b4   0x080039b4   0x00000070   Code   RO          189    i.pvPortMalloc      heap_1.o
    0x08003a24   0x08003a24   0x00000026   Code   RO           59    i.pwm_ctl           pwm.o
    0x08003a4a   0x08003a4a   0x00000002   PAD
    0x08003a4c   0x08003a4c   0x00000070   Code   RO           60    i.pwm_init          pwm.o
    0x08003abc   0x08003abc   0x00000018   Code   RO           61    i.pwm_setDutyCycle  pwm.o
    0x08003ad4   0x08003ad4   0x00000014   Code   RO           62    i.pwm_setFrequency  pwm.o
    0x08003ae8   0x08003ae8   0x00000020   Code   RO          181    i.pxPortInitialiseStack  port.o
    0x08003b08   0x08003b08   0x0000004c   Code   RO            6    i.read_adc          adc.o
    0x08003b54   0x08003b54   0x0000002c   Code   RO            7    i.relocation        adc.o
    0x08003b80   0x08003b80   0x00000048   Code   RO           84    i.sendData          main.o
    0x08003bc8   0x08003bc8   0x000000f8   Code   RO           20    i.send_to_lcd       lcd.o
    0x08003cc0   0x08003cc0   0x0000004c   Code   RO            8    i.set_channel       adc.o
    0x08003d0c   0x08003d0c   0x00000118   Code   RO           66    i.spi_master_init   spi_driver.o
    0x08003e24   0x08003e24   0x00000028   Code   RO           67    i.spi_receive       spi_driver.o
    0x08003e4c   0x08003e4c   0x0000001a   Code   RO           69    i.spi_send_buffer_soft  spi_driver.o
    0x08003e66   0x08003e66   0x00000002   PAD
    0x08003e68   0x08003e68   0x00000028   Code   RO           70    i.spi_send_data     spi_driver.o
    0x08003e90   0x08003e90   0x00000038   Code   RO            9    i.start_adc_conversion  adc.o
    0x08003ec8   0x08003ec8   0x00000028   Code   RO          110    i.uxListRemove      list.o
    0x08003ef0   0x08003ef0   0x0000001a   Code   RO          111    i.vListInitialise   list.o
    0x08003f0a   0x08003f0a   0x00000006   Code   RO          112    i.vListInitialiseItem  list.o
    0x08003f10   0x08003f10   0x00000034   Code   RO          113    i.vListInsert       list.o
    0x08003f44   0x08003f44   0x00000018   Code   RO          114    i.vListInsertEnd    list.o
    0x08003f5c   0x08003f5c   0x00000020   Code   RO          183    i.vPortEnterCritical  port.o
    0x08003f7c   0x08003f7c   0x00000020   Code   RO          184    i.vPortExitCritical  port.o
    0x08003f9c   0x08003f9c   0x00000002   Code   RO          190    i.vPortFree         heap_1.o
    0x08003f9e   0x08003f9e   0x00000002   PAD
    0x08003fa0   0x08003fa0   0x00000014   Code   RO          185    i.vPortSetupTimerInterrupt  port.o
    0x08003fb4   0x08003fb4   0x00000018   Code   RO          186    i.vPortYield        port.o
    0x08003fcc   0x08003fcc   0x00000054   Code   RO          148    i.vTaskDelay        tasks.o
    0x08004020   0x08004020   0x00000054   Code   RO          159    i.vTaskStartScheduler  tasks.o
    0x08004074   0x08004074   0x00000010   Code   RO          161    i.vTaskSuspendAll   tasks.o
    0x08004084   0x08004084   0x00000060   Code   RO          162    i.vTaskSwitchContext  tasks.o
    0x080040e4   0x080040e4   0x0000004c   Code   RO           76    i.watchdog_init     watchdog.o
    0x08004130   0x08004130   0x00000034   Code   RO          187    i.xPortStartScheduler  port.o
    0x08004164   0x08004164   0x000000fc   Code   RO          164    i.xTaskGenericCreate  tasks.o
    0x08004260   0x08004260   0x00000120   Code   RO          169    i.xTaskIncrementTick  tasks.o
    0x08004380   0x08004380   0x000000dc   Code   RO          174    i.xTaskResumeAll    tasks.o
    0x0800445c   0x0800445c   0x0000002c   Code   RO          376    locale$$code        c_w.l(lc_numeric_c.o)
    0x08004488   0x08004488   0x0000002c   Code   RO          435    locale$$code        c_w.l(lc_ctype_c.o)
    0x080044b4   0x080044b4   0x0000000c   Code   RO          327    x$fpl$dretinf       fz_ws.l(dretinf.o)
    0x080044c0   0x080044c0   0x00000056   Code   RO          297    x$fpl$f2d           fz_ws.l(f2d.o)
    0x08004516   0x08004516   0x0000008c   Code   RO          328    x$fpl$fnaninf       fz_ws.l(fnaninf.o)
    0x080045a2   0x080045a2   0x00000004   Code   RO          298    x$fpl$printf1       fz_ws.l(printf1.o)
    0x080045a6   0x080045a6   0x00000000   Code   RO          329    x$fpl$usenofp       fz_ws.l(usenofp.o)
    0x080045a6   0x080045a6   0x00000002   PAD
    0x080045a8   0x080045a8   0x00000004   Data   RO           86    .constdata          main.o
    0x080045ac   0x080045ac   0x00000008   Data   RO          247    .constdata          c_w.l(_printf_wctomb.o)
    0x080045b4   0x080045b4   0x00000028   Data   RO          254    .constdata          c_w.l(_printf_hex_int.o)
    0x080045dc   0x080045dc   0x00000011   Data   RO          277    .constdata          c_w.l(__printf_flags_ss_wp.o)
    0x080045ed   0x080045ed   0x00000003   PAD
    0x080045f0   0x080045f0   0x00000094   Data   RO          363    .constdata          c_w.l(bigflt0.o)
    0x08004684   0x08004684   0x00000020   Data   RO          492    Region$$Table       anon$$obj.o
    0x080046a4   0x080046a4   0x0000001c   Data   RO          375    locale$$data        c_w.l(lc_numeric_c.o)
    0x080046c0   0x080046c0   0x00000110   Data   RO          434    locale$$data        c_w.l(lc_ctype_c.o)


    Execution Region RW_IRAM1 (Exec base: 0x20000000, Load base: 0x080047d0, Size: 0x00004d68, Max: 0x00005000, ABSOLUTE)

    Exec Addr    Load Addr    Size         Type   Attr      Idx    E Section Name        Object

    0x20000000   0x080047d0   0x00000004   Data   RW           21    .data               lcd.o
    0x20000004   0x080047d4   0x00000014   Data   RW           55    .data               mesh.o
    0x20000018   0x080047e8   0x00000001   Data   RW           87    .data               main.o
    0x20000019   0x080047e9   0x00000003   PAD
    0x2000001c   0x080047ec   0x00000038   Data   RW          177    .data               tasks.o
    0x20000054   0x08004824   0x00000004   Data   RW          188    .data               port.o
    0x20000058   0x08004828   0x00000008   Data   RW          194    .data               heap_1.o
    0x20000060   0x08004830   0x00000014   Data   RW          206    .data               system_stm32f10x.o
    0x20000074        -       0x000000f0   Zero   RW           54    .bss                mesh.o
    0x20000164        -       0x000000d7   Zero   RW           85    .bss                main.o
    0x2000023b   0x08004844   0x00000001   PAD
    0x2000023c        -       0x000000c8   Zero   RW          176    .bss                tasks.o
    0x20000304        -       0x00004400   Zero   RW          193    .bss                heap_1.o
    0x20004704        -       0x00000060   Zero   RW          331    .bss                c_w.l(libspace.o)
    0x20004764   0x08004844   0x00000004   PAD
    0x20004768        -       0x00000200   Zero   RW          196    HEAP                startup_stm32f10x_md.o
    0x20004968        -       0x00000400   Zero   RW          195    STACK               startup_stm32f10x_md.o


==============================================================================

Image component sizes


      Code (inc. data)   RO Data    RW Data    ZI Data      Debug   Object Name

       436         42          0          0          0          0   adc.o
       164         20          0          0          0          0   delay.o
       114         14          0          8      17408          0   heap_1.o
       778         24          0          4          0          0   lcd.o
       840          4          0          0          0          0   light_control.o
       148          0          0          0          0          0   list.o
      1430         54          0          0          0          0   lora.o
       824        184          4          1        215          0   main.o
      1276        136          0         20        240          0   mesh.o
        72         16          0          0          0          0   motion.o
       394         56          0          4          0          0   port.o
       194         12          0          0          0          0   pwm.o
       386         24          0          0          0          0   spi_driver.o
        64         26        236          0       1536          0   startup_stm32f10x_md.o
       328         28          0         20          0          0   system_stm32f10x.o
      1568        252          0         56        200          0   tasks.o
       108         14          0          0          0          0   watchdog.o

    ----------------------------------------------------------------------
      9140        906        272        116      19600          0   Object Totals
         0          0         32          0          0          0   (incl. Generated)
        16          0          0          3          1          0   (incl. Padding)

    ----------------------------------------------------------------------

      Code (inc. data)   RO Data    RW Data    ZI Data      Debug   Library Member Name

        60          8          0          0          0          0   __0sscanf.o
         8          0          0          0          0          0   __main.o
       392          4         17          0          0          0   __printf_flags_ss_wp.o
        14          0          0          0          0          0   __printf_wp.o
         0          0          0          0          0          0   __rtentry.o
        12          0          0          0          0          0   __rtentry2.o
         6          0          0          0          0          0   __rtentry4.o
        52          8          0          0          0          0   __scatter.o
        26          0          0          0          0          0   __scatter_copy.o
        28          0          0          0          0          0   __scatter_zi.o
        28          0          0          0          0          0   _chval.o
         6          0          0          0          0          0   _printf_c.o
        44          0          0          0          0          0   _printf_char.o
        48          6          0          0          0          0   _printf_char_common.o
         6          0          0          0          0          0   _printf_d.o
       120         16          0          0          0          0   _printf_dec.o
         6          0          0          0          0          0   _printf_f.o
      1054          0          0          0          0          0   _printf_fp_dec.o
       128         16          0          0          0          0   _printf_fp_infnan.o
        88          4         40          0          0          0   _printf_hex_int.o
         6          0          0          0          0          0   _printf_i.o
       178          0          0          0          0          0   _printf_intcommon.o
        10          0          0          0          0          0   _printf_l.o
         6          0          0          0          0          0   _printf_lc.o
         6          0          0          0          0          0   _printf_o.o
        80          8          0          0          0          0   _printf_oct_int.o
        78          0          0          0          0          0   _printf_pad.o
         0          0          0          0          0          0   _printf_percent.o
         4          0          0          0          0          0   _printf_percent_end.o
        82          0          0          0          0          0   _printf_str.o
        36          0          0          0          0          0   _printf_truncate.o
         6          0          0          0          0          0   _printf_u.o
        44          0          0          0          0          0   _printf_wchar.o
       188          6          8          0          0          0   _printf_wctomb.o
         6          0          0          0          0          0   _printf_x.o
       884          6          0          0          0          0   _scanf.o
       332          0          0          0          0          0   _scanf_int.o
        64          0          0          0          0          0   _sgetc.o
        10          0          0          0          0          0   _sputc.o
        64          0          0          0          0          0   _wcrtomb.o
       228          4        148          0          0          0   bigflt0.o
      1936        128          0          0          0          0   btod.o
        40          0          0          0          0          0   calloc.o
        10          0          0          0          0          0   defsig_exit.o
        50          0          0          0          0          0   defsig_general.o
        80         58          0          0          0          0   defsig_rtmem_inner.o
        14          0          0          0          0          0   defsig_rtmem_outer.o
        18          0          0          0          0          0   exit.o
        94          0          0          0          0          0   h1_alloc.o
        52          0          0          0          0          0   h1_extend.o
        78          0          0          0          0          0   h1_free.o
        14          0          0          0          0          0   h1_init.o
         6          0          0          0          0          0   heapauxi.o
         4          0          0          0          0          0   hguard.o
         0          0          0          0          0          0   indicate_semi.o
       138          0          0          0          0          0   init_alloc.o
        18          0          0          0          0          0   isspace.o
        44         10        272          0          0          0   lc_ctype_c.o
        44         10         28          0          0          0   lc_numeric_c.o
         2          0          0          0          0          0   libinit.o
        38          0          0          0          0          0   libinit2.o
         2          0          0          0          0          0   libshutdown.o
         2          0          0          0          0          0   libshutdown2.o
         8          4          0          0         96          0   libspace.o
       138          0          0          0          0          0   lludiv10.o
         0          0          0          0          0          0   maybetermalloc1.o
        40          6          0          0          0          0   noretval__2sprintf.o
        16          4          0          0          0          0   rt_ctype_table.o
         8          4          0          0          0          0   rt_heap_descriptor_intlibspace.o
         8          4          0          0          0          0   rt_locale_intlibspace.o
        68          0          0          0          0          0   rt_memclr.o
        78          0          0          0          0          0   rt_memclr_w.o
       138          0          0          0          0          0   rt_memcpy_v6.o
       100          0          0          0          0          0   rt_memcpy_w.o
         2          0          0          0          0          0   rtexit.o
        10          0          0          0          0          0   rtexit2.o
        44          8          0          0          0          0   scanf_char.o
       128          0          0          0          0          0   strcmpv7m.o
        62          0          0          0          0          0   strlen.o
        86          0          0          0          0          0   strncpy.o
        12          4          0          0          0          0   sys_exit.o
        74          0          0          0          0          0   sys_stackheap_outer.o
        14          0          0          0          0          0   sys_wrch.o
         2          0          0          0          0          0   use_no_semi.o
        12          0          0          0          0          0   dretinf.o
        86          4          0          0          0          0   f2d.o
       140          4          0          0          0          0   fnaninf.o
         4          0          0          0          0          0   printf1.o
         0          0          0          0          0          0   usenofp.o
        40          0          0          0          0          0   fpclassify.o

    ----------------------------------------------------------------------
      8456        334        516          0        100          0   Library Totals
        16          0          3          0          4          0   (incl. Padding)

    ----------------------------------------------------------------------

      Code (inc. data)   RO Data    RW Data    ZI Data      Debug   Library Name

      8158        326        513          0         96          0   c_w.l
       242          8          0          0          0          0   fz_ws.l
        40          0          0          0          0          0   m_ws.l

    ----------------------------------------------------------------------
      8456        334        516          0        100          0   Library Totals

    ----------------------------------------------------------------------

==============================================================================


      Code (inc. data)   RO Data    RW Data    ZI Data      Debug   

     17596       1240        788        116      19700          0   Grand Totals
     17596       1240        788        116      19700          0   ELF Image Totals
     17596       1240        788        116          0          0   ROM Totals

==============================================================================

    Total RO  Size (Code + RO Data)                18384 (  17.95kB)
    Total RW  Size (RW Data + ZI Data)             19816 (  19.35kB)
    Total ROM Size (Code + RO Data + RW Data)      18500 (  18.07kB)

==============================================================================

